Java HotSpot(TM) 64-Bit Server VM (25.131-b11) for windows-amd64 JRE (1.8.0_131-b11), built on Mar 15 2017 01:23:53 by "java_re" with MS VC++ 10.0 (VS2010)
Memory: 4k page, physical 8291376k(4908396k free), swap 11174960k(7415016k free)
CommandLine flags: -XX:GCLogFileSize=26214400 -XX:+HeapDumpOnOutOfMemoryError -XX:HeapDumpPath=..\logs -XX:InitialHeapSize=268435456 -XX:+ManagementServer -XX:MaxHeapSize=2097152000 -XX:NumberOfGCLogFiles=20 -XX:+PrintGC -XX:+PrintGCDateStamps -XX:+PrintGCDetails -XX:+PrintGCTimeStamps -XX:+UseCompressedClassPointers -XX:+UseCompressedOops -XX:+UseG1GC -XX:+UseGCLogFileRotation -XX:-UseLargePagesIndividualAllocation 
2018-08-21T10:55:25.020+0530: 3.642: [GC pause (G1 Evacuation Pause) (young), 0.0210872 secs]
   [Parallel Time: 18.0 ms, GC Workers: 4]
      [GC Worker Start (ms): Min: 3642.0, Avg: 3642.0, Max: 3642.1, Diff: 0.1]
      [Ext Root Scanning (ms): Min: 0.0, Avg: 1.8, Max: 3.8, Diff: 3.8, Sum: 7.2]
      [Update RS (ms): Min: 0.0, Avg: 0.0, Max: 0.0, Diff: 0.0, Sum: 0.0]
         [Processed Buffers: Min: 0, Avg: 0.0, Max: 0, Diff: 0, Sum: 0]
      [Scan RS (ms): Min: 0.0, Avg: 0.0, Max: 0.0, Diff: 0.0, Sum: 0.1]
      [Code Root Scanning (ms): Min: 0.0, Avg: 0.4, Max: 1.2, Diff: 1.2, Sum: 1.8]
      [Object Copy (ms): Min: 6.8, Avg: 10.5, Max: 13.4, Diff: 6.6, Sum: 42.1]
      [Termination (ms): Min: 0.0, Avg: 0.0, Max: 0.0, Diff: 0.0, Sum: 0.0]
         [Termination Attempts: Min: 1, Avg: 5.0, Max: 8, Diff: 7, Sum: 20]
      [GC Worker Other (ms): Min: 0.1, Avg: 5.1, Max: 11.0, Diff: 11.0, Sum: 20.4]
      [GC Worker Total (ms): Min: 17.9, Avg: 17.9, Max: 17.9, Diff: 0.1, Sum: 71.6]
      [GC Worker End (ms): Min: 3660.0, Avg: 3660.0, Max: 3660.0, Diff: 0.0]
   [Code Root Fixup: 0.4 ms]
   [Code Root Purge: 0.0 ms]
   [Clear CT: 0.1 ms]
   [Other: 2.6 ms]
      [Choose CSet: 0.0 ms]
      [Ref Proc: 2.2 ms]
      [Ref Enq: 0.0 ms]
      [Redirty Cards: 0.1 ms]
      [Humongous Register: 0.0 ms]
      [Humongous Reclaim: 0.0 ms]
      [Free CSet: 0.1 ms]
   [Eden: 14.0M(14.0M)->0.0B(16.0M) Survivors: 0.0B->2048.0K Heap: 14.0M(256.0M)->3689.5K(256.0M)]
 [Times: user=0.02 sys=0.05, real=0.02 secs] 
2018-08-21T10:55:26.129+0530: 4.753: [GC pause (G1 Evacuation Pause) (young), 0.0154781 secs]
   [Parallel Time: 12.7 ms, GC Workers: 4]
      [GC Worker Start (ms): Min: 4753.1, Avg: 4753.1, Max: 4753.1, Diff: 0.0]
      [Ext Root Scanning (ms): Min: 0.7, Avg: 1.5, Max: 2.6, Diff: 1.9, Sum: 5.9]
      [Update RS (ms): Min: 0.0, Avg: 0.5, Max: 1.0, Diff: 1.0, Sum: 1.8]
         [Processed Buffers: Min: 0, Avg: 1.5, Max: 3, Diff: 3, Sum: 6]
      [Scan RS (ms): Min: 0.7, Avg: 0.8, Max: 0.9, Diff: 0.3, Sum: 3.2]
      [Code Root Scanning (ms): Min: 0.0, Avg: 0.6, Max: 2.4, Diff: 2.4, Sum: 2.5]
      [Object Copy (ms): Min: 7.0, Avg: 9.2, Max: 10.5, Diff: 3.5, Sum: 36.9]
      [Termination (ms): Min: 0.0, Avg: 0.0, Max: 0.0, Diff: 0.0, Sum: 0.0]
         [Termination Attempts: Min: 1, Avg: 1.5, Max: 3, Diff: 2, Sum: 6]
      [GC Worker Other (ms): Min: 0.0, Avg: 0.0, Max: 0.0, Diff: 0.0, Sum: 0.1]
      [GC Worker Total (ms): Min: 12.6, Avg: 12.6, Max: 12.6, Diff: 0.0, Sum: 50.5]
      [GC Worker End (ms): Min: 4765.7, Avg: 4765.7, Max: 4765.7, Diff: 0.0]
   [Code Root Fixup: 0.6 ms]
   [Code Root Purge: 0.0 ms]
   [Clear CT: 0.1 ms]
   [Other: 2.1 ms]
      [Choose CSet: 0.0 ms]
      [Ref Proc: 1.8 ms]
      [Ref Enq: 0.0 ms]
      [Redirty Cards: 0.1 ms]
      [Humongous Register: 0.0 ms]
      [Humongous Reclaim: 0.0 ms]
      [Free CSet: 0.1 ms]
   [Eden: 11.0M(11.0M)->0.0B(29.0M) Survivors: 2048.0K->2048.0K Heap: 14.6M(256.0M)->8750.0K(256.0M)]
 [Times: user=0.06 sys=0.00, real=0.02 secs] 
2018-08-21T10:55:27.082+0530: 5.700: [GC pause (G1 Evacuation Pause) (young), 0.0100440 secs]
   [Parallel Time: 7.8 ms, GC Workers: 4]
      [GC Worker Start (ms): Min: 5700.1, Avg: 5700.1, Max: 5700.1, Diff: 0.0]
      [Ext Root Scanning (ms): Min: 1.2, Avg: 1.5, Max: 2.1, Diff: 0.9, Sum: 6.0]
      [Update RS (ms): Min: 0.5, Avg: 0.8, Max: 1.2, Diff: 0.7, Sum: 3.0]
         [Processed Buffers: Min: 1, Avg: 3.3, Max: 5, Diff: 4, Sum: 13]
      [Scan RS (ms): Min: 0.0, Avg: 0.2, Max: 0.3, Diff: 0.3, Sum: 0.7]
      [Code Root Scanning (ms): Min: 0.0, Avg: 0.1, Max: 0.3, Diff: 0.3, Sum: 0.4]
      [Object Copy (ms): Min: 5.0, Avg: 5.2, Max: 5.4, Diff: 0.4, Sum: 20.9]
      [Termination (ms): Min: 0.0, Avg: 0.0, Max: 0.0, Diff: 0.0, Sum: 0.0]
         [Termination Attempts: Min: 1, Avg: 1.0, Max: 1, Diff: 0, Sum: 4]
      [GC Worker Other (ms): Min: 0.0, Avg: 0.0, Max: 0.0, Diff: 0.0, Sum: 0.1]
      [GC Worker Total (ms): Min: 7.7, Avg: 7.8, Max: 7.8, Diff: 0.0, Sum: 31.0]
      [GC Worker End (ms): Min: 5707.8, Avg: 5707.8, Max: 5707.8, Diff: 0.0]
   [Code Root Fixup: 0.1 ms]
   [Code Root Purge: 0.0 ms]
   [Clear CT: 0.1 ms]
   [Other: 2.1 ms]
      [Choose CSet: 0.0 ms]
      [Ref Proc: 1.8 ms]
      [Ref Enq: 0.0 ms]
      [Redirty Cards: 0.0 ms]
      [Humongous Register: 0.0 ms]
      [Humongous Reclaim: 0.0 ms]
      [Free CSet: 0.0 ms]
   [Eden: 29.0M(29.0M)->0.0B(55.0M) Survivors: 2048.0K->4096.0K Heap: 39.5M(256.0M)->14.5M(256.0M)]
 [Times: user=0.00 sys=0.00, real=0.00 secs] 
2018-08-21T10:55:27.176+0530: 5.803: [GC pause (G1 Evacuation Pause) (young), 0.0075723 secs]
   [Parallel Time: 6.7 ms, GC Workers: 4]
      [GC Worker Start (ms): Min: 5803.4, Avg: 5803.4, Max: 5803.4, Diff: 0.0]
      [Ext Root Scanning (ms): Min: 0.4, Avg: 0.5, Max: 0.8, Diff: 0.4, Sum: 2.0]
      [Update RS (ms): Min: 0.3, Avg: 0.4, Max: 0.5, Diff: 0.2, Sum: 1.7]
         [Processed Buffers: Min: 1, Avg: 2.3, Max: 5, Diff: 4, Sum: 9]
      [Scan RS (ms): Min: 0.3, Avg: 0.4, Max: 0.5, Diff: 0.1, Sum: 1.5]
      [Code Root Scanning (ms): Min: 0.0, Avg: 0.1, Max: 0.3, Diff: 0.3, Sum: 0.5]
      [Object Copy (ms): Min: 4.9, Avg: 5.1, Max: 5.4, Diff: 0.5, Sum: 20.4]
      [Termination (ms): Min: 0.0, Avg: 0.1, Max: 0.1, Diff: 0.1, Sum: 0.2]
         [Termination Attempts: Min: 1, Avg: 1.0, Max: 1, Diff: 0, Sum: 4]
      [GC Worker Other (ms): Min: 0.0, Avg: 0.0, Max: 0.0, Diff: 0.0, Sum: 0.1]
      [GC Worker Total (ms): Min: 6.6, Avg: 6.6, Max: 6.6, Diff: 0.0, Sum: 26.4]
      [GC Worker End (ms): Min: 5810.0, Avg: 5810.0, Max: 5810.0, Diff: 0.0]
   [Code Root Fixup: 0.1 ms]
   [Code Root Purge: 0.0 ms]
   [Clear CT: 0.0 ms]
   [Other: 0.8 ms]
      [Choose CSet: 0.0 ms]
      [Ref Proc: 0.4 ms]
      [Ref Enq: 0.0 ms]
      [Redirty Cards: 0.0 ms]
      [Humongous Register: 0.0 ms]
      [Humongous Reclaim: 0.0 ms]
      [Free CSet: 0.1 ms]
   [Eden: 55.0M(55.0M)->0.0B(149.0M) Survivors: 4096.0K->4096.0K Heap: 69.5M(256.0M)->14.5M(256.0M)]
 [Times: user=0.06 sys=0.00, real=0.02 secs] 
2018-08-21T10:55:28.973+0530: 7.603: [GC pause (G1 Evacuation Pause) (young), 0.0184359 secs]
   [Parallel Time: 12.0 ms, GC Workers: 4]
      [GC Worker Start (ms): Min: 7603.1, Avg: 7603.1, Max: 7603.1, Diff: 0.0]
      [Ext Root Scanning (ms): Min: 0.4, Avg: 0.7, Max: 1.4, Diff: 1.0, Sum: 3.0]
      [Update RS (ms): Min: 0.3, Avg: 0.5, Max: 0.7, Diff: 0.4, Sum: 2.0]
         [Processed Buffers: Min: 1, Avg: 2.8, Max: 5, Diff: 4, Sum: 11]
      [Scan RS (ms): Min: 0.0, Avg: 0.0, Max: 0.0, Diff: 0.0, Sum: 0.1]
      [Code Root Scanning (ms): Min: 0.1, Avg: 0.2, Max: 0.2, Diff: 0.2, Sum: 0.6]
      [Object Copy (ms): Min: 10.2, Avg: 10.5, Max: 10.8, Diff: 0.6, Sum: 42.0]
      [Termination (ms): Min: 0.0, Avg: 0.1, Max: 0.1, Diff: 0.1, Sum: 0.3]
         [Termination Attempts: Min: 1, Avg: 1.3, Max: 2, Diff: 1, Sum: 5]
      [GC Worker Other (ms): Min: 0.0, Avg: 0.0, Max: 0.0, Diff: 0.0, Sum: 0.1]
      [GC Worker Total (ms): Min: 12.0, Avg: 12.0, Max: 12.0, Diff: 0.0, Sum: 48.0]
      [GC Worker End (ms): Min: 7615.1, Avg: 7615.1, Max: 7615.1, Diff: 0.0]
   [Code Root Fixup: 0.1 ms]
   [Code Root Purge: 0.0 ms]
   [Clear CT: 0.1 ms]
   [Other: 6.2 ms]
      [Choose CSet: 0.0 ms]
      [Ref Proc: 5.7 ms]
      [Ref Enq: 0.1 ms]
      [Redirty Cards: 0.0 ms]
      [Humongous Register: 0.0 ms]
      [Humongous Reclaim: 0.0 ms]
      [Free CSet: 0.2 ms]
   [Eden: 149.0M(149.0M)->0.0B(143.0M) Survivors: 4096.0K->10.0M Heap: 163.5M(256.0M)->20.5M(256.0M)]
 [Times: user=0.06 sys=0.00, real=0.02 secs] 
2018-08-21T10:55:30.629+0530: 9.250: [GC pause (G1 Evacuation Pause) (young), 0.0126561 secs]
   [Parallel Time: 8.1 ms, GC Workers: 4]
      [GC Worker Start (ms): Min: 9249.9, Avg: 9249.9, Max: 9249.9, Diff: 0.0]
      [Ext Root Scanning (ms): Min: 0.3, Avg: 0.4, Max: 0.7, Diff: 0.4, Sum: 1.7]
      [Update RS (ms): Min: 0.4, Avg: 0.4, Max: 0.4, Diff: 0.1, Sum: 1.7]
         [Processed Buffers: Min: 1, Avg: 2.8, Max: 7, Diff: 6, Sum: 11]
      [Scan RS (ms): Min: 0.0, Avg: 0.0, Max: 0.1, Diff: 0.0, Sum: 0.1]
      [Code Root Scanning (ms): Min: 0.0, Avg: 0.2, Max: 0.4, Diff: 0.4, Sum: 0.7]
      [Object Copy (ms): Min: 6.8, Avg: 7.0, Max: 7.2, Diff: 0.4, Sum: 27.9]
      [Termination (ms): Min: 0.0, Avg: 0.0, Max: 0.0, Diff: 0.0, Sum: 0.0]
         [Termination Attempts: Min: 1, Avg: 1.0, Max: 1, Diff: 0, Sum: 4]
      [GC Worker Other (ms): Min: 0.0, Avg: 0.0, Max: 0.0, Diff: 0.0, Sum: 0.1]
      [GC Worker Total (ms): Min: 8.0, Avg: 8.0, Max: 8.0, Diff: 0.0, Sum: 32.1]
      [GC Worker End (ms): Min: 9258.0, Avg: 9258.0, Max: 9258.0, Diff: 0.0]
   [Code Root Fixup: 0.2 ms]
   [Code Root Purge: 0.0 ms]
   [Clear CT: 0.1 ms]
   [Other: 4.4 ms]
      [Choose CSet: 0.0 ms]
      [Ref Proc: 4.0 ms]
      [Ref Enq: 0.0 ms]
      [Redirty Cards: 0.0 ms]
      [Humongous Register: 0.0 ms]
      [Humongous Reclaim: 0.0 ms]
      [Free CSet: 0.1 ms]
   [Eden: 143.0M(143.0M)->0.0B(141.0M) Survivors: 10.0M->12.0M Heap: 163.5M(256.0M)->22.5M(256.0M)]
 [Times: user=0.01 sys=0.00, real=0.02 secs] 
2018-08-21T10:55:31.661+0530: 10.281: [GC pause (G1 Evacuation Pause) (young), 0.0134119 secs]
   [Parallel Time: 8.7 ms, GC Workers: 4]
      [GC Worker Start (ms): Min: 10281.3, Avg: 10281.3, Max: 10281.3, Diff: 0.0]
      [Ext Root Scanning (ms): Min: 0.3, Avg: 0.5, Max: 0.6, Diff: 0.3, Sum: 1.9]
      [Update RS (ms): Min: 0.3, Avg: 0.4, Max: 0.5, Diff: 0.2, Sum: 1.7]
         [Processed Buffers: Min: 1, Avg: 2.0, Max: 4, Diff: 3, Sum: 8]
      [Scan RS (ms): Min: 0.0, Avg: 0.0, Max: 0.1, Diff: 0.1, Sum: 0.1]
      [Code Root Scanning (ms): Min: 0.0, Avg: 0.2, Max: 0.4, Diff: 0.4, Sum: 0.6]
      [Object Copy (ms): Min: 7.4, Avg: 7.6, Max: 7.8, Diff: 0.4, Sum: 30.2]
      [Termination (ms): Min: 0.0, Avg: 0.0, Max: 0.0, Diff: 0.0, Sum: 0.0]
         [Termination Attempts: Min: 1, Avg: 1.0, Max: 1, Diff: 0, Sum: 4]
      [GC Worker Other (ms): Min: 0.0, Avg: 0.0, Max: 0.0, Diff: 0.0, Sum: 0.1]
      [GC Worker Total (ms): Min: 8.6, Avg: 8.6, Max: 8.6, Diff: 0.0, Sum: 34.6]
      [GC Worker End (ms): Min: 10290.0, Avg: 10290.0, Max: 10290.0, Diff: 0.0]
   [Code Root Fixup: 0.2 ms]
   [Code Root Purge: 0.0 ms]
   [Clear CT: 0.1 ms]
   [Other: 4.5 ms]
      [Choose CSet: 0.0 ms]
      [Ref Proc: 4.2 ms]
      [Ref Enq: 0.0 ms]
      [Redirty Cards: 0.0 ms]
      [Humongous Register: 0.0 ms]
      [Humongous Reclaim: 0.0 ms]
      [Free CSet: 0.1 ms]
   [Eden: 141.0M(141.0M)->0.0B(138.0M) Survivors: 12.0M->15.0M Heap: 163.5M(256.0M)->25.5M(256.0M)]
 [Times: user=0.02 sys=0.00, real=0.02 secs] 
2018-08-21T10:55:32.379+0530: 10.997: [GC pause (G1 Evacuation Pause) (young), 0.0192127 secs]
   [Parallel Time: 9.7 ms, GC Workers: 4]
      [GC Worker Start (ms): Min: 10997.6, Avg: 10997.6, Max: 10997.6, Diff: 0.0]
      [Ext Root Scanning (ms): Min: 0.3, Avg: 0.4, Max: 0.6, Diff: 0.3, Sum: 1.7]
      [Update RS (ms): Min: 0.4, Avg: 0.4, Max: 0.5, Diff: 0.1, Sum: 1.7]
         [Processed Buffers: Min: 1, Avg: 2.3, Max: 5, Diff: 4, Sum: 9]
      [Scan RS (ms): Min: 0.0, Avg: 0.0, Max: 0.1, Diff: 0.1, Sum: 0.1]
      [Code Root Scanning (ms): Min: 0.0, Avg: 0.2, Max: 0.3, Diff: 0.3, Sum: 0.6]
      [Object Copy (ms): Min: 8.2, Avg: 8.6, Max: 8.8, Diff: 0.5, Sum: 34.4]
      [Termination (ms): Min: 0.0, Avg: 0.0, Max: 0.0, Diff: 0.0, Sum: 0.0]
         [Termination Attempts: Min: 1, Avg: 1.0, Max: 1, Diff: 0, Sum: 4]
      [GC Worker Other (ms): Min: 0.0, Avg: 0.0, Max: 0.0, Diff: 0.0, Sum: 0.1]
      [GC Worker Total (ms): Min: 9.6, Avg: 9.7, Max: 9.7, Diff: 0.0, Sum: 38.6]
      [GC Worker End (ms): Min: 11007.2, Avg: 11007.2, Max: 11007.2, Diff: 0.0]
   [Code Root Fixup: 0.2 ms]
   [Code Root Purge: 0.0 ms]
   [Clear CT: 0.1 ms]
   [Other: 9.3 ms]
      [Choose CSet: 0.0 ms]
      [Ref Proc: 8.8 ms]
      [Ref Enq: 0.1 ms]
      [Redirty Cards: 0.1 ms]
      [Humongous Register: 0.0 ms]
      [Humongous Reclaim: 0.0 ms]
      [Free CSet: 0.2 ms]
   [Eden: 138.0M(138.0M)->0.0B(133.0M) Survivors: 15.0M->20.0M Heap: 163.5M(256.0M)->30.0M(256.0M)]
 [Times: user=0.05 sys=0.00, real=0.02 secs] 
2018-08-21T10:55:33.207+0530: 11.833: [GC pause (G1 Evacuation Pause) (young), 0.0203730 secs]
   [Parallel Time: 11.9 ms, GC Workers: 4]
      [GC Worker Start (ms): Min: 11833.1, Avg: 11833.1, Max: 11833.1, Diff: 0.0]
      [Ext Root Scanning (ms): Min: 0.3, Avg: 0.4, Max: 0.6, Diff: 0.3, Sum: 1.6]
      [Update RS (ms): Min: 0.3, Avg: 0.4, Max: 0.5, Diff: 0.2, Sum: 1.8]
         [Processed Buffers: Min: 1, Avg: 2.0, Max: 4, Diff: 3, Sum: 8]
      [Scan RS (ms): Min: 0.0, Avg: 0.0, Max: 0.1, Diff: 0.1, Sum: 0.1]
      [Code Root Scanning (ms): Min: 0.0, Avg: 0.2, Max: 0.4, Diff: 0.4, Sum: 0.7]
      [Object Copy (ms): Min: 10.4, Avg: 10.8, Max: 11.0, Diff: 0.6, Sum: 43.0]
      [Termination (ms): Min: 0.0, Avg: 0.0, Max: 0.0, Diff: 0.0, Sum: 0.0]
         [Termination Attempts: Min: 1, Avg: 1.8, Max: 4, Diff: 3, Sum: 7]
      [GC Worker Other (ms): Min: 0.0, Avg: 0.0, Max: 0.0, Diff: 0.0, Sum: 0.1]
      [GC Worker Total (ms): Min: 11.8, Avg: 11.8, Max: 11.8, Diff: 0.0, Sum: 47.3]
      [GC Worker End (ms): Min: 11845.0, Avg: 11845.0, Max: 11845.0, Diff: 0.0]
   [Code Root Fixup: 0.2 ms]
   [Code Root Purge: 0.0 ms]
   [Clear CT: 0.1 ms]
   [Other: 8.3 ms]
      [Choose CSet: 0.0 ms]
      [Ref Proc: 7.9 ms]
      [Ref Enq: 0.1 ms]
      [Redirty Cards: 0.0 ms]
      [Humongous Register: 0.0 ms]
      [Humongous Reclaim: 0.0 ms]
      [Free CSet: 0.1 ms]
   [Eden: 133.0M(133.0M)->0.0B(133.0M) Survivors: 20.0M->20.0M Heap: 163.0M(256.0M)->34.2M(256.0M)]
 [Times: user=0.06 sys=0.00, real=0.02 secs] 
2018-08-21T10:55:33.786+0530: 12.417: [GC pause (G1 Evacuation Pause) (young), 0.0195967 secs]
   [Parallel Time: 12.3 ms, GC Workers: 4]
      [GC Worker Start (ms): Min: 12417.0, Avg: 12417.1, Max: 12417.1, Diff: 0.0]
      [Ext Root Scanning (ms): Min: 0.3, Avg: 0.4, Max: 0.7, Diff: 0.3, Sum: 1.8]
      [Update RS (ms): Min: 0.7, Avg: 0.7, Max: 0.8, Diff: 0.1, Sum: 2.9]
         [Processed Buffers: Min: 2, Avg: 3.3, Max: 5, Diff: 3, Sum: 13]
      [Scan RS (ms): Min: 0.0, Avg: 0.0, Max: 0.1, Diff: 0.0, Sum: 0.1]
      [Code Root Scanning (ms): Min: 0.0, Avg: 0.2, Max: 0.4, Diff: 0.4, Sum: 0.8]
      [Object Copy (ms): Min: 10.5, Avg: 10.9, Max: 11.1, Diff: 0.6, Sum: 43.5]
      [Termination (ms): Min: 0.0, Avg: 0.0, Max: 0.0, Diff: 0.0, Sum: 0.0]
         [Termination Attempts: Min: 1, Avg: 1.3, Max: 2, Diff: 1, Sum: 5]
      [GC Worker Other (ms): Min: 0.0, Avg: 0.0, Max: 0.0, Diff: 0.0, Sum: 0.1]
      [GC Worker Total (ms): Min: 12.3, Avg: 12.3, Max: 12.3, Diff: 0.0, Sum: 49.2]
      [GC Worker End (ms): Min: 12429.3, Avg: 12429.3, Max: 12429.3, Diff: 0.0]
   [Code Root Fixup: 0.2 ms]
   [Code Root Purge: 0.0 ms]
   [Clear CT: 0.1 ms]
   [Other: 7.0 ms]
      [Choose CSet: 0.0 ms]
      [Ref Proc: 6.6 ms]
      [Ref Enq: 0.1 ms]
      [Redirty Cards: 0.1 ms]
      [Humongous Register: 0.0 ms]
      [Humongous Reclaim: 0.0 ms]
      [Free CSet: 0.1 ms]
   [Eden: 133.0M(133.0M)->0.0B(133.0M) Survivors: 20.0M->20.0M Heap: 167.2M(256.0M)->35.6M(256.0M)]
 [Times: user=0.08 sys=0.00, real=0.03 secs] 
2018-08-21T10:55:34.332+0530: 12.954: [GC pause (G1 Evacuation Pause) (young), 0.0197100 secs]
   [Parallel Time: 12.5 ms, GC Workers: 4]
      [GC Worker Start (ms): Min: 12953.8, Avg: 12953.8, Max: 12953.8, Diff: 0.0]
      [Ext Root Scanning (ms): Min: 0.3, Avg: 0.4, Max: 0.5, Diff: 0.2, Sum: 1.6]
      [Update RS (ms): Min: 0.9, Avg: 1.0, Max: 1.0, Diff: 0.2, Sum: 3.9]
         [Processed Buffers: Min: 2, Avg: 3.3, Max: 5, Diff: 3, Sum: 13]
      [Scan RS (ms): Min: 0.3, Avg: 0.3, Max: 0.3, Diff: 0.1, Sum: 1.2]
      [Code Root Scanning (ms): Min: 0.0, Avg: 0.1, Max: 0.4, Diff: 0.4, Sum: 0.5]
      [Object Copy (ms): Min: 10.5, Avg: 10.7, Max: 10.8, Diff: 0.3, Sum: 42.7]
      [Termination (ms): Min: 0.0, Avg: 0.0, Max: 0.0, Diff: 0.0, Sum: 0.0]
         [Termination Attempts: Min: 1, Avg: 1.0, Max: 1, Diff: 0, Sum: 4]
      [GC Worker Other (ms): Min: 0.0, Avg: 0.0, Max: 0.0, Diff: 0.0, Sum: 0.1]
      [GC Worker Total (ms): Min: 12.5, Avg: 12.5, Max: 12.5, Diff: 0.0, Sum: 49.9]
      [GC Worker End (ms): Min: 12966.3, Avg: 12966.3, Max: 12966.3, Diff: 0.0]
   [Code Root Fixup: 0.1 ms]
   [Code Root Purge: 0.0 ms]
   [Clear CT: 0.1 ms]
   [Other: 7.0 ms]
      [Choose CSet: 0.0 ms]
      [Ref Proc: 6.6 ms]
      [Ref Enq: 0.1 ms]
      [Redirty Cards: 0.0 ms]
      [Humongous Register: 0.0 ms]
      [Humongous Reclaim: 0.0 ms]
      [Free CSet: 0.1 ms]
   [Eden: 133.0M(133.0M)->0.0B(133.0M) Survivors: 20.0M->20.0M Heap: 168.6M(256.0M)->40.2M(256.0M)]
 [Times: user=0.06 sys=0.00, real=0.05 secs] 
2018-08-21T10:55:34.864+0530: 13.493: [GC pause (G1 Evacuation Pause) (young), 0.0176036 secs]
   [Parallel Time: 11.8 ms, GC Workers: 4]
      [GC Worker Start (ms): Min: 13493.4, Avg: 13493.4, Max: 13493.4, Diff: 0.0]
      [Ext Root Scanning (ms): Min: 0.3, Avg: 0.4, Max: 0.4, Diff: 0.1, Sum: 1.5]
      [Update RS (ms): Min: 0.7, Avg: 0.7, Max: 0.8, Diff: 0.0, Sum: 3.0]
         [Processed Buffers: Min: 2, Avg: 3.8, Max: 7, Diff: 5, Sum: 15]
      [Scan RS (ms): Min: 0.2, Avg: 0.4, Max: 0.5, Diff: 0.3, Sum: 1.6]
      [Code Root Scanning (ms): Min: 0.0, Avg: 0.1, Max: 0.3, Diff: 0.3, Sum: 0.4]
      [Object Copy (ms): Min: 10.1, Avg: 10.1, Max: 10.2, Diff: 0.1, Sum: 40.6]
      [Termination (ms): Min: 0.0, Avg: 0.0, Max: 0.0, Diff: 0.0, Sum: 0.0]
         [Termination Attempts: Min: 1, Avg: 1.0, Max: 1, Diff: 0, Sum: 4]
      [GC Worker Other (ms): Min: 0.0, Avg: 0.0, Max: 0.0, Diff: 0.0, Sum: 0.1]
      [GC Worker Total (ms): Min: 11.8, Avg: 11.8, Max: 11.8, Diff: 0.0, Sum: 47.1]
      [GC Worker End (ms): Min: 13505.1, Avg: 13505.1, Max: 13505.1, Diff: 0.0]
   [Code Root Fixup: 0.1 ms]
   [Code Root Purge: 0.0 ms]
   [Clear CT: 0.1 ms]
   [Other: 5.6 ms]
      [Choose CSet: 0.0 ms]
      [Ref Proc: 5.3 ms]
      [Ref Enq: 0.1 ms]
      [Redirty Cards: 0.0 ms]
      [Humongous Register: 0.0 ms]
      [Humongous Reclaim: 0.0 ms]
      [Free CSet: 0.1 ms]
   [Eden: 133.0M(133.0M)->0.0B(133.0M) Survivors: 20.0M->20.0M Heap: 173.2M(256.0M)->44.0M(256.0M)]
 [Times: user=0.06 sys=0.00, real=0.01 secs] 
2018-08-21T10:55:35.301+0530: 13.929: [GC pause (G1 Evacuation Pause) (young), 0.0172197 secs]
   [Parallel Time: 12.3 ms, GC Workers: 4]
      [GC Worker Start (ms): Min: 13929.4, Avg: 13929.4, Max: 13929.4, Diff: 0.0]
      [Ext Root Scanning (ms): Min: 0.3, Avg: 0.4, Max: 0.5, Diff: 0.1, Sum: 1.6]
      [Update RS (ms): Min: 0.7, Avg: 0.8, Max: 0.9, Diff: 0.1, Sum: 3.1]
         [Processed Buffers: Min: 3, Avg: 4.3, Max: 6, Diff: 3, Sum: 17]
      [Scan RS (ms): Min: 0.0, Avg: 0.0, Max: 0.0, Diff: 0.0, Sum: 0.1]
      [Code Root Scanning (ms): Min: 0.0, Avg: 0.1, Max: 0.2, Diff: 0.2, Sum: 0.4]
      [Object Copy (ms): Min: 10.8, Avg: 10.9, Max: 11.1, Diff: 0.3, Sum: 43.7]
      [Termination (ms): Min: 0.0, Avg: 0.0, Max: 0.0, Diff: 0.0, Sum: 0.0]
         [Termination Attempts: Min: 1, Avg: 4.8, Max: 8, Diff: 7, Sum: 19]
      [GC Worker Other (ms): Min: 0.0, Avg: 0.0, Max: 0.0, Diff: 0.0, Sum: 0.1]
      [GC Worker Total (ms): Min: 12.2, Avg: 12.3, Max: 12.3, Diff: 0.0, Sum: 49.0]
      [GC Worker End (ms): Min: 13941.6, Avg: 13941.6, Max: 13941.6, Diff: 0.0]
   [Code Root Fixup: 0.1 ms]
   [Code Root Purge: 0.0 ms]
   [Clear CT: 0.1 ms]
   [Other: 4.7 ms]
      [Choose CSet: 0.0 ms]
      [Ref Proc: 4.4 ms]
      [Ref Enq: 0.1 ms]
      [Redirty Cards: 0.0 ms]
      [Humongous Register: 0.0 ms]
      [Humongous Reclaim: 0.0 ms]
      [Free CSet: 0.1 ms]
   [Eden: 133.0M(133.0M)->0.0B(134.0M) Survivors: 20.0M->19.0M Heap: 177.0M(256.0M)->48.4M(256.0M)]
 [Times: user=0.06 sys=0.00, real=0.02 secs] 
2018-08-21T10:55:35.770+0530: 14.388: [GC pause (G1 Evacuation Pause) (young), 0.0183188 secs]
   [Parallel Time: 11.3 ms, GC Workers: 4]
      [GC Worker Start (ms): Min: 14387.8, Avg: 14388.8, Max: 14391.8, Diff: 4.0]
      [Ext Root Scanning (ms): Min: 0.0, Avg: 0.4, Max: 0.5, Diff: 0.5, Sum: 1.6]
      [Update RS (ms): Min: 0.0, Avg: 1.2, Max: 1.6, Diff: 1.6, Sum: 4.8]
         [Processed Buffers: Min: 0, Avg: 4.5, Max: 7, Diff: 7, Sum: 18]
      [Scan RS (ms): Min: 0.0, Avg: 0.3, Max: 0.5, Diff: 0.5, Sum: 1.4]
      [Code Root Scanning (ms): Min: 0.0, Avg: 0.0, Max: 0.1, Diff: 0.1, Sum: 0.2]
      [Object Copy (ms): Min: 7.2, Avg: 8.2, Max: 8.6, Diff: 1.4, Sum: 32.9]
      [Termination (ms): Min: 0.0, Avg: 0.0, Max: 0.0, Diff: 0.0, Sum: 0.0]
         [Termination Attempts: Min: 1, Avg: 1.3, Max: 2, Diff: 1, Sum: 5]
      [GC Worker Other (ms): Min: 0.0, Avg: 0.0, Max: 0.0, Diff: 0.0, Sum: 0.1]
      [GC Worker Total (ms): Min: 7.3, Avg: 10.3, Max: 11.3, Diff: 4.0, Sum: 41.0]
      [GC Worker End (ms): Min: 14399.1, Avg: 14399.1, Max: 14399.1, Diff: 0.0]
   [Code Root Fixup: 0.1 ms]
   [Code Root Purge: 0.0 ms]
   [Clear CT: 0.1 ms]
   [Other: 6.9 ms]
      [Choose CSet: 0.0 ms]
      [Ref Proc: 6.5 ms]
      [Ref Enq: 0.1 ms]
      [Redirty Cards: 0.0 ms]
      [Humongous Register: 0.0 ms]
      [Humongous Reclaim: 0.0 ms]
      [Free CSet: 0.1 ms]
   [Eden: 134.0M(134.0M)->0.0B(133.0M) Survivors: 19.0M->20.0M Heap: 182.4M(256.0M)->52.5M(256.0M)]
 [Times: user=0.01 sys=0.00, real=0.02 secs] 
2018-08-21T10:55:36.379+0530: 15.009: [GC pause (G1 Evacuation Pause) (young), 0.0212706 secs]
   [Parallel Time: 11.6 ms, GC Workers: 4]
      [GC Worker Start (ms): Min: 15009.2, Avg: 15009.2, Max: 15009.2, Diff: 0.0]
      [Ext Root Scanning (ms): Min: 0.3, Avg: 0.4, Max: 0.4, Diff: 0.1, Sum: 1.5]
      [Update RS (ms): Min: 0.6, Avg: 0.6, Max: 0.7, Diff: 0.1, Sum: 2.5]
         [Processed Buffers: Min: 3, Avg: 4.5, Max: 7, Diff: 4, Sum: 18]
      [Scan RS (ms): Min: 0.0, Avg: 0.0, Max: 0.0, Diff: 0.0, Sum: 0.1]
      [Code Root Scanning (ms): Min: 0.0, Avg: 0.0, Max: 0.1, Diff: 0.1, Sum: 0.2]
      [Object Copy (ms): Min: 10.3, Avg: 10.4, Max: 10.5, Diff: 0.2, Sum: 41.6]
      [Termination (ms): Min: 0.0, Avg: 0.0, Max: 0.1, Diff: 0.1, Sum: 0.1]
         [Termination Attempts: Min: 1, Avg: 1.0, Max: 1, Diff: 0, Sum: 4]
      [GC Worker Other (ms): Min: 0.0, Avg: 0.0, Max: 0.0, Diff: 0.0, Sum: 0.0]
      [GC Worker Total (ms): Min: 11.5, Avg: 11.5, Max: 11.5, Diff: 0.0, Sum: 46.1]
      [GC Worker End (ms): Min: 15020.7, Avg: 15020.7, Max: 15020.7, Diff: 0.0]
   [Code Root Fixup: 0.1 ms]
   [Code Root Purge: 0.0 ms]
   [Clear CT: 0.1 ms]
   [Other: 9.6 ms]
      [Choose CSet: 0.0 ms]
      [Ref Proc: 9.2 ms]
      [Ref Enq: 0.1 ms]
      [Redirty Cards: 0.0 ms]
      [Humongous Register: 0.0 ms]
      [Humongous Reclaim: 0.0 ms]
      [Free CSet: 0.1 ms]
   [Eden: 133.0M(133.0M)->0.0B(133.0M) Survivors: 20.0M->20.0M Heap: 185.5M(256.0M)->55.5M(256.0M)]
 [Times: user=0.09 sys=0.00, real=0.03 secs] 
2018-08-21T10:55:36.957+0530: 15.586: [GC pause (G1 Evacuation Pause) (young), 0.0191791 secs]
   [Parallel Time: 11.8 ms, GC Workers: 4]
      [GC Worker Start (ms): Min: 15585.8, Avg: 15585.8, Max: 15585.9, Diff: 0.0]
      [Ext Root Scanning (ms): Min: 0.3, Avg: 0.4, Max: 0.4, Diff: 0.1, Sum: 1.5]
      [Update RS (ms): Min: 0.8, Avg: 0.8, Max: 0.9, Diff: 0.1, Sum: 3.3]
         [Processed Buffers: Min: 4, Avg: 5.3, Max: 8, Diff: 4, Sum: 21]
      [Scan RS (ms): Min: 0.0, Avg: 0.0, Max: 0.1, Diff: 0.1, Sum: 0.1]
      [Code Root Scanning (ms): Min: 0.0, Avg: 0.1, Max: 0.2, Diff: 0.2, Sum: 0.3]
      [Object Copy (ms): Min: 10.4, Avg: 10.4, Max: 10.5, Diff: 0.2, Sum: 41.8]
      [Termination (ms): Min: 0.0, Avg: 0.0, Max: 0.0, Diff: 0.0, Sum: 0.0]
         [Termination Attempts: Min: 1, Avg: 1.0, Max: 1, Diff: 0, Sum: 4]
      [GC Worker Other (ms): Min: 0.0, Avg: 0.0, Max: 0.0, Diff: 0.0, Sum: 0.1]
      [GC Worker Total (ms): Min: 11.7, Avg: 11.8, Max: 11.8, Diff: 0.0, Sum: 47.0]
      [GC Worker End (ms): Min: 15597.6, Avg: 15597.6, Max: 15597.6, Diff: 0.0]
   [Code Root Fixup: 0.1 ms]
   [Code Root Purge: 0.0 ms]
   [Clear CT: 0.1 ms]
   [Other: 7.3 ms]
      [Choose CSet: 0.0 ms]
      [Ref Proc: 6.9 ms]
      [Ref Enq: 0.1 ms]
      [Redirty Cards: 0.0 ms]
      [Humongous Register: 0.0 ms]
      [Humongous Reclaim: 0.0 ms]
      [Free CSet: 0.1 ms]
   [Eden: 133.0M(133.0M)->0.0B(133.0M) Survivors: 20.0M->20.0M Heap: 188.5M(256.0M)->59.5M(256.0M)]
 [Times: user=0.06 sys=0.00, real=0.02 secs] 
2018-08-21T10:55:37.504+0530: 16.128: [GC pause (G1 Evacuation Pause) (young), 0.0258822 secs]
   [Parallel Time: 13.9 ms, GC Workers: 4]
      [GC Worker Start (ms): Min: 16128.2, Avg: 16128.2, Max: 16128.2, Diff: 0.0]
      [Ext Root Scanning (ms): Min: 0.3, Avg: 0.4, Max: 0.4, Diff: 0.1, Sum: 1.5]
      [Update RS (ms): Min: 0.8, Avg: 0.9, Max: 1.0, Diff: 0.2, Sum: 3.6]
         [Processed Buffers: Min: 4, Avg: 5.0, Max: 8, Diff: 4, Sum: 20]
      [Scan RS (ms): Min: 0.4, Avg: 0.5, Max: 0.6, Diff: 0.2, Sum: 2.1]
      [Code Root Scanning (ms): Min: 0.0, Avg: 0.0, Max: 0.0, Diff: 0.0, Sum: 0.1]
      [Object Copy (ms): Min: 12.0, Avg: 12.0, Max: 12.1, Diff: 0.1, Sum: 48.2]
      [Termination (ms): Min: 0.0, Avg: 0.0, Max: 0.0, Diff: 0.0, Sum: 0.0]
         [Termination Attempts: Min: 1, Avg: 1.0, Max: 1, Diff: 0, Sum: 4]
      [GC Worker Other (ms): Min: 0.0, Avg: 0.0, Max: 0.0, Diff: 0.0, Sum: 0.1]
      [GC Worker Total (ms): Min: 13.9, Avg: 13.9, Max: 13.9, Diff: 0.0, Sum: 55.5]
      [GC Worker End (ms): Min: 16142.1, Avg: 16142.1, Max: 16142.1, Diff: 0.0]
   [Code Root Fixup: 0.0 ms]
   [Code Root Purge: 0.0 ms]
   [Clear CT: 0.1 ms]
   [Other: 11.9 ms]
      [Choose CSet: 0.0 ms]
      [Ref Proc: 11.5 ms]
      [Ref Enq: 0.1 ms]
      [Redirty Cards: 0.0 ms]
      [Humongous Register: 0.0 ms]
      [Humongous Reclaim: 0.0 ms]
      [Free CSet: 0.1 ms]
   [Eden: 133.0M(133.0M)->0.0B(133.0M) Survivors: 20.0M->20.0M Heap: 192.5M(256.0M)->69.0M(256.0M)]
 [Times: user=0.06 sys=0.02, real=0.03 secs] 
2018-08-21T10:55:38.082+0530: 16.708: [GC pause (G1 Evacuation Pause) (young), 0.0227719 secs]
   [Parallel Time: 14.6 ms, GC Workers: 4]
      [GC Worker Start (ms): Min: 16707.6, Avg: 16707.6, Max: 16707.6, Diff: 0.0]
      [Ext Root Scanning (ms): Min: 0.3, Avg: 0.4, Max: 0.4, Diff: 0.1, Sum: 1.5]
      [Update RS (ms): Min: 1.1, Avg: 1.2, Max: 1.2, Diff: 0.1, Sum: 4.6]
         [Processed Buffers: Min: 4, Avg: 5.5, Max: 7, Diff: 3, Sum: 22]
      [Scan RS (ms): Min: 0.8, Avg: 0.9, Max: 0.9, Diff: 0.1, Sum: 3.4]
      [Code Root Scanning (ms): Min: 0.0, Avg: 0.0, Max: 0.0, Diff: 0.0, Sum: 0.0]
      [Object Copy (ms): Min: 12.1, Avg: 12.1, Max: 12.1, Diff: 0.1, Sum: 48.4]
      [Termination (ms): Min: 0.0, Avg: 0.0, Max: 0.0, Diff: 0.0, Sum: 0.0]
         [Termination Attempts: Min: 1, Avg: 1.0, Max: 1, Diff: 0, Sum: 4]
      [GC Worker Other (ms): Min: 0.0, Avg: 0.0, Max: 0.0, Diff: 0.0, Sum: 0.1]
      [GC Worker Total (ms): Min: 14.5, Avg: 14.5, Max: 14.5, Diff: 0.0, Sum: 58.1]
      [GC Worker End (ms): Min: 16722.1, Avg: 16722.1, Max: 16722.1, Diff: 0.0]
   [Code Root Fixup: 0.0 ms]
   [Code Root Purge: 0.0 ms]
   [Clear CT: 0.1 ms]
   [Other: 8.1 ms]
      [Choose CSet: 0.0 ms]
      [Ref Proc: 7.7 ms]
      [Ref Enq: 0.1 ms]
      [Redirty Cards: 0.1 ms]
      [Humongous Register: 0.0 ms]
      [Humongous Reclaim: 0.0 ms]
      [Free CSet: 0.1 ms]
   [Eden: 133.0M(133.0M)->0.0B(132.0M) Survivors: 20.0M->20.0M Heap: 202.0M(256.0M)->75.5M(256.0M)]
 [Times: user=0.06 sys=0.00, real=0.02 secs] 
2018-08-21T10:55:38.533+0530: 17.163: [GC pause (G1 Evacuation Pause) (young), 0.0209720 secs]
   [Parallel Time: 13.9 ms, GC Workers: 4]
      [GC Worker Start (ms): Min: 17162.7, Avg: 17162.8, Max: 17162.8, Diff: 0.0]
      [Ext Root Scanning (ms): Min: 0.3, Avg: 0.4, Max: 0.4, Diff: 0.1, Sum: 1.5]
      [Update RS (ms): Min: 1.6, Avg: 1.7, Max: 1.8, Diff: 0.2, Sum: 6.7]
         [Processed Buffers: Min: 5, Avg: 5.8, Max: 7, Diff: 2, Sum: 23]
      [Scan RS (ms): Min: 1.4, Avg: 1.4, Max: 1.5, Diff: 0.1, Sum: 5.7]
      [Code Root Scanning (ms): Min: 0.0, Avg: 0.0, Max: 0.0, Diff: 0.0, Sum: 0.1]
      [Object Copy (ms): Min: 10.4, Avg: 10.4, Max: 10.4, Diff: 0.1, Sum: 41.6]
      [Termination (ms): Min: 0.0, Avg: 0.0, Max: 0.0, Diff: 0.0, Sum: 0.0]
         [Termination Attempts: Min: 1, Avg: 1.0, Max: 1, Diff: 0, Sum: 4]
      [GC Worker Other (ms): Min: 0.0, Avg: 0.0, Max: 0.0, Diff: 0.0, Sum: 0.1]
      [GC Worker Total (ms): Min: 13.9, Avg: 13.9, Max: 13.9, Diff: 0.0, Sum: 55.6]
      [GC Worker End (ms): Min: 17176.7, Avg: 17176.7, Max: 17176.7, Diff: 0.0]
   [Code Root Fixup: 0.0 ms]
   [Code Root Purge: 0.0 ms]
   [Clear CT: 0.1 ms]
   [Other: 6.9 ms]
      [Choose CSet: 0.0 ms]
      [Ref Proc: 6.7 ms]
      [Ref Enq: 0.0 ms]
      [Redirty Cards: 0.0 ms]
      [Humongous Register: 0.0 ms]
      [Humongous Reclaim: 0.0 ms]
      [Free CSet: 0.1 ms]
   [Eden: 132.0M(132.0M)->0.0B(130.0M) Survivors: 20.0M->19.0M Heap: 207.5M(256.0M)->78.5M(256.0M)]
 [Times: user=0.08 sys=0.00, real=0.03 secs] 
2018-08-21T10:55:39.025+0530: 17.650: [GC pause (G1 Evacuation Pause) (young), 0.0228461 secs]
   [Parallel Time: 13.7 ms, GC Workers: 4]
      [GC Worker Start (ms): Min: 17649.8, Avg: 17649.8, Max: 17649.8, Diff: 0.0]
      [Ext Root Scanning (ms): Min: 0.3, Avg: 0.4, Max: 0.6, Diff: 0.2, Sum: 1.6]
      [Update RS (ms): Min: 1.4, Avg: 1.5, Max: 1.7, Diff: 0.3, Sum: 6.0]
         [Processed Buffers: Min: 4, Avg: 6.0, Max: 8, Diff: 4, Sum: 24]
      [Scan RS (ms): Min: 1.2, Avg: 1.3, Max: 1.4, Diff: 0.1, Sum: 5.3]
      [Code Root Scanning (ms): Min: 0.0, Avg: 0.0, Max: 0.0, Diff: 0.0, Sum: 0.0]
      [Object Copy (ms): Min: 10.3, Avg: 10.3, Max: 10.3, Diff: 0.1, Sum: 41.3]
      [Termination (ms): Min: 0.0, Avg: 0.0, Max: 0.0, Diff: 0.0, Sum: 0.0]
         [Termination Attempts: Min: 1, Avg: 1.0, Max: 1, Diff: 0, Sum: 4]
      [GC Worker Other (ms): Min: 0.0, Avg: 0.0, Max: 0.0, Diff: 0.0, Sum: 0.1]
      [GC Worker Total (ms): Min: 13.6, Avg: 13.6, Max: 13.6, Diff: 0.0, Sum: 54.4]
      [GC Worker End (ms): Min: 17663.4, Avg: 17663.4, Max: 17663.4, Diff: 0.0]
   [Code Root Fixup: 0.0 ms]
   [Code Root Purge: 0.0 ms]
   [Clear CT: 0.1 ms]
   [Other: 9.1 ms]
      [Choose CSet: 0.0 ms]
      [Ref Proc: 8.8 ms]
      [Ref Enq: 0.0 ms]
      [Redirty Cards: 0.0 ms]
      [Humongous Register: 0.0 ms]
      [Humongous Reclaim: 0.0 ms]
      [Free CSet: 0.1 ms]
   [Eden: 130.0M(130.0M)->0.0B(123.0M) Survivors: 19.0M->19.0M Heap: 208.5M(256.0M)->86.0M(256.0M)]
 [Times: user=0.06 sys=0.00, real=0.02 secs] 
2018-08-21T10:55:39.400+0530: 18.031: [GC pause (G1 Evacuation Pause) (young), 0.0269987 secs]
   [Parallel Time: 14.5 ms, GC Workers: 4]
      [GC Worker Start (ms): Min: 18030.6, Avg: 18030.6, Max: 18030.6, Diff: 0.0]
      [Ext Root Scanning (ms): Min: 0.4, Avg: 0.4, Max: 0.4, Diff: 0.1, Sum: 1.6]
      [Update RS (ms): Min: 1.7, Avg: 1.8, Max: 1.9, Diff: 0.3, Sum: 7.1]
         [Processed Buffers: Min: 5, Avg: 6.3, Max: 7, Diff: 2, Sum: 25]
      [Scan RS (ms): Min: 1.4, Avg: 1.5, Max: 1.6, Diff: 0.3, Sum: 6.2]
      [Code Root Scanning (ms): Min: 0.0, Avg: 0.0, Max: 0.0, Diff: 0.0, Sum: 0.0]
      [Object Copy (ms): Min: 10.7, Avg: 10.7, Max: 10.7, Diff: 0.1, Sum: 42.7]
      [Termination (ms): Min: 0.0, Avg: 0.0, Max: 0.0, Diff: 0.0, Sum: 0.0]
         [Termination Attempts: Min: 1, Avg: 1.0, Max: 1, Diff: 0, Sum: 4]
      [GC Worker Other (ms): Min: 0.0, Avg: 0.0, Max: 0.0, Diff: 0.0, Sum: 0.1]
      [GC Worker Total (ms): Min: 14.4, Avg: 14.4, Max: 14.4, Diff: 0.0, Sum: 57.7]
      [GC Worker End (ms): Min: 18045.0, Avg: 18045.0, Max: 18045.0, Diff: 0.0]
   [Code Root Fixup: 0.0 ms]
   [Code Root Purge: 0.0 ms]
   [Clear CT: 0.1 ms]
   [Other: 12.4 ms]
      [Choose CSet: 0.0 ms]
      [Ref Proc: 12.1 ms]
      [Ref Enq: 0.1 ms]
      [Redirty Cards: 0.0 ms]
      [Humongous Register: 0.0 ms]
      [Humongous Reclaim: 0.0 ms]
      [Free CSet: 0.1 ms]
   [Eden: 123.0M(123.0M)->0.0B(115.0M) Survivors: 19.0M->18.0M Heap: 209.0M(256.0M)->95.0M(256.0M)]
 [Times: user=0.08 sys=0.00, real=0.03 secs] 
2018-08-21T10:55:39.853+0530: 18.483: [GC pause (G1 Evacuation Pause) (young), 0.0212253 secs]
   [Parallel Time: 13.8 ms, GC Workers: 4]
      [GC Worker Start (ms): Min: 18483.3, Avg: 18483.3, Max: 18483.3, Diff: 0.0]
      [Ext Root Scanning (ms): Min: 0.4, Avg: 0.4, Max: 0.5, Diff: 0.1, Sum: 1.7]
      [Update RS (ms): Min: 1.7, Avg: 1.9, Max: 2.2, Diff: 0.4, Sum: 7.5]
         [Processed Buffers: Min: 6, Avg: 7.0, Max: 10, Diff: 4, Sum: 28]
      [Scan RS (ms): Min: 1.7, Avg: 2.0, Max: 2.2, Diff: 0.4, Sum: 8.2]
      [Code Root Scanning (ms): Min: 0.0, Avg: 0.0, Max: 0.0, Diff: 0.0, Sum: 0.0]
      [Object Copy (ms): Min: 9.4, Avg: 9.5, Max: 9.5, Diff: 0.1, Sum: 37.8]
      [Termination (ms): Min: 0.0, Avg: 0.0, Max: 0.0, Diff: 0.0, Sum: 0.0]
         [Termination Attempts: Min: 1, Avg: 1.0, Max: 1, Diff: 0, Sum: 4]
      [GC Worker Other (ms): Min: 0.0, Avg: 0.0, Max: 0.0, Diff: 0.0, Sum: 0.1]
      [GC Worker Total (ms): Min: 13.8, Avg: 13.8, Max: 13.8, Diff: 0.0, Sum: 55.3]
      [GC Worker End (ms): Min: 18497.1, Avg: 18497.2, Max: 18497.2, Diff: 0.0]
   [Code Root Fixup: 0.0 ms]
   [Code Root Purge: 0.0 ms]
   [Clear CT: 0.1 ms]
   [Other: 7.3 ms]
      [Choose CSet: 0.0 ms]
      [Ref Proc: 7.0 ms]
      [Ref Enq: 0.1 ms]
      [Redirty Cards: 0.0 ms]
      [Humongous Register: 0.0 ms]
      [Humongous Reclaim: 0.0 ms]
      [Free CSet: 0.1 ms]
   [Eden: 115.0M(115.0M)->0.0B(111.0M) Survivors: 18.0M->17.0M Heap: 210.0M(256.0M)->99.5M(256.0M)]
 [Times: user=0.09 sys=0.00, real=0.03 secs] 
2018-08-21T10:55:40.447+0530: 19.069: [GC pause (G1 Evacuation Pause) (young), 0.0220879 secs]
   [Parallel Time: 14.3 ms, GC Workers: 4]
      [GC Worker Start (ms): Min: 19068.6, Avg: 19068.6, Max: 19068.6, Diff: 0.0]
      [Ext Root Scanning (ms): Min: 0.4, Avg: 0.4, Max: 0.4, Diff: 0.0, Sum: 1.5]
      [Update RS (ms): Min: 1.7, Avg: 1.8, Max: 2.0, Diff: 0.2, Sum: 7.4]
         [Processed Buffers: Min: 6, Avg: 7.3, Max: 9, Diff: 3, Sum: 29]
      [Scan RS (ms): Min: 1.9, Avg: 2.1, Max: 2.2, Diff: 0.2, Sum: 8.2]
      [Code Root Scanning (ms): Min: 0.0, Avg: 0.0, Max: 0.0, Diff: 0.0, Sum: 0.0]
      [Object Copy (ms): Min: 9.9, Avg: 9.9, Max: 9.9, Diff: 0.0, Sum: 39.6]
      [Termination (ms): Min: 0.0, Avg: 0.0, Max: 0.0, Diff: 0.0, Sum: 0.0]
         [Termination Attempts: Min: 1, Avg: 1.0, Max: 1, Diff: 0, Sum: 4]
      [GC Worker Other (ms): Min: 0.0, Avg: 0.0, Max: 0.0, Diff: 0.0, Sum: 0.1]
      [GC Worker Total (ms): Min: 14.2, Avg: 14.2, Max: 14.2, Diff: 0.0, Sum: 56.9]
      [GC Worker End (ms): Min: 19082.8, Avg: 19082.8, Max: 19082.8, Diff: 0.0]
   [Code Root Fixup: 0.0 ms]
   [Code Root Purge: 0.0 ms]
   [Clear CT: 0.1 ms]
   [Other: 7.8 ms]
      [Choose CSet: 0.0 ms]
      [Ref Proc: 7.4 ms]
      [Ref Enq: 0.1 ms]
      [Redirty Cards: 0.1 ms]
      [Humongous Register: 0.0 ms]
      [Humongous Reclaim: 0.0 ms]
      [Free CSet: 0.1 ms]
   [Eden: 111.0M(111.0M)->0.0B(105.0M) Survivors: 17.0M->16.0M Heap: 210.5M(256.0M)->106.5M(256.0M)]
 [Times: user=0.06 sys=0.00, real=0.02 secs] 
2018-08-21T10:55:41.072+0530: 19.693: [GC pause (G1 Evacuation Pause) (young), 0.0215192 secs]
   [Parallel Time: 14.3 ms, GC Workers: 4]
      [GC Worker Start (ms): Min: 19692.9, Avg: 19692.9, Max: 19693.0, Diff: 0.0]
      [Ext Root Scanning (ms): Min: 0.4, Avg: 0.4, Max: 0.4, Diff: 0.1, Sum: 1.5]
      [Update RS (ms): Min: 1.9, Avg: 2.0, Max: 2.2, Diff: 0.3, Sum: 8.1]
         [Processed Buffers: Min: 7, Avg: 8.0, Max: 9, Diff: 2, Sum: 32]
      [Scan RS (ms): Min: 2.0, Avg: 2.1, Max: 2.2, Diff: 0.2, Sum: 8.6]
      [Code Root Scanning (ms): Min: 0.0, Avg: 0.0, Max: 0.0, Diff: 0.0, Sum: 0.0]
      [Object Copy (ms): Min: 9.7, Avg: 9.7, Max: 9.8, Diff: 0.0, Sum: 38.9]
      [Termination (ms): Min: 0.0, Avg: 0.0, Max: 0.0, Diff: 0.0, Sum: 0.0]
         [Termination Attempts: Min: 1, Avg: 3.0, Max: 6, Diff: 5, Sum: 12]
      [GC Worker Other (ms): Min: 0.0, Avg: 0.0, Max: 0.0, Diff: 0.0, Sum: 0.1]
      [GC Worker Total (ms): Min: 14.3, Avg: 14.3, Max: 14.3, Diff: 0.0, Sum: 57.2]
      [GC Worker End (ms): Min: 19707.2, Avg: 19707.2, Max: 19707.2, Diff: 0.0]
   [Code Root Fixup: 0.0 ms]
   [Code Root Purge: 0.0 ms]
   [Clear CT: 0.1 ms]
   [Other: 7.1 ms]
      [Choose CSet: 0.0 ms]
      [Ref Proc: 6.8 ms]
      [Ref Enq: 0.0 ms]
      [Redirty Cards: 0.0 ms]
      [Humongous Register: 0.0 ms]
      [Humongous Reclaim: 0.0 ms]
      [Free CSet: 0.1 ms]
   [Eden: 105.0M(105.0M)->0.0B(100.0M) Survivors: 16.0M->16.0M Heap: 211.5M(256.0M)->111.5M(256.0M)]
 [Times: user=0.06 sys=0.00, real=0.02 secs] 
2018-08-21T10:55:41.447+0530: 20.068: [GC pause (G1 Evacuation Pause) (young), 0.0178570 secs]
   [Parallel Time: 14.0 ms, GC Workers: 4]
      [GC Worker Start (ms): Min: 20068.2, Avg: 20068.2, Max: 20068.2, Diff: 0.0]
      [Ext Root Scanning (ms): Min: 0.4, Avg: 0.4, Max: 0.4, Diff: 0.1, Sum: 1.6]
      [Update RS (ms): Min: 3.0, Avg: 3.1, Max: 3.2, Diff: 0.3, Sum: 12.4]
         [Processed Buffers: Min: 7, Avg: 8.3, Max: 10, Diff: 3, Sum: 33]
      [Scan RS (ms): Min: 1.7, Avg: 1.9, Max: 2.0, Diff: 0.3, Sum: 7.6]
      [Code Root Scanning (ms): Min: 0.0, Avg: 0.0, Max: 0.0, Diff: 0.0, Sum: 0.0]
      [Object Copy (ms): Min: 8.6, Avg: 8.6, Max: 8.7, Diff: 0.1, Sum: 34.4]
      [Termination (ms): Min: 0.0, Avg: 0.0, Max: 0.0, Diff: 0.0, Sum: 0.0]
         [Termination Attempts: Min: 1, Avg: 1.0, Max: 1, Diff: 0, Sum: 4]
      [GC Worker Other (ms): Min: 0.0, Avg: 0.0, Max: 0.0, Diff: 0.0, Sum: 0.0]
      [GC Worker Total (ms): Min: 14.0, Avg: 14.0, Max: 14.0, Diff: 0.0, Sum: 56.0]
      [GC Worker End (ms): Min: 20082.2, Avg: 20082.2, Max: 20082.2, Diff: 0.0]
   [Code Root Fixup: 0.0 ms]
   [Code Root Purge: 0.0 ms]
   [Clear CT: 0.1 ms]
   [Other: 3.7 ms]
      [Choose CSet: 0.0 ms]
      [Ref Proc: 3.4 ms]
      [Ref Enq: 0.1 ms]
      [Redirty Cards: 0.0 ms]
      [Humongous Register: 0.0 ms]
      [Humongous Reclaim: 0.0 ms]
      [Free CSet: 0.1 ms]
   [Eden: 100.0M(100.0M)->0.0B(100.0M) Survivors: 16.0M->15.0M Heap: 211.5M(256.0M)->112.0M(256.0M)]
 [Times: user=0.06 sys=0.00, real=0.02 secs] 
2018-08-21T10:55:41.806+0530: 20.424: [GC pause (G1 Evacuation Pause) (young), 0.0196279 secs]
   [Parallel Time: 14.0 ms, GC Workers: 4]
      [GC Worker Start (ms): Min: 20424.2, Avg: 20424.2, Max: 20424.2, Diff: 0.0]
      [Ext Root Scanning (ms): Min: 0.3, Avg: 0.4, Max: 0.5, Diff: 0.1, Sum: 1.6]
      [Update RS (ms): Min: 3.3, Avg: 3.4, Max: 3.5, Diff: 0.3, Sum: 13.5]
         [Processed Buffers: Min: 8, Avg: 9.0, Max: 11, Diff: 3, Sum: 36]
      [Scan RS (ms): Min: 1.4, Avg: 1.5, Max: 1.6, Diff: 0.2, Sum: 6.2]
      [Code Root Scanning (ms): Min: 0.0, Avg: 0.0, Max: 0.0, Diff: 0.0, Sum: 0.0]
      [Object Copy (ms): Min: 8.5, Avg: 8.6, Max: 8.6, Diff: 0.1, Sum: 34.3]
      [Termination (ms): Min: 0.0, Avg: 0.0, Max: 0.0, Diff: 0.0, Sum: 0.0]
         [Termination Attempts: Min: 1, Avg: 1.0, Max: 1, Diff: 0, Sum: 4]
      [GC Worker Other (ms): Min: 0.0, Avg: 0.0, Max: 0.0, Diff: 0.0, Sum: 0.1]
      [GC Worker Total (ms): Min: 13.9, Avg: 13.9, Max: 13.9, Diff: 0.0, Sum: 55.6]
      [GC Worker End (ms): Min: 20438.1, Avg: 20438.1, Max: 20438.1, Diff: 0.0]
   [Code Root Fixup: 0.0 ms]
   [Code Root Purge: 0.0 ms]
   [Clear CT: 0.1 ms]
   [Other: 5.6 ms]
      [Choose CSet: 0.0 ms]
      [Ref Proc: 5.2 ms]
      [Ref Enq: 0.0 ms]
      [Redirty Cards: 0.0 ms]
      [Humongous Register: 0.0 ms]
      [Humongous Reclaim: 0.0 ms]
      [Free CSet: 0.1 ms]
   [Eden: 100.0M(100.0M)->0.0B(97.0M) Survivors: 15.0M->15.0M Heap: 212.0M(256.0M)->116.0M(256.0M)]
 [Times: user=0.02 sys=0.00, real=0.02 secs] 
2018-08-21T10:55:42.213+0530: 20.839: [GC pause (G1 Evacuation Pause) (young), 0.0213951 secs]
   [Parallel Time: 17.3 ms, GC Workers: 4]
      [GC Worker Start (ms): Min: 20839.2, Avg: 20839.3, Max: 20839.6, Diff: 0.3]
      [Ext Root Scanning (ms): Min: 0.2, Avg: 0.4, Max: 0.5, Diff: 0.3, Sum: 1.5]
      [Update RS (ms): Min: 5.1, Avg: 5.4, Max: 5.8, Diff: 0.7, Sum: 21.6]
         [Processed Buffers: Min: 0, Avg: 9.3, Max: 15, Diff: 15, Sum: 37]
      [Scan RS (ms): Min: 2.0, Avg: 2.3, Max: 2.4, Diff: 0.4, Sum: 9.0]
      [Code Root Scanning (ms): Min: 0.0, Avg: 0.0, Max: 0.0, Diff: 0.0, Sum: 0.0]
      [Object Copy (ms): Min: 8.9, Avg: 9.1, Max: 9.5, Diff: 0.6, Sum: 36.3]
      [Termination (ms): Min: 0.0, Avg: 0.0, Max: 0.0, Diff: 0.0, Sum: 0.0]
         [Termination Attempts: Min: 1, Avg: 1.0, Max: 1, Diff: 0, Sum: 4]
      [GC Worker Other (ms): Min: 0.0, Avg: 0.0, Max: 0.0, Diff: 0.0, Sum: 0.1]
      [GC Worker Total (ms): Min: 16.9, Avg: 17.2, Max: 17.2, Diff: 0.3, Sum: 68.6]
      [GC Worker End (ms): Min: 20856.5, Avg: 20856.5, Max: 20856.5, Diff: 0.0]
   [Code Root Fixup: 0.0 ms]
   [Code Root Purge: 0.0 ms]
   [Clear CT: 0.1 ms]
   [Other: 4.0 ms]
      [Choose CSet: 0.0 ms]
      [Ref Proc: 3.7 ms]
      [Ref Enq: 0.1 ms]
      [Redirty Cards: 0.0 ms]
      [Humongous Register: 0.0 ms]
      [Humongous Reclaim: 0.0 ms]
      [Free CSet: 0.1 ms]
   [Eden: 97.0M(97.0M)->0.0B(96.0M) Survivors: 15.0M->14.0M Heap: 213.5M(256.0M)->117.5M(256.0M)]
 [Times: user=0.06 sys=0.00, real=0.01 secs] 
2018-08-21T10:55:42.527+0530: 21.156: [GC pause (G1 Evacuation Pause) (young), 0.0229487 secs]
   [Parallel Time: 15.6 ms, GC Workers: 4]
      [GC Worker Start (ms): Min: 21155.6, Avg: 21156.8, Max: 21160.6, Diff: 5.0]
      [Ext Root Scanning (ms): Min: 0.0, Avg: 0.3, Max: 0.5, Diff: 0.5, Sum: 1.4]
      [Update RS (ms): Min: 0.0, Avg: 4.5, Max: 8.3, Diff: 8.3, Sum: 18.2]
         [Processed Buffers: Min: 0, Avg: 10.0, Max: 16, Diff: 16, Sum: 40]
      [Scan RS (ms): Min: 0.0, Avg: 0.7, Max: 1.3, Diff: 1.3, Sum: 2.8]
      [Code Root Scanning (ms): Min: 0.0, Avg: 0.0, Max: 0.0, Diff: 0.0, Sum: 0.0]
      [Object Copy (ms): Min: 6.7, Avg: 8.3, Max: 8.9, Diff: 2.1, Sum: 33.3]
      [Termination (ms): Min: 0.0, Avg: 0.0, Max: 0.0, Diff: 0.0, Sum: 0.0]
         [Termination Attempts: Min: 1, Avg: 1.0, Max: 1, Diff: 0, Sum: 4]
      [GC Worker Other (ms): Min: 0.0, Avg: 0.4, Max: 1.6, Diff: 1.6, Sum: 1.7]
      [GC Worker Total (ms): Min: 10.6, Avg: 14.3, Max: 15.6, Diff: 5.0, Sum: 57.3]
      [GC Worker End (ms): Min: 21171.2, Avg: 21171.2, Max: 21171.2, Diff: 0.0]
   [Code Root Fixup: 0.0 ms]
   [Code Root Purge: 0.0 ms]
   [Clear CT: 0.1 ms]
   [Other: 7.2 ms]
      [Choose CSet: 0.0 ms]
      [Ref Proc: 7.0 ms]
      [Ref Enq: 0.0 ms]
      [Redirty Cards: 0.1 ms]
      [Humongous Register: 0.0 ms]
      [Humongous Reclaim: 0.0 ms]
      [Free CSet: 0.1 ms]
   [Eden: 96.0M(96.0M)->0.0B(88.0M) Survivors: 14.0M->14.0M Heap: 213.5M(256.0M)->124.8M(256.0M)]
 [Times: user=0.08 sys=0.00, real=0.03 secs] 
2018-08-21T10:55:42.809+0530: 21.438: [GC pause (G1 Evacuation Pause) (young), 0.0172939 secs]
   [Parallel Time: 12.4 ms, GC Workers: 4]
      [GC Worker Start (ms): Min: 21437.8, Avg: 21437.8, Max: 21437.9, Diff: 0.0]
      [Ext Root Scanning (ms): Min: 0.3, Avg: 0.4, Max: 0.4, Diff: 0.1, Sum: 1.5]
      [Update RS (ms): Min: 4.5, Avg: 4.6, Max: 4.9, Diff: 0.3, Sum: 18.5]
         [Processed Buffers: Min: 13, Avg: 15.8, Max: 19, Diff: 6, Sum: 63]
      [Scan RS (ms): Min: 0.0, Avg: 0.0, Max: 0.0, Diff: 0.0, Sum: 0.1]
      [Code Root Scanning (ms): Min: 0.0, Avg: 0.0, Max: 0.1, Diff: 0.1, Sum: 0.1]
      [Object Copy (ms): Min: 7.1, Avg: 7.3, Max: 7.5, Diff: 0.3, Sum: 29.3]
      [Termination (ms): Min: 0.0, Avg: 0.0, Max: 0.0, Diff: 0.0, Sum: 0.0]
         [Termination Attempts: Min: 1, Avg: 1.0, Max: 1, Diff: 0, Sum: 4]
      [GC Worker Other (ms): Min: 0.0, Avg: 0.0, Max: 0.0, Diff: 0.0, Sum: 0.1]
      [GC Worker Total (ms): Min: 12.4, Avg: 12.4, Max: 12.4, Diff: 0.0, Sum: 49.6]
      [GC Worker End (ms): Min: 21450.2, Avg: 21450.2, Max: 21450.2, Diff: 0.0]
   [Code Root Fixup: 0.1 ms]
   [Code Root Purge: 0.0 ms]
   [Clear CT: 0.1 ms]
   [Other: 4.8 ms]
      [Choose CSet: 0.0 ms]
      [Ref Proc: 4.4 ms]
      [Ref Enq: 0.0 ms]
      [Redirty Cards: 0.1 ms]
      [Humongous Register: 0.0 ms]
      [Humongous Reclaim: 0.0 ms]
      [Free CSet: 0.1 ms]
   [Eden: 88.0M(88.0M)->0.0B(88.0M) Survivors: 14.0M->13.0M Heap: 212.8M(256.0M)->125.5M(256.0M)]
 [Times: user=0.06 sys=0.00, real=0.01 secs] 
2018-08-21T10:55:43.152+0530: 21.773: [GC pause (G1 Evacuation Pause) (young) (initial-mark), 0.0166244 secs]
   [Parallel Time: 12.7 ms, GC Workers: 4]
      [GC Worker Start (ms): Min: 21773.2, Avg: 21773.2, Max: 21773.2, Diff: 0.0]
      [Ext Root Scanning (ms): Min: 0.5, Avg: 0.5, Max: 0.5, Diff: 0.1, Sum: 1.9]
      [Update RS (ms): Min: 3.9, Avg: 4.1, Max: 4.3, Diff: 0.4, Sum: 16.4]
         [Processed Buffers: Min: 10, Avg: 11.8, Max: 15, Diff: 5, Sum: 47]
      [Scan RS (ms): Min: 0.4, Avg: 0.6, Max: 0.8, Diff: 0.4, Sum: 2.3]
      [Code Root Scanning (ms): Min: 0.0, Avg: 0.0, Max: 0.1, Diff: 0.1, Sum: 0.1]
      [Object Copy (ms): Min: 7.4, Avg: 7.5, Max: 7.5, Diff: 0.1, Sum: 29.8]
      [Termination (ms): Min: 0.0, Avg: 0.0, Max: 0.0, Diff: 0.0, Sum: 0.0]
         [Termination Attempts: Min: 1, Avg: 1.5, Max: 3, Diff: 2, Sum: 6]
      [GC Worker Other (ms): Min: 0.0, Avg: 0.0, Max: 0.0, Diff: 0.0, Sum: 0.1]
      [GC Worker Total (ms): Min: 12.6, Avg: 12.7, Max: 12.7, Diff: 0.0, Sum: 50.6]
      [GC Worker End (ms): Min: 21785.9, Avg: 21785.9, Max: 21785.9, Diff: 0.0]
   [Code Root Fixup: 0.0 ms]
   [Code Root Purge: 0.0 ms]
   [Clear CT: 0.1 ms]
   [Other: 3.8 ms]
      [Choose CSet: 0.0 ms]
      [Ref Proc: 3.5 ms]
      [Ref Enq: 0.1 ms]
      [Redirty Cards: 0.1 ms]
      [Humongous Register: 0.0 ms]
      [Humongous Reclaim: 0.0 ms]
      [Free CSet: 0.1 ms]
   [Eden: 88.0M(88.0M)->0.0B(87.0M) Survivors: 13.0M->13.0M Heap: 213.5M(256.0M)->127.0M(256.0M)]
 [Times: user=0.06 sys=0.00, real=0.02 secs] 
2018-08-21T10:55:43.168+0530: 21.790: [GC concurrent-root-region-scan-start]
2018-08-21T10:55:43.168+0530: 21.800: [GC concurrent-root-region-scan-end, 0.0098424 secs]
2018-08-21T10:55:43.168+0530: 21.800: [GC concurrent-mark-start]
2018-08-21T10:55:43.262+0530: 21.881: [GC concurrent-mark-end, 0.0814546 secs]
2018-08-21T10:55:43.262+0530: 21.881: [GC remark 2018-08-21T10:55:43.262+0530: 21.881: [Finalize Marking, 0.0001633 secs] 2018-08-21T10:55:43.262+0530: 21.882: [GC ref-proc, 0.0004432 secs] 2018-08-21T10:55:43.262+0530: 21.882: [Unloading, 0.0032993 secs], 0.0042300 secs]
 [Times: user=0.00 sys=0.00, real=0.00 secs] 
2018-08-21T10:55:43.262+0530: 21.886: [GC cleanup 145M->92M(256M), 0.0003770 secs]
 [Times: user=0.00 sys=0.00, real=0.00 secs] 
2018-08-21T10:55:43.262+0530: 21.886: [GC concurrent-cleanup-start]
2018-08-21T10:55:43.262+0530: 21.886: [GC concurrent-cleanup-end, 0.0000509 secs]
2018-08-21T10:55:43.575+0530: 22.196: [GC pause (G1 Evacuation Pause) (young), 0.0495648 secs]
   [Parallel Time: 33.8 ms, GC Workers: 4]
      [GC Worker Start (ms): Min: 22195.7, Avg: 22195.7, Max: 22195.8, Diff: 0.1]
      [Ext Root Scanning (ms): Min: 0.8, Avg: 0.9, Max: 1.0, Diff: 0.1, Sum: 3.7]
      [Update RS (ms): Min: 8.9, Avg: 9.2, Max: 9.5, Diff: 0.6, Sum: 36.8]
         [Processed Buffers: Min: 11, Avg: 12.0, Max: 14, Diff: 3, Sum: 48]
      [Scan RS (ms): Min: 0.0, Avg: 0.0, Max: 0.1, Diff: 0.1, Sum: 0.1]
      [Code Root Scanning (ms): Min: 0.0, Avg: 0.1, Max: 0.5, Diff: 0.5, Sum: 0.5]
      [Object Copy (ms): Min: 23.3, Avg: 23.4, Max: 23.8, Diff: 0.4, Sum: 93.8]
      [Termination (ms): Min: 0.0, Avg: 0.0, Max: 0.0, Diff: 0.0, Sum: 0.0]
         [Termination Attempts: Min: 1, Avg: 1.0, Max: 1, Diff: 0, Sum: 4]
      [GC Worker Other (ms): Min: 0.0, Avg: 0.0, Max: 0.0, Diff: 0.0, Sum: 0.1]
      [GC Worker Total (ms): Min: 33.7, Avg: 33.8, Max: 33.8, Diff: 0.1, Sum: 135.0]
      [GC Worker End (ms): Min: 22229.5, Avg: 22229.5, Max: 22229.5, Diff: 0.0]
   [Code Root Fixup: 0.1 ms]
   [Code Root Purge: 0.0 ms]
   [Clear CT: 0.2 ms]
   [Other: 15.4 ms]
      [Choose CSet: 0.0 ms]
      [Ref Proc: 14.7 ms]
      [Ref Enq: 0.2 ms]
      [Redirty Cards: 0.2 ms]
      [Humongous Register: 0.0 ms]
      [Humongous Reclaim: 0.0 ms]
      [Free CSet: 0.1 ms]
   [Eden: 87.0M(87.0M)->0.0B(1024.0K) Survivors: 13.0M->13.0M Heap: 161.0M(256.0M)->82.8M(256.0M)]
 [Times: user=0.14 sys=0.00, real=0.05 secs] 
2018-08-21T10:55:43.638+0530: 22.257: [GC pause (G1 Evacuation Pause) (mixed), 0.0522044 secs]
   [Parallel Time: 50.5 ms, GC Workers: 4]
      [GC Worker Start (ms): Min: 22257.5, Avg: 22257.5, Max: 22257.5, Diff: 0.1]
      [Ext Root Scanning (ms): Min: 0.9, Avg: 1.0, Max: 1.0, Diff: 0.1, Sum: 3.8]
      [Update RS (ms): Min: 10.1, Avg: 10.3, Max: 10.6, Diff: 0.5, Sum: 41.0]
         [Processed Buffers: Min: 9, Avg: 10.5, Max: 12, Diff: 3, Sum: 42]
      [Scan RS (ms): Min: 4.6, Avg: 5.2, Max: 6.3, Diff: 1.6, Sum: 20.7]
      [Code Root Scanning (ms): Min: 0.0, Avg: 0.2, Max: 0.6, Diff: 0.6, Sum: 0.9]
      [Object Copy (ms): Min: 33.0, Avg: 33.7, Max: 34.1, Diff: 1.1, Sum: 134.8]
      [Termination (ms): Min: 0.0, Avg: 0.0, Max: 0.0, Diff: 0.0, Sum: 0.0]
         [Termination Attempts: Min: 1, Avg: 1.8, Max: 4, Diff: 3, Sum: 7]
      [GC Worker Other (ms): Min: 0.0, Avg: 0.0, Max: 0.0, Diff: 0.0, Sum: 0.1]
      [GC Worker Total (ms): Min: 50.3, Avg: 50.3, Max: 50.3, Diff: 0.0, Sum: 201.3]
      [GC Worker End (ms): Min: 22307.8, Avg: 22307.8, Max: 22307.8, Diff: 0.0]
   [Code Root Fixup: 0.3 ms]
   [Code Root Purge: 0.0 ms]
   [Clear CT: 0.2 ms]
   [Other: 1.3 ms]
      [Choose CSet: 0.1 ms]
      [Ref Proc: 0.4 ms]
      [Ref Enq: 0.0 ms]
      [Redirty Cards: 0.2 ms]
      [Humongous Register: 0.0 ms]
      [Humongous Reclaim: 0.0 ms]
      [Free CSet: 0.3 ms]
   [Eden: 1024.0K(1024.0K)->0.0B(151.0M) Survivors: 13.0M->2048.0K Heap: 83.8M(256.0M)->61.0M(256.0M)]
 [Times: user=0.19 sys=0.00, real=0.05 secs] 
2018-08-21T10:55:45.513+0530: 24.140: [GC pause (G1 Evacuation Pause) (young), 0.0481106 secs]
   [Parallel Time: 26.6 ms, GC Workers: 4]
      [GC Worker Start (ms): Min: 24139.9, Avg: 24140.0, Max: 24140.0, Diff: 0.1]
      [Ext Root Scanning (ms): Min: 0.9, Avg: 1.0, Max: 1.0, Diff: 0.1, Sum: 3.9]
      [Update RS (ms): Min: 16.1, Avg: 17.1, Max: 17.6, Diff: 1.5, Sum: 68.5]
         [Processed Buffers: Min: 15, Avg: 15.3, Max: 16, Diff: 1, Sum: 61]
      [Scan RS (ms): Min: 0.0, Avg: 0.1, Max: 0.3, Diff: 0.3, Sum: 0.3]
      [Code Root Scanning (ms): Min: 0.0, Avg: 0.0, Max: 0.0, Diff: 0.0, Sum: 0.0]
      [Object Copy (ms): Min: 7.9, Avg: 8.3, Max: 9.2, Diff: 1.3, Sum: 33.3]
      [Termination (ms): Min: 0.0, Avg: 0.0, Max: 0.0, Diff: 0.0, Sum: 0.0]
         [Termination Attempts: Min: 1, Avg: 1.0, Max: 1, Diff: 0, Sum: 4]
      [GC Worker Other (ms): Min: 0.0, Avg: 0.0, Max: 0.0, Diff: 0.0, Sum: 0.1]
      [GC Worker Total (ms): Min: 26.5, Avg: 26.5, Max: 26.6, Diff: 0.1, Sum: 106.1]
      [GC Worker End (ms): Min: 24166.5, Avg: 24166.5, Max: 24166.5, Diff: 0.0]
   [Code Root Fixup: 0.1 ms]
   [Code Root Purge: 0.0 ms]
   [Clear CT: 0.2 ms]
   [Other: 21.2 ms]
      [Choose CSet: 0.0 ms]
      [Ref Proc: 20.1 ms]
      [Ref Enq: 0.3 ms]
      [Redirty Cards: 0.1 ms]
      [Humongous Register: 0.0 ms]
      [Humongous Reclaim: 0.0 ms]
      [Free CSet: 0.3 ms]
   [Eden: 151.0M(151.0M)->0.0B(136.0M) Survivors: 2048.0K->16.0M Heap: 212.0M(256.0M)->75.0M(256.0M)]
 [Times: user=0.14 sys=0.00, real=0.05 secs] 
2018-08-21T10:55:46.763+0530: 25.388: [GC pause (G1 Evacuation Pause) (young), 0.0287398 secs]
   [Parallel Time: 14.6 ms, GC Workers: 4]
      [GC Worker Start (ms): Min: 25388.5, Avg: 25388.5, Max: 25388.6, Diff: 0.1]
      [Ext Root Scanning (ms): Min: 0.8, Avg: 1.0, Max: 1.0, Diff: 0.2, Sum: 3.9]
      [Update RS (ms): Min: 4.7, Avg: 5.0, Max: 5.6, Diff: 0.9, Sum: 20.2]
         [Processed Buffers: Min: 3, Avg: 4.5, Max: 6, Diff: 3, Sum: 18]
      [Scan RS (ms): Min: 0.0, Avg: 0.1, Max: 0.1, Diff: 0.1, Sum: 0.2]
      [Code Root Scanning (ms): Min: 0.0, Avg: 0.0, Max: 0.0, Diff: 0.0, Sum: 0.0]
      [Object Copy (ms): Min: 7.8, Avg: 8.3, Max: 8.7, Diff: 0.9, Sum: 33.4]
      [Termination (ms): Min: 0.0, Avg: 0.0, Max: 0.0, Diff: 0.0, Sum: 0.0]
         [Termination Attempts: Min: 1, Avg: 1.0, Max: 1, Diff: 0, Sum: 4]
      [GC Worker Other (ms): Min: 0.0, Avg: 0.0, Max: 0.0, Diff: 0.0, Sum: 0.1]
      [GC Worker Total (ms): Min: 14.4, Avg: 14.5, Max: 14.5, Diff: 0.1, Sum: 57.9]
      [GC Worker End (ms): Min: 25403.0, Avg: 25403.0, Max: 25403.0, Diff: 0.0]
   [Code Root Fixup: 0.1 ms]
   [Code Root Purge: 0.0 ms]
   [Clear CT: 0.1 ms]
   [Other: 13.9 ms]
      [Choose CSet: 0.0 ms]
      [Ref Proc: 13.1 ms]
      [Ref Enq: 0.1 ms]
      [Redirty Cards: 0.2 ms]
      [Humongous Register: 0.0 ms]
      [Humongous Reclaim: 0.0 ms]
      [Free CSet: 0.2 ms]
   [Eden: 136.0M(136.0M)->0.0B(138.0M) Survivors: 16.0M->15.0M Heap: 211.0M(256.0M)->73.5M(256.0M)]
 [Times: user=0.08 sys=0.00, real=0.03 secs] 
2018-08-21T10:55:48.185+0530: 26.818: [GC pause (G1 Evacuation Pause) (young), 0.0319080 secs]
   [Parallel Time: 17.8 ms, GC Workers: 4]
      [GC Worker Start (ms): Min: 26817.7, Avg: 26817.8, Max: 26817.8, Diff: 0.1]
      [Ext Root Scanning (ms): Min: 0.8, Avg: 0.9, Max: 0.9, Diff: 0.1, Sum: 3.5]
      [Update RS (ms): Min: 5.6, Avg: 5.9, Max: 6.2, Diff: 0.6, Sum: 23.4]
         [Processed Buffers: Min: 4, Avg: 5.8, Max: 7, Diff: 3, Sum: 23]
      [Scan RS (ms): Min: 0.0, Avg: 0.1, Max: 0.1, Diff: 0.1, Sum: 0.2]
      [Code Root Scanning (ms): Min: 0.0, Avg: 0.0, Max: 0.0, Diff: 0.0, Sum: 0.0]
      [Object Copy (ms): Min: 10.5, Avg: 10.8, Max: 11.1, Diff: 0.6, Sum: 43.3]
      [Termination (ms): Min: 0.0, Avg: 0.0, Max: 0.0, Diff: 0.0, Sum: 0.0]
         [Termination Attempts: Min: 1, Avg: 1.0, Max: 1, Diff: 0, Sum: 4]
      [GC Worker Other (ms): Min: 0.0, Avg: 0.0, Max: 0.0, Diff: 0.0, Sum: 0.1]
      [GC Worker Total (ms): Min: 17.7, Avg: 17.7, Max: 17.7, Diff: 0.0, Sum: 70.7]
      [GC Worker End (ms): Min: 26835.4, Avg: 26835.4, Max: 26835.4, Diff: 0.0]
   [Code Root Fixup: 0.1 ms]
   [Code Root Purge: 0.0 ms]
   [Clear CT: 0.1 ms]
   [Other: 13.9 ms]
      [Choose CSet: 0.0 ms]
      [Ref Proc: 13.0 ms]
      [Ref Enq: 0.3 ms]
      [Redirty Cards: 0.2 ms]
      [Humongous Register: 0.0 ms]
      [Humongous Reclaim: 0.0 ms]
      [Free CSet: 0.2 ms]
   [Eden: 138.0M(138.0M)->0.0B(130.0M) Survivors: 15.0M->19.0M Heap: 211.5M(256.0M)->77.5M(256.0M)]
 [Times: user=0.19 sys=0.00, real=0.05 secs] 
2018-08-21T10:55:49.514+0530: 28.133: [GC pause (G1 Evacuation Pause) (young), 0.0399808 secs]
   [Parallel Time: 19.4 ms, GC Workers: 4]
      [GC Worker Start (ms): Min: 28132.7, Avg: 28132.8, Max: 28132.8, Diff: 0.0]
      [Ext Root Scanning (ms): Min: 0.7, Avg: 0.8, Max: 0.8, Diff: 0.1, Sum: 3.1]
      [Update RS (ms): Min: 5.7, Avg: 5.9, Max: 6.2, Diff: 0.5, Sum: 23.8]
         [Processed Buffers: Min: 5, Avg: 6.5, Max: 9, Diff: 4, Sum: 26]
      [Scan RS (ms): Min: 0.0, Avg: 0.0, Max: 0.1, Diff: 0.1, Sum: 0.2]
      [Code Root Scanning (ms): Min: 0.0, Avg: 0.0, Max: 0.0, Diff: 0.0, Sum: 0.0]
      [Object Copy (ms): Min: 12.3, Avg: 12.5, Max: 12.7, Diff: 0.4, Sum: 50.2]
      [Termination (ms): Min: 0.0, Avg: 0.0, Max: 0.0, Diff: 0.0, Sum: 0.0]
         [Termination Attempts: Min: 1, Avg: 1.0, Max: 1, Diff: 0, Sum: 4]
      [GC Worker Other (ms): Min: 0.0, Avg: 0.0, Max: 0.0, Diff: 0.0, Sum: 0.1]
      [GC Worker Total (ms): Min: 19.3, Avg: 19.3, Max: 19.4, Diff: 0.0, Sum: 77.3]
      [GC Worker End (ms): Min: 28152.1, Avg: 28152.1, Max: 28152.1, Diff: 0.0]
   [Code Root Fixup: 0.1 ms]
   [Code Root Purge: 0.0 ms]
   [Clear CT: 0.1 ms]
   [Other: 20.4 ms]
      [Choose CSet: 0.0 ms]
      [Ref Proc: 19.6 ms]
      [Ref Enq: 0.2 ms]
      [Redirty Cards: 0.1 ms]
      [Humongous Register: 0.0 ms]
      [Humongous Reclaim: 0.0 ms]
      [Free CSet: 0.2 ms]
   [Eden: 130.0M(130.0M)->0.0B(129.0M) Survivors: 19.0M->19.0M Heap: 207.5M(256.0M)->79.4M(256.0M)]
 [Times: user=0.08 sys=0.00, real=0.03 secs] 
2018-08-21T10:55:50.483+0530: 29.111: [GC pause (G1 Evacuation Pause) (young), 0.0296793 secs]
   [Parallel Time: 18.6 ms, GC Workers: 4]
      [GC Worker Start (ms): Min: 29111.0, Avg: 29111.0, Max: 29111.0, Diff: 0.0]
      [Ext Root Scanning (ms): Min: 0.6, Avg: 0.7, Max: 0.7, Diff: 0.1, Sum: 2.7]
      [Update RS (ms): Min: 5.6, Avg: 6.0, Max: 6.3, Diff: 0.6, Sum: 24.0]
         [Processed Buffers: Min: 6, Avg: 8.0, Max: 11, Diff: 5, Sum: 32]
      [Scan RS (ms): Min: 0.0, Avg: 0.0, Max: 0.1, Diff: 0.1, Sum: 0.1]
      [Code Root Scanning (ms): Min: 0.0, Avg: 0.0, Max: 0.0, Diff: 0.0, Sum: 0.0]
      [Object Copy (ms): Min: 11.6, Avg: 11.8, Max: 12.1, Diff: 0.5, Sum: 47.2]
      [Termination (ms): Min: 0.0, Avg: 0.0, Max: 0.0, Diff: 0.0, Sum: 0.0]
         [Termination Attempts: Min: 1, Avg: 1.0, Max: 1, Diff: 0, Sum: 4]
      [GC Worker Other (ms): Min: 0.0, Avg: 0.0, Max: 0.0, Diff: 0.0, Sum: 0.1]
      [GC Worker Total (ms): Min: 18.5, Avg: 18.5, Max: 18.6, Diff: 0.0, Sum: 74.1]
      [GC Worker End (ms): Min: 29129.5, Avg: 29129.5, Max: 29129.5, Diff: 0.0]
   [Code Root Fixup: 0.1 ms]
   [Code Root Purge: 0.0 ms]
   [Clear CT: 0.2 ms]
   [Other: 10.9 ms]
      [Choose CSet: 0.0 ms]
      [Ref Proc: 10.4 ms]
      [Ref Enq: 0.1 ms]
      [Redirty Cards: 0.1 ms]
      [Humongous Register: 0.0 ms]
      [Humongous Reclaim: 0.0 ms]
      [Free CSet: 0.1 ms]
   [Eden: 129.0M(129.0M)->0.0B(133.0M) Survivors: 19.0M->17.0M Heap: 208.4M(256.0M)->76.9M(256.0M)]
 [Times: user=0.08 sys=0.00, real=0.03 secs] 
2018-08-21T10:55:51.342+0530: 29.967: [GC pause (G1 Evacuation Pause) (young), 0.0303582 secs]
   [Parallel Time: 18.9 ms, GC Workers: 4]
      [GC Worker Start (ms): Min: 29967.4, Avg: 29967.7, Max: 29968.4, Diff: 1.0]
      [Ext Root Scanning (ms): Min: 0.0, Avg: 0.5, Max: 0.7, Diff: 0.7, Sum: 2.2]
      [Update RS (ms): Min: 5.6, Avg: 5.9, Max: 6.1, Diff: 0.4, Sum: 23.6]
         [Processed Buffers: Min: 7, Avg: 8.5, Max: 11, Diff: 4, Sum: 34]
      [Scan RS (ms): Min: 0.0, Avg: 0.0, Max: 0.1, Diff: 0.1, Sum: 0.1]
      [Code Root Scanning (ms): Min: 0.0, Avg: 0.0, Max: 0.0, Diff: 0.0, Sum: 0.0]
      [Object Copy (ms): Min: 12.0, Avg: 12.1, Max: 12.3, Diff: 0.3, Sum: 48.3]
      [Termination (ms): Min: 0.0, Avg: 0.0, Max: 0.0, Diff: 0.0, Sum: 0.0]
         [Termination Attempts: Min: 1, Avg: 1.0, Max: 1, Diff: 0, Sum: 4]
      [GC Worker Other (ms): Min: 0.0, Avg: 0.0, Max: 0.0, Diff: 0.0, Sum: 0.1]
      [GC Worker Total (ms): Min: 17.9, Avg: 18.6, Max: 18.8, Diff: 1.0, Sum: 74.4]
      [GC Worker End (ms): Min: 29986.3, Avg: 29986.3, Max: 29986.3, Diff: 0.0]
   [Code Root Fixup: 0.0 ms]
   [Code Root Purge: 0.0 ms]
   [Clear CT: 0.1 ms]
   [Other: 11.4 ms]
      [Choose CSet: 0.0 ms]
      [Ref Proc: 10.8 ms]
      [Ref Enq: 0.1 ms]
      [Redirty Cards: 0.1 ms]
      [Humongous Register: 0.0 ms]
      [Humongous Reclaim: 0.0 ms]
      [Free CSet: 0.2 ms]
   [Eden: 133.0M(133.0M)->0.0B(131.0M) Survivors: 17.0M->18.0M Heap: 209.9M(256.0M)->77.9M(256.0M)]
 [Times: user=0.08 sys=0.00, real=0.03 secs] 
2018-08-21T10:55:52.217+0530: 30.839: [GC pause (G1 Evacuation Pause) (young), 0.0309632 secs]
   [Parallel Time: 20.5 ms, GC Workers: 4]
      [GC Worker Start (ms): Min: 30839.2, Avg: 30839.2, Max: 30839.3, Diff: 0.0]
      [Ext Root Scanning (ms): Min: 0.6, Avg: 0.6, Max: 0.7, Diff: 0.1, Sum: 2.5]
      [Update RS (ms): Min: 6.1, Avg: 6.3, Max: 6.6, Diff: 0.5, Sum: 25.3]
         [Processed Buffers: Min: 8, Avg: 9.0, Max: 12, Diff: 4, Sum: 36]
      [Scan RS (ms): Min: 0.0, Avg: 0.0, Max: 0.1, Diff: 0.1, Sum: 0.2]
      [Code Root Scanning (ms): Min: 0.0, Avg: 0.0, Max: 0.0, Diff: 0.0, Sum: 0.0]
      [Object Copy (ms): Min: 13.2, Avg: 13.4, Max: 13.6, Diff: 0.5, Sum: 53.6]
      [Termination (ms): Min: 0.0, Avg: 0.0, Max: 0.0, Diff: 0.0, Sum: 0.0]
         [Termination Attempts: Min: 1, Avg: 1.0, Max: 1, Diff: 0, Sum: 4]
      [GC Worker Other (ms): Min: 0.0, Avg: 0.0, Max: 0.0, Diff: 0.0, Sum: 0.1]
      [GC Worker Total (ms): Min: 20.4, Avg: 20.4, Max: 20.5, Diff: 0.0, Sum: 81.7]
      [GC Worker End (ms): Min: 30859.7, Avg: 30859.7, Max: 30859.7, Diff: 0.0]
   [Code Root Fixup: 0.1 ms]
   [Code Root Purge: 0.0 ms]
   [Clear CT: 0.1 ms]
   [Other: 10.3 ms]
      [Choose CSet: 0.0 ms]
      [Ref Proc: 9.8 ms]
      [Ref Enq: 0.1 ms]
      [Redirty Cards: 0.1 ms]
      [Humongous Register: 0.0 ms]
      [Humongous Reclaim: 0.0 ms]
      [Free CSet: 0.2 ms]
   [Eden: 131.0M(131.0M)->0.0B(131.0M) Survivors: 18.0M->18.0M Heap: 208.9M(256.0M)->78.4M(256.0M)]
 [Times: user=0.08 sys=0.00, real=0.03 secs] 
2018-08-21T10:55:52.639+0530: 31.261: [GC pause (G1 Evacuation Pause) (young), 0.0212594 secs]
   [Parallel Time: 19.5 ms, GC Workers: 4]
      [GC Worker Start (ms): Min: 31261.5, Avg: 31261.5, Max: 31261.5, Diff: 0.0]
      [Ext Root Scanning (ms): Min: 0.6, Avg: 0.6, Max: 0.6, Diff: 0.1, Sum: 2.4]
      [Update RS (ms): Min: 5.7, Avg: 6.2, Max: 6.7, Diff: 1.0, Sum: 25.0]
         [Processed Buffers: Min: 8, Avg: 8.8, Max: 9, Diff: 1, Sum: 35]
      [Scan RS (ms): Min: 0.0, Avg: 0.0, Max: 0.1, Diff: 0.1, Sum: 0.1]
      [Code Root Scanning (ms): Min: 0.0, Avg: 0.0, Max: 0.0, Diff: 0.0, Sum: 0.0]
      [Object Copy (ms): Min: 12.1, Avg: 12.6, Max: 13.1, Diff: 1.0, Sum: 50.2]
      [Termination (ms): Min: 0.0, Avg: 0.0, Max: 0.0, Diff: 0.0, Sum: 0.0]
         [Termination Attempts: Min: 1, Avg: 1.0, Max: 1, Diff: 0, Sum: 4]
      [GC Worker Other (ms): Min: 0.0, Avg: 0.0, Max: 0.0, Diff: 0.0, Sum: 0.1]
      [GC Worker Total (ms): Min: 19.5, Avg: 19.5, Max: 19.5, Diff: 0.0, Sum: 77.9]
      [GC Worker End (ms): Min: 31281.0, Avg: 31281.0, Max: 31281.0, Diff: 0.0]
   [Code Root Fixup: 0.1 ms]
   [Code Root Purge: 0.0 ms]
   [Clear CT: 0.1 ms]
   [Other: 1.6 ms]
      [Choose CSet: 0.0 ms]
      [Ref Proc: 1.1 ms]
      [Ref Enq: 0.0 ms]
      [Redirty Cards: 0.1 ms]
      [Humongous Register: 0.0 ms]
      [Humongous Reclaim: 0.0 ms]
      [Free CSet: 0.2 ms]
   [Eden: 131.0M(131.0M)->0.0B(143.0M) Survivors: 18.0M->10.0M Heap: 209.4M(256.0M)->69.9M(256.0M)]
 [Times: user=0.06 sys=0.00, real=0.02 secs] 
2018-08-21T10:55:53.123+0530: 31.744: [GC pause (G1 Evacuation Pause) (young), 0.0198584 secs]
   [Parallel Time: 18.0 ms, GC Workers: 4]
      [GC Worker Start (ms): Min: 31744.3, Avg: 31744.3, Max: 31744.3, Diff: 0.0]
      [Ext Root Scanning (ms): Min: 0.5, Avg: 0.6, Max: 0.6, Diff: 0.1, Sum: 2.3]
      [Update RS (ms): Min: 5.3, Avg: 5.5, Max: 5.7, Diff: 0.4, Sum: 22.0]
         [Processed Buffers: Min: 8, Avg: 9.0, Max: 11, Diff: 3, Sum: 36]
      [Scan RS (ms): Min: 0.0, Avg: 0.0, Max: 0.1, Diff: 0.1, Sum: 0.1]
      [Code Root Scanning (ms): Min: 0.0, Avg: 0.0, Max: 0.0, Diff: 0.0, Sum: 0.0]
      [Object Copy (ms): Min: 11.7, Avg: 11.8, Max: 11.9, Diff: 0.3, Sum: 47.3]
      [Termination (ms): Min: 0.0, Avg: 0.0, Max: 0.0, Diff: 0.0, Sum: 0.0]
         [Termination Attempts: Min: 1, Avg: 1.0, Max: 1, Diff: 0, Sum: 4]
      [GC Worker Other (ms): Min: 0.0, Avg: 0.0, Max: 0.0, Diff: 0.0, Sum: 0.1]
      [GC Worker Total (ms): Min: 18.0, Avg: 18.0, Max: 18.0, Diff: 0.0, Sum: 71.9]
      [GC Worker End (ms): Min: 31762.2, Avg: 31762.2, Max: 31762.2, Diff: 0.0]
   [Code Root Fixup: 0.1 ms]
   [Code Root Purge: 0.0 ms]
   [Clear CT: 0.1 ms]
   [Other: 1.7 ms]
      [Choose CSet: 0.0 ms]
      [Ref Proc: 1.2 ms]
      [Ref Enq: 0.0 ms]
      [Redirty Cards: 0.1 ms]
      [Humongous Register: 0.0 ms]
      [Humongous Reclaim: 0.0 ms]
      [Free CSet: 0.1 ms]
   [Eden: 143.0M(143.0M)->0.0B(143.0M) Survivors: 10.0M->10.0M Heap: 212.9M(256.0M)->70.4M(256.0M)]
 [Times: user=0.06 sys=0.00, real=0.02 secs] 
2018-08-21T10:55:53.977+0530: 32.609: [GC pause (G1 Evacuation Pause) (young), 0.0315585 secs]
   [Parallel Time: 21.2 ms, GC Workers: 4]
      [GC Worker Start (ms): Min: 32609.5, Avg: 32609.6, Max: 32609.6, Diff: 0.0]
      [Ext Root Scanning (ms): Min: 0.5, Avg: 0.6, Max: 0.6, Diff: 0.1, Sum: 2.3]
      [Update RS (ms): Min: 6.0, Avg: 6.2, Max: 6.4, Diff: 0.4, Sum: 24.9]
         [Processed Buffers: Min: 8, Avg: 9.8, Max: 13, Diff: 5, Sum: 39]
      [Scan RS (ms): Min: 0.0, Avg: 0.0, Max: 0.1, Diff: 0.1, Sum: 0.1]
      [Code Root Scanning (ms): Min: 0.0, Avg: 0.0, Max: 0.0, Diff: 0.0, Sum: 0.0]
      [Object Copy (ms): Min: 14.1, Avg: 14.3, Max: 14.4, Diff: 0.4, Sum: 57.1]
      [Termination (ms): Min: 0.0, Avg: 0.0, Max: 0.0, Diff: 0.0, Sum: 0.0]
         [Termination Attempts: Min: 1, Avg: 1.0, Max: 1, Diff: 0, Sum: 4]
      [GC Worker Other (ms): Min: 0.0, Avg: 0.0, Max: 0.0, Diff: 0.0, Sum: 0.1]
      [GC Worker Total (ms): Min: 21.1, Avg: 21.1, Max: 21.1, Diff: 0.0, Sum: 84.5]
      [GC Worker End (ms): Min: 32630.7, Avg: 32630.7, Max: 32630.7, Diff: 0.0]
   [Code Root Fixup: 0.0 ms]
   [Code Root Purge: 0.0 ms]
   [Clear CT: 0.1 ms]
   [Other: 10.3 ms]
      [Choose CSet: 0.0 ms]
      [Ref Proc: 9.8 ms]
      [Ref Enq: 0.1 ms]
      [Redirty Cards: 0.1 ms]
      [Humongous Register: 0.0 ms]
      [Humongous Reclaim: 0.0 ms]
      [Free CSet: 0.1 ms]
   [Eden: 143.0M(143.0M)->0.0B(124.0M) Survivors: 10.0M->20.0M Heap: 213.4M(256.0M)->82.7M(256.0M)]
 [Times: user=0.13 sys=0.00, real=0.03 secs] 
2018-08-21T10:55:54.790+0530: 33.414: [GC pause (G1 Evacuation Pause) (young), 0.0318650 secs]
   [Parallel Time: 20.1 ms, GC Workers: 4]
      [GC Worker Start (ms): Min: 33414.1, Avg: 33414.1, Max: 33414.1, Diff: 0.0]
      [Ext Root Scanning (ms): Min: 0.4, Avg: 0.5, Max: 0.5, Diff: 0.1, Sum: 1.9]
      [Update RS (ms): Min: 5.8, Avg: 6.0, Max: 6.2, Diff: 0.4, Sum: 24.2]
         [Processed Buffers: Min: 10, Avg: 11.3, Max: 13, Diff: 3, Sum: 45]
      [Scan RS (ms): Min: 0.0, Avg: 0.0, Max: 0.1, Diff: 0.1, Sum: 0.1]
      [Code Root Scanning (ms): Min: 0.0, Avg: 0.0, Max: 0.0, Diff: 0.0, Sum: 0.0]
      [Object Copy (ms): Min: 13.3, Avg: 13.4, Max: 13.6, Diff: 0.4, Sum: 53.8]
      [Termination (ms): Min: 0.0, Avg: 0.0, Max: 0.0, Diff: 0.0, Sum: 0.0]
         [Termination Attempts: Min: 1, Avg: 1.0, Max: 1, Diff: 0, Sum: 4]
      [GC Worker Other (ms): Min: 0.0, Avg: 0.0, Max: 0.0, Diff: 0.0, Sum: 0.1]
      [GC Worker Total (ms): Min: 20.0, Avg: 20.0, Max: 20.0, Diff: 0.0, Sum: 80.1]
      [GC Worker End (ms): Min: 33434.1, Avg: 33434.1, Max: 33434.1, Diff: 0.0]
   [Code Root Fixup: 0.0 ms]
   [Code Root Purge: 0.0 ms]
   [Clear CT: 0.1 ms]
   [Other: 11.7 ms]
      [Choose CSet: 0.0 ms]
      [Ref Proc: 11.3 ms]
      [Ref Enq: 0.1 ms]
      [Redirty Cards: 0.1 ms]
      [Humongous Register: 0.0 ms]
      [Humongous Reclaim: 0.0 ms]
      [Free CSet: 0.1 ms]
   [Eden: 124.0M(124.0M)->0.0B(124.0M) Survivors: 20.0M->18.0M Heap: 206.7M(256.0M)->85.0M(256.0M)]
 [Times: user=0.08 sys=0.00, real=0.03 secs] 
2018-08-21T10:55:55.415+0530: 34.038: [GC pause (G1 Evacuation Pause) (young), 0.0271820 secs]
   [Parallel Time: 18.8 ms, GC Workers: 4]
      [GC Worker Start (ms): Min: 34037.7, Avg: 34037.7, Max: 34037.7, Diff: 0.0]
      [Ext Root Scanning (ms): Min: 0.5, Avg: 0.5, Max: 0.5, Diff: 0.1, Sum: 2.0]
      [Update RS (ms): Min: 5.5, Avg: 5.7, Max: 6.0, Diff: 0.5, Sum: 23.0]
         [Processed Buffers: Min: 12, Avg: 12.8, Max: 13, Diff: 1, Sum: 51]
      [Scan RS (ms): Min: 0.0, Avg: 0.0, Max: 0.1, Diff: 0.1, Sum: 0.1]
      [Code Root Scanning (ms): Min: 0.0, Avg: 0.0, Max: 0.0, Diff: 0.0, Sum: 0.0]
      [Object Copy (ms): Min: 12.3, Avg: 12.5, Max: 12.7, Diff: 0.4, Sum: 50.0]
      [Termination (ms): Min: 0.0, Avg: 0.0, Max: 0.0, Diff: 0.0, Sum: 0.0]
         [Termination Attempts: Min: 1, Avg: 1.0, Max: 1, Diff: 0, Sum: 4]
      [GC Worker Other (ms): Min: 0.0, Avg: 0.0, Max: 0.0, Diff: 0.0, Sum: 0.1]
      [GC Worker Total (ms): Min: 18.8, Avg: 18.8, Max: 18.8, Diff: 0.0, Sum: 75.1]
      [GC Worker End (ms): Min: 34056.5, Avg: 34056.5, Max: 34056.5, Diff: 0.0]
   [Code Root Fixup: 0.0 ms]
   [Code Root Purge: 0.0 ms]
   [Clear CT: 0.1 ms]
   [Other: 8.2 ms]
      [Choose CSet: 0.0 ms]
      [Ref Proc: 7.8 ms]
      [Ref Enq: 0.1 ms]
      [Redirty Cards: 0.1 ms]
      [Humongous Register: 0.0 ms]
      [Humongous Reclaim: 0.0 ms]
      [Free CSet: 0.1 ms]
   [Eden: 124.0M(124.0M)->0.0B(120.0M) Survivors: 18.0M->18.0M Heap: 209.0M(256.0M)->89.0M(256.0M)]
 [Times: user=0.08 sys=0.00, real=0.03 secs] 
2018-08-21T10:55:55.946+0530: 34.570: [GC pause (G1 Evacuation Pause) (young), 0.0267024 secs]
   [Parallel Time: 19.1 ms, GC Workers: 4]
      [GC Worker Start (ms): Min: 34569.7, Avg: 34569.7, Max: 34569.8, Diff: 0.0]
      [Ext Root Scanning (ms): Min: 0.4, Avg: 0.4, Max: 0.5, Diff: 0.0, Sum: 1.7]
      [Update RS (ms): Min: 7.4, Avg: 7.6, Max: 7.8, Diff: 0.3, Sum: 30.4]
         [Processed Buffers: Min: 13, Avg: 16.5, Max: 22, Diff: 9, Sum: 66]
      [Scan RS (ms): Min: 0.0, Avg: 0.0, Max: 0.0, Diff: 0.0, Sum: 0.1]
      [Code Root Scanning (ms): Min: 0.0, Avg: 0.0, Max: 0.0, Diff: 0.0, Sum: 0.0]
      [Object Copy (ms): Min: 10.8, Avg: 11.0, Max: 11.1, Diff: 0.3, Sum: 43.9]
      [Termination (ms): Min: 0.0, Avg: 0.0, Max: 0.0, Diff: 0.0, Sum: 0.0]
         [Termination Attempts: Min: 1, Avg: 1.0, Max: 1, Diff: 0, Sum: 4]
      [GC Worker Other (ms): Min: 0.0, Avg: 0.0, Max: 0.0, Diff: 0.0, Sum: 0.1]
      [GC Worker Total (ms): Min: 19.0, Avg: 19.0, Max: 19.0, Diff: 0.0, Sum: 76.1]
      [GC Worker End (ms): Min: 34588.8, Avg: 34588.8, Max: 34588.8, Diff: 0.0]
   [Code Root Fixup: 0.0 ms]
   [Code Root Purge: 0.0 ms]
   [Clear CT: 0.1 ms]
   [Other: 7.5 ms]
      [Choose CSet: 0.0 ms]
      [Ref Proc: 7.1 ms]
      [Ref Enq: 0.1 ms]
      [Redirty Cards: 0.2 ms]
      [Humongous Register: 0.0 ms]
      [Humongous Reclaim: 0.0 ms]
      [Free CSet: 0.1 ms]
   [Eden: 120.0M(120.0M)->0.0B(113.0M) Survivors: 18.0M->18.0M Heap: 209.0M(256.0M)->96.5M(256.0M)]
 [Times: user=0.08 sys=0.00, real=0.03 secs] 
2018-08-21T10:55:56.368+0530: 34.991: [GC pause (G1 Evacuation Pause) (young), 0.0256933 secs]
   [Parallel Time: 19.7 ms, GC Workers: 4]
      [GC Worker Start (ms): Min: 34990.8, Avg: 34990.8, Max: 34990.9, Diff: 0.0]
      [Ext Root Scanning (ms): Min: 0.4, Avg: 0.4, Max: 0.5, Diff: 0.1, Sum: 1.7]
      [Update RS (ms): Min: 7.8, Avg: 8.2, Max: 8.7, Diff: 0.8, Sum: 32.7]
         [Processed Buffers: Min: 10, Avg: 15.5, Max: 19, Diff: 9, Sum: 62]
      [Scan RS (ms): Min: 0.0, Avg: 0.0, Max: 0.1, Diff: 0.1, Sum: 0.1]
      [Code Root Scanning (ms): Min: 0.0, Avg: 0.0, Max: 0.0, Diff: 0.0, Sum: 0.0]
      [Object Copy (ms): Min: 10.6, Avg: 11.0, Max: 11.3, Diff: 0.8, Sum: 44.1]
      [Termination (ms): Min: 0.0, Avg: 0.0, Max: 0.0, Diff: 0.0, Sum: 0.0]
         [Termination Attempts: Min: 1, Avg: 1.3, Max: 2, Diff: 1, Sum: 5]
      [GC Worker Other (ms): Min: 0.0, Avg: 0.0, Max: 0.0, Diff: 0.0, Sum: 0.1]
      [GC Worker Total (ms): Min: 19.7, Avg: 19.7, Max: 19.7, Diff: 0.0, Sum: 78.7]
      [GC Worker End (ms): Min: 35010.5, Avg: 35010.5, Max: 35010.5, Diff: 0.0]
   [Code Root Fixup: 0.0 ms]
   [Code Root Purge: 0.0 ms]
   [Clear CT: 0.1 ms]
   [Other: 5.9 ms]
      [Choose CSet: 0.0 ms]
      [Ref Proc: 5.5 ms]
      [Ref Enq: 0.1 ms]
      [Redirty Cards: 0.1 ms]
      [Humongous Register: 0.0 ms]
      [Humongous Reclaim: 0.0 ms]
      [Free CSet: 0.1 ms]
   [Eden: 113.0M(113.0M)->0.0B(107.0M) Survivors: 18.0M->17.0M Heap: 209.5M(256.0M)->103.0M(256.0M)]
 [Times: user=0.06 sys=0.00, real=0.02 secs] 
2018-08-21T10:55:56.790+0530: 35.413: [GC pause (G1 Evacuation Pause) (young), 0.0237572 secs]
   [Parallel Time: 18.8 ms, GC Workers: 4]
      [GC Worker Start (ms): Min: 35412.6, Avg: 35412.6, Max: 35412.6, Diff: 0.0]
      [Ext Root Scanning (ms): Min: 0.4, Avg: 0.5, Max: 0.5, Diff: 0.1, Sum: 1.9]
      [Update RS (ms): Min: 7.5, Avg: 7.7, Max: 7.9, Diff: 0.4, Sum: 31.0]
         [Processed Buffers: Min: 16, Avg: 17.8, Max: 20, Diff: 4, Sum: 71]
      [Scan RS (ms): Min: 0.0, Avg: 0.0, Max: 0.1, Diff: 0.1, Sum: 0.1]
      [Code Root Scanning (ms): Min: 0.0, Avg: 0.0, Max: 0.0, Diff: 0.0, Sum: 0.0]
      [Object Copy (ms): Min: 10.3, Avg: 10.5, Max: 10.6, Diff: 0.3, Sum: 41.8]
      [Termination (ms): Min: 0.0, Avg: 0.0, Max: 0.0, Diff: 0.0, Sum: 0.0]
         [Termination Attempts: Min: 1, Avg: 1.3, Max: 2, Diff: 1, Sum: 5]
      [GC Worker Other (ms): Min: 0.0, Avg: 0.0, Max: 0.0, Diff: 0.0, Sum: 0.1]
      [GC Worker Total (ms): Min: 18.7, Avg: 18.7, Max: 18.7, Diff: 0.0, Sum: 74.8]
      [GC Worker End (ms): Min: 35431.3, Avg: 35431.3, Max: 35431.3, Diff: 0.0]
   [Code Root Fixup: 0.0 ms]
   [Code Root Purge: 0.0 ms]
   [Clear CT: 0.1 ms]
   [Other: 4.9 ms]
      [Choose CSet: 0.0 ms]
      [Ref Proc: 4.5 ms]
      [Ref Enq: 0.0 ms]
      [Redirty Cards: 0.1 ms]
      [Humongous Register: 0.0 ms]
      [Humongous Reclaim: 0.0 ms]
      [Free CSet: 0.1 ms]
   [Eden: 107.0M(107.0M)->0.0B(104.0M) Survivors: 17.0M->16.0M Heap: 210.0M(256.0M)->107.0M(256.0M)]
 [Times: user=0.06 sys=0.00, real=0.02 secs] 
2018-08-21T10:55:57.212+0530: 35.842: [GC pause (G1 Evacuation Pause) (young), 0.0250751 secs]
   [Parallel Time: 19.1 ms, GC Workers: 4]
      [GC Worker Start (ms): Min: 35841.8, Avg: 35841.8, Max: 35841.8, Diff: 0.0]
      [Ext Root Scanning (ms): Min: 0.4, Avg: 0.4, Max: 0.4, Diff: 0.1, Sum: 1.7]
      [Update RS (ms): Min: 8.0, Avg: 8.1, Max: 8.2, Diff: 0.2, Sum: 32.5]
         [Processed Buffers: Min: 18, Avg: 18.3, Max: 19, Diff: 1, Sum: 73]
      [Scan RS (ms): Min: 0.0, Avg: 0.0, Max: 0.0, Diff: 0.0, Sum: 0.1]
      [Code Root Scanning (ms): Min: 0.0, Avg: 0.0, Max: 0.0, Diff: 0.0, Sum: 0.0]
      [Object Copy (ms): Min: 10.4, Avg: 10.5, Max: 10.6, Diff: 0.2, Sum: 42.1]
      [Termination (ms): Min: 0.0, Avg: 0.0, Max: 0.0, Diff: 0.0, Sum: 0.0]
         [Termination Attempts: Min: 1, Avg: 1.0, Max: 1, Diff: 0, Sum: 4]
      [GC Worker Other (ms): Min: 0.0, Avg: 0.0, Max: 0.0, Diff: 0.0, Sum: 0.1]
      [GC Worker Total (ms): Min: 19.1, Avg: 19.1, Max: 19.1, Diff: 0.0, Sum: 76.4]
      [GC Worker End (ms): Min: 35860.9, Avg: 35860.9, Max: 35860.9, Diff: 0.0]
   [Code Root Fixup: 0.0 ms]
   [Code Root Purge: 0.0 ms]
   [Clear CT: 0.1 ms]
   [Other: 5.8 ms]
      [Choose CSet: 0.0 ms]
      [Ref Proc: 5.5 ms]
      [Ref Enq: 0.1 ms]
      [Redirty Cards: 0.1 ms]
      [Humongous Register: 0.0 ms]
      [Humongous Reclaim: 0.0 ms]
      [Free CSet: 0.1 ms]
   [Eden: 104.0M(104.0M)->0.0B(103.0M) Survivors: 16.0M->15.0M Heap: 211.0M(256.0M)->109.0M(256.0M)]
 [Times: user=0.11 sys=0.00, real=0.03 secs] 
2018-08-21T10:55:57.665+0530: 36.297: [GC pause (G1 Evacuation Pause) (young), 0.0265536 secs]
   [Parallel Time: 20.4 ms, GC Workers: 4]
      [GC Worker Start (ms): Min: 36296.6, Avg: 36297.0, Max: 36298.2, Diff: 1.6]
      [Ext Root Scanning (ms): Min: 0.0, Avg: 0.4, Max: 0.6, Diff: 0.6, Sum: 1.8]
      [Update RS (ms): Min: 8.5, Avg: 9.4, Max: 9.8, Diff: 1.3, Sum: 37.4]
         [Processed Buffers: Min: 10, Avg: 17.3, Max: 24, Diff: 14, Sum: 69]
      [Scan RS (ms): Min: 0.0, Avg: 0.0, Max: 0.0, Diff: 0.0, Sum: 0.1]
      [Code Root Scanning (ms): Min: 0.0, Avg: 0.0, Max: 0.0, Diff: 0.0, Sum: 0.0]
      [Object Copy (ms): Min: 10.0, Avg: 10.1, Max: 10.2, Diff: 0.3, Sum: 40.4]
      [Termination (ms): Min: 0.0, Avg: 0.0, Max: 0.0, Diff: 0.0, Sum: 0.0]
         [Termination Attempts: Min: 1, Avg: 1.3, Max: 2, Diff: 1, Sum: 5]
      [GC Worker Other (ms): Min: 0.0, Avg: 0.0, Max: 0.0, Diff: 0.0, Sum: 0.1]
      [GC Worker Total (ms): Min: 18.8, Avg: 20.0, Max: 20.4, Diff: 1.6, Sum: 79.8]
      [GC Worker End (ms): Min: 36317.0, Avg: 36317.0, Max: 36317.0, Diff: 0.0]
   [Code Root Fixup: 0.0 ms]
   [Code Root Purge: 0.0 ms]
   [Clear CT: 0.1 ms]
   [Other: 6.0 ms]
      [Choose CSet: 0.0 ms]
      [Ref Proc: 5.6 ms]
      [Ref Enq: 0.1 ms]
      [Redirty Cards: 0.1 ms]
      [Humongous Register: 0.0 ms]
      [Humongous Reclaim: 0.0 ms]
      [Free CSet: 0.1 ms]
   [Eden: 103.0M(103.0M)->0.0B(99.0M) Survivors: 15.0M->15.0M Heap: 212.0M(256.0M)->113.4M(256.0M)]
 [Times: user=0.11 sys=0.00, real=0.03 secs] 
2018-08-21T10:55:58.165+0530: 36.790: [GC pause (G1 Evacuation Pause) (young), 0.0268853 secs]
   [Parallel Time: 18.2 ms, GC Workers: 4]
      [GC Worker Start (ms): Min: 36789.7, Avg: 36789.7, Max: 36789.7, Diff: 0.0]
      [Ext Root Scanning (ms): Min: 0.4, Avg: 0.4, Max: 0.5, Diff: 0.1, Sum: 1.7]
      [Update RS (ms): Min: 7.3, Avg: 7.6, Max: 7.7, Diff: 0.4, Sum: 30.2]
         [Processed Buffers: Min: 16, Avg: 17.5, Max: 19, Diff: 3, Sum: 70]
      [Scan RS (ms): Min: 0.0, Avg: 0.0, Max: 0.1, Diff: 0.1, Sum: 0.1]
      [Code Root Scanning (ms): Min: 0.0, Avg: 0.0, Max: 0.0, Diff: 0.0, Sum: 0.0]
      [Object Copy (ms): Min: 10.0, Avg: 10.1, Max: 10.3, Diff: 0.3, Sum: 40.5]
      [Termination (ms): Min: 0.0, Avg: 0.0, Max: 0.0, Diff: 0.0, Sum: 0.0]
         [Termination Attempts: Min: 1, Avg: 1.0, Max: 1, Diff: 0, Sum: 4]
      [GC Worker Other (ms): Min: 0.0, Avg: 0.0, Max: 0.0, Diff: 0.0, Sum: 0.1]
      [GC Worker Total (ms): Min: 18.1, Avg: 18.2, Max: 18.2, Diff: 0.0, Sum: 72.6]
      [GC Worker End (ms): Min: 36807.8, Avg: 36807.8, Max: 36807.8, Diff: 0.0]
   [Code Root Fixup: 0.0 ms]
   [Code Root Purge: 0.0 ms]
   [Clear CT: 0.1 ms]
   [Other: 8.6 ms]
      [Choose CSet: 0.0 ms]
      [Ref Proc: 8.2 ms]
      [Ref Enq: 0.1 ms]
      [Redirty Cards: 0.1 ms]
      [Humongous Register: 0.0 ms]
      [Humongous Reclaim: 0.0 ms]
      [Free CSet: 0.1 ms]
   [Eden: 99.0M(99.0M)->0.0B(92.0M) Survivors: 15.0M->15.0M Heap: 212.4M(256.0M)->120.5M(256.0M)]
 [Times: user=0.08 sys=0.00, real=0.03 secs] 
2018-08-21T10:55:58.509+0530: 37.134: [GC pause (G1 Evacuation Pause) (young), 0.0233191 secs]
   [Parallel Time: 18.2 ms, GC Workers: 4]
      [GC Worker Start (ms): Min: 37133.7, Avg: 37133.7, Max: 37133.8, Diff: 0.0]
      [Ext Root Scanning (ms): Min: 0.4, Avg: 0.4, Max: 0.5, Diff: 0.1, Sum: 1.7]
      [Update RS (ms): Min: 7.7, Avg: 7.9, Max: 8.0, Diff: 0.4, Sum: 31.5]
         [Processed Buffers: Min: 17, Avg: 18.5, Max: 19, Diff: 2, Sum: 74]
      [Scan RS (ms): Min: 0.0, Avg: 0.1, Max: 0.3, Diff: 0.3, Sum: 0.3]
      [Code Root Scanning (ms): Min: 0.0, Avg: 0.0, Max: 0.0, Diff: 0.0, Sum: 0.0]
      [Object Copy (ms): Min: 9.7, Avg: 9.8, Max: 9.9, Diff: 0.2, Sum: 39.1]
      [Termination (ms): Min: 0.0, Avg: 0.0, Max: 0.0, Diff: 0.0, Sum: 0.0]
         [Termination Attempts: Min: 1, Avg: 1.0, Max: 1, Diff: 0, Sum: 4]
      [GC Worker Other (ms): Min: 0.0, Avg: 0.0, Max: 0.0, Diff: 0.0, Sum: 0.1]
      [GC Worker Total (ms): Min: 18.2, Avg: 18.2, Max: 18.2, Diff: 0.0, Sum: 72.7]
      [GC Worker End (ms): Min: 37151.9, Avg: 37151.9, Max: 37151.9, Diff: 0.0]
   [Code Root Fixup: 0.0 ms]
   [Code Root Purge: 0.0 ms]
   [Clear CT: 0.1 ms]
   [Other: 5.0 ms]
      [Choose CSet: 0.0 ms]
      [Ref Proc: 4.6 ms]
      [Ref Enq: 0.1 ms]
      [Redirty Cards: 0.1 ms]
      [Humongous Register: 0.0 ms]
      [Humongous Reclaim: 0.0 ms]
      [Free CSet: 0.1 ms]
   [Eden: 92.0M(92.0M)->0.0B(91.0M) Survivors: 15.0M->14.0M Heap: 212.5M(256.0M)->122.0M(256.0M)]
 [Times: user=0.06 sys=0.00, real=0.01 secs] 
2018-08-21T10:55:58.853+0530: 37.478: [GC pause (G1 Evacuation Pause) (young), 0.0212715 secs]
   [Parallel Time: 17.0 ms, GC Workers: 4]
      [GC Worker Start (ms): Min: 37477.7, Avg: 37477.7, Max: 37477.7, Diff: 0.0]
      [Ext Root Scanning (ms): Min: 0.4, Avg: 0.4, Max: 0.5, Diff: 0.1, Sum: 1.7]
      [Update RS (ms): Min: 7.7, Avg: 7.9, Max: 8.0, Diff: 0.3, Sum: 31.5]
         [Processed Buffers: Min: 17, Avg: 18.3, Max: 20, Diff: 3, Sum: 73]
      [Scan RS (ms): Min: 0.0, Avg: 0.0, Max: 0.1, Diff: 0.0, Sum: 0.1]
      [Code Root Scanning (ms): Min: 0.0, Avg: 0.0, Max: 0.0, Diff: 0.0, Sum: 0.0]
      [Object Copy (ms): Min: 8.5, Avg: 8.6, Max: 8.7, Diff: 0.2, Sum: 34.3]
      [Termination (ms): Min: 0.0, Avg: 0.0, Max: 0.0, Diff: 0.0, Sum: 0.0]
         [Termination Attempts: Min: 1, Avg: 1.0, Max: 1, Diff: 0, Sum: 4]
      [GC Worker Other (ms): Min: 0.0, Avg: 0.0, Max: 0.0, Diff: 0.0, Sum: 0.1]
      [GC Worker Total (ms): Min: 16.9, Avg: 16.9, Max: 16.9, Diff: 0.0, Sum: 67.6]
      [GC Worker End (ms): Min: 37494.6, Avg: 37494.6, Max: 37494.6, Diff: 0.0]
   [Code Root Fixup: 0.0 ms]
   [Code Root Purge: 0.0 ms]
   [Clear CT: 0.1 ms]
   [Other: 4.2 ms]
      [Choose CSet: 0.0 ms]
      [Ref Proc: 3.9 ms]
      [Ref Enq: 0.0 ms]
      [Redirty Cards: 0.1 ms]
      [Humongous Register: 0.0 ms]
      [Humongous Reclaim: 0.0 ms]
      [Free CSet: 0.1 ms]
   [Eden: 91.0M(91.0M)->0.0B(89.0M) Survivors: 14.0M->14.0M Heap: 213.0M(256.0M)->124.5M(256.0M)]
 [Times: user=0.06 sys=0.00, real=0.02 secs] 
2018-08-21T10:55:59.212+0530: 37.834: [GC pause (G1 Evacuation Pause) (young), 0.0191119 secs]
   [Parallel Time: 14.2 ms, GC Workers: 4]
      [GC Worker Start (ms): Min: 37833.8, Avg: 37834.0, Max: 37834.7, Diff: 0.9]
      [Ext Root Scanning (ms): Min: 0.0, Avg: 0.4, Max: 0.5, Diff: 0.5, Sum: 1.5]
      [Update RS (ms): Min: 6.4, Avg: 6.6, Max: 6.8, Diff: 0.4, Sum: 26.4]
         [Processed Buffers: Min: 14, Avg: 17.0, Max: 19, Diff: 5, Sum: 68]
      [Scan RS (ms): Min: 0.0, Avg: 0.0, Max: 0.0, Diff: 0.0, Sum: 0.1]
      [Code Root Scanning (ms): Min: 0.0, Avg: 0.0, Max: 0.0, Diff: 0.0, Sum: 0.0]
      [Object Copy (ms): Min: 6.8, Avg: 6.9, Max: 7.0, Diff: 0.2, Sum: 27.7]
      [Termination (ms): Min: 0.0, Avg: 0.0, Max: 0.0, Diff: 0.0, Sum: 0.0]
         [Termination Attempts: Min: 1, Avg: 1.0, Max: 1, Diff: 0, Sum: 4]
      [GC Worker Other (ms): Min: 0.0, Avg: 0.0, Max: 0.0, Diff: 0.0, Sum: 0.1]
      [GC Worker Total (ms): Min: 13.2, Avg: 13.9, Max: 14.2, Diff: 0.9, Sum: 55.7]
      [GC Worker End (ms): Min: 37847.9, Avg: 37847.9, Max: 37847.9, Diff: 0.0]
   [Code Root Fixup: 0.0 ms]
   [Code Root Purge: 0.0 ms]
   [Clear CT: 0.0 ms]
   [Other: 4.9 ms]
      [Choose CSet: 0.0 ms]
      [Ref Proc: 4.4 ms]
      [Ref Enq: 0.1 ms]
      [Redirty Cards: 0.1 ms]
      [Humongous Register: 0.0 ms]
      [Humongous Reclaim: 0.0 ms]
      [Free CSet: 0.1 ms]
   [Eden: 89.0M(89.0M)->0.0B(89.0M) Survivors: 14.0M->13.0M Heap: 213.5M(256.0M)->124.8M(256.0M)]
 [Times: user=0.05 sys=0.00, real=0.02 secs] 
2018-08-21T10:55:59.509+0530: 38.142: [GC pause (G1 Evacuation Pause) (young), 0.0180496 secs]
   [Parallel Time: 12.9 ms, GC Workers: 4]
      [GC Worker Start (ms): Min: 38141.6, Avg: 38141.6, Max: 38141.7, Diff: 0.0]
      [Ext Root Scanning (ms): Min: 0.4, Avg: 0.4, Max: 0.5, Diff: 0.1, Sum: 1.7]
      [Update RS (ms): Min: 5.9, Avg: 6.0, Max: 6.2, Diff: 0.3, Sum: 24.0]
         [Processed Buffers: Min: 15, Avg: 16.3, Max: 18, Diff: 3, Sum: 65]
      [Scan RS (ms): Min: 0.0, Avg: 0.0, Max: 0.0, Diff: 0.0, Sum: 0.1]
      [Code Root Scanning (ms): Min: 0.0, Avg: 0.0, Max: 0.0, Diff: 0.0, Sum: 0.0]
      [Object Copy (ms): Min: 6.1, Avg: 6.4, Max: 6.5, Diff: 0.4, Sum: 25.5]
      [Termination (ms): Min: 0.0, Avg: 0.0, Max: 0.0, Diff: 0.0, Sum: 0.0]
         [Termination Attempts: Min: 1, Avg: 2.3, Max: 5, Diff: 4, Sum: 9]
      [GC Worker Other (ms): Min: 0.0, Avg: 0.0, Max: 0.0, Diff: 0.0, Sum: 0.1]
      [GC Worker Total (ms): Min: 12.8, Avg: 12.8, Max: 12.8, Diff: 0.0, Sum: 51.3]
      [GC Worker End (ms): Min: 38154.5, Avg: 38154.5, Max: 38154.5, Diff: 0.0]
   [Code Root Fixup: 0.0 ms]
   [Code Root Purge: 0.0 ms]
   [Clear CT: 0.0 ms]
   [Other: 5.1 ms]
      [Choose CSet: 0.0 ms]
      [Ref Proc: 4.8 ms]
      [Ref Enq: 0.0 ms]
      [Redirty Cards: 0.1 ms]
      [Humongous Register: 0.0 ms]
      [Humongous Reclaim: 0.0 ms]
      [Free CSet: 0.1 ms]
   [Eden: 89.0M(89.0M)->0.0B(88.0M) Survivors: 13.0M->13.0M Heap: 213.8M(256.0M)->125.7M(256.0M)]
 [Times: user=0.08 sys=0.00, real=0.03 secs] 
2018-08-21T10:55:59.774+0530: 38.405: [GC pause (G1 Evacuation Pause) (young) (initial-mark), 0.0142334 secs]
   [Parallel Time: 11.8 ms, GC Workers: 4]
      [GC Worker Start (ms): Min: 38404.8, Avg: 38404.8, Max: 38404.8, Diff: 0.0]
      [Ext Root Scanning (ms): Min: 0.4, Avg: 0.5, Max: 0.5, Diff: 0.1, Sum: 1.9]
      [Update RS (ms): Min: 4.5, Avg: 4.7, Max: 4.9, Diff: 0.3, Sum: 18.7]
         [Processed Buffers: Min: 11, Avg: 12.3, Max: 15, Diff: 4, Sum: 49]
      [Scan RS (ms): Min: 0.0, Avg: 0.0, Max: 0.0, Diff: 0.0, Sum: 0.1]
      [Code Root Scanning (ms): Min: 0.0, Avg: 0.0, Max: 0.0, Diff: 0.0, Sum: 0.0]
      [Object Copy (ms): Min: 6.4, Avg: 6.6, Max: 6.7, Diff: 0.4, Sum: 26.4]
      [Termination (ms): Min: 0.0, Avg: 0.0, Max: 0.0, Diff: 0.0, Sum: 0.0]
         [Termination Attempts: Min: 1, Avg: 1.0, Max: 1, Diff: 0, Sum: 4]
      [GC Worker Other (ms): Min: 0.0, Avg: 0.0, Max: 0.0, Diff: 0.0, Sum: 0.0]
      [GC Worker Total (ms): Min: 11.8, Avg: 11.8, Max: 11.8, Diff: 0.0, Sum: 47.1]
      [GC Worker End (ms): Min: 38416.6, Avg: 38416.6, Max: 38416.6, Diff: 0.0]
   [Code Root Fixup: 0.0 ms]
   [Code Root Purge: 0.0 ms]
   [Clear CT: 0.1 ms]
   [Other: 2.3 ms]
      [Choose CSet: 0.0 ms]
      [Ref Proc: 2.0 ms]
      [Ref Enq: 0.0 ms]
      [Redirty Cards: 0.1 ms]
      [Humongous Register: 0.0 ms]
      [Humongous Reclaim: 0.0 ms]
      [Free CSet: 0.1 ms]
   [Eden: 88.0M(88.0M)->0.0B(91.0M) Survivors: 13.0M->11.0M Heap: 213.7M(256.0M)->124.9M(256.0M)]
 [Times: user=0.06 sys=0.00, real=0.02 secs] 
2018-08-21T10:55:59.790+0530: 38.419: [GC concurrent-root-region-scan-start]
2018-08-21T10:55:59.806+0530: 38.425: [GC concurrent-root-region-scan-end, 0.0062044 secs]
2018-08-21T10:55:59.806+0530: 38.425: [GC concurrent-mark-start]
2018-08-21T10:55:59.946+0530: 38.566: [GC concurrent-mark-end, 0.1410568 secs]
2018-08-21T10:55:59.946+0530: 38.567: [GC remark 2018-08-21T10:55:59.946+0530: 38.567: [Finalize Marking, 0.0000840 secs] 2018-08-21T10:55:59.946+0530: 38.567: [GC ref-proc, 0.0003065 secs] 2018-08-21T10:55:59.946+0530: 38.567: [Unloading, 0.0031388 secs], 0.0039534 secs]
 [Times: user=0.00 sys=0.00, real=0.00 secs] 
2018-08-21T10:55:59.946+0530: 38.571: [GC cleanup 170M->134M(256M), 0.0004287 secs]
 [Times: user=0.00 sys=0.00, real=0.00 secs] 
2018-08-21T10:55:59.946+0530: 38.571: [GC concurrent-cleanup-start]
2018-08-21T10:55:59.946+0530: 38.571: [GC concurrent-cleanup-end, 0.0000406 secs]
2018-08-21T10:56:00.103+0530: 38.734: [GC pause (G1 Evacuation Pause) (young), 0.0186333 secs]
   [Parallel Time: 13.2 ms, GC Workers: 4]
      [GC Worker Start (ms): Min: 38734.5, Avg: 38734.5, Max: 38734.5, Diff: 0.0]
      [Ext Root Scanning (ms): Min: 0.3, Avg: 0.4, Max: 0.4, Diff: 0.1, Sum: 1.5]
      [Update RS (ms): Min: 5.7, Avg: 5.8, Max: 5.9, Diff: 0.2, Sum: 23.2]
         [Processed Buffers: Min: 13, Avg: 14.5, Max: 17, Diff: 4, Sum: 58]
      [Scan RS (ms): Min: 0.0, Avg: 0.0, Max: 0.0, Diff: 0.0, Sum: 0.1]
      [Code Root Scanning (ms): Min: 0.0, Avg: 0.0, Max: 0.0, Diff: 0.0, Sum: 0.0]
      [Object Copy (ms): Min: 6.9, Avg: 7.0, Max: 7.0, Diff: 0.2, Sum: 27.8]
      [Termination (ms): Min: 0.0, Avg: 0.0, Max: 0.0, Diff: 0.0, Sum: 0.0]
         [Termination Attempts: Min: 1, Avg: 1.0, Max: 1, Diff: 0, Sum: 4]
      [GC Worker Other (ms): Min: 0.0, Avg: 0.0, Max: 0.0, Diff: 0.0, Sum: 0.1]
      [GC Worker Total (ms): Min: 13.2, Avg: 13.2, Max: 13.2, Diff: 0.0, Sum: 52.7]
      [GC Worker End (ms): Min: 38747.6, Avg: 38747.6, Max: 38747.7, Diff: 0.0]
   [Code Root Fixup: 0.0 ms]
   [Code Root Purge: 0.0 ms]
   [Clear CT: 0.1 ms]
   [Other: 5.3 ms]
      [Choose CSet: 0.0 ms]
      [Ref Proc: 5.0 ms]
      [Ref Enq: 0.1 ms]
      [Redirty Cards: 0.1 ms]
      [Humongous Register: 0.0 ms]
      [Humongous Reclaim: 0.0 ms]
      [Free CSet: 0.1 ms]
   [Eden: 91.0M(91.0M)->0.0B(1024.0K) Survivors: 11.0M->13.0M Heap: 179.9M(256.0M)->95.7M(256.0M)]
 [Times: user=0.08 sys=0.00, real=0.03 secs] 
2018-08-21T10:56:00.134+0530: 38.758: [GC pause (G1 Evacuation Pause) (mixed), 0.0228899 secs]
   [Parallel Time: 22.2 ms, GC Workers: 4]
      [GC Worker Start (ms): Min: 38758.5, Avg: 38758.5, Max: 38758.5, Diff: 0.0]
      [Ext Root Scanning (ms): Min: 0.4, Avg: 0.4, Max: 0.5, Diff: 0.1, Sum: 1.7]
      [Update RS (ms): Min: 4.9, Avg: 4.9, Max: 5.1, Diff: 0.2, Sum: 19.7]
         [Processed Buffers: Min: 10, Avg: 12.5, Max: 16, Diff: 6, Sum: 50]
      [Scan RS (ms): Min: 2.9, Avg: 3.1, Max: 3.3, Diff: 0.4, Sum: 12.6]
      [Code Root Scanning (ms): Min: 0.0, Avg: 0.1, Max: 0.2, Diff: 0.2, Sum: 0.3]
      [Object Copy (ms): Min: 13.5, Avg: 13.6, Max: 13.6, Diff: 0.1, Sum: 54.3]
      [Termination (ms): Min: 0.0, Avg: 0.0, Max: 0.0, Diff: 0.0, Sum: 0.0]
         [Termination Attempts: Min: 1, Avg: 1.5, Max: 3, Diff: 2, Sum: 6]
      [GC Worker Other (ms): Min: 0.0, Avg: 0.0, Max: 0.0, Diff: 0.0, Sum: 0.0]
      [GC Worker Total (ms): Min: 22.1, Avg: 22.2, Max: 22.2, Diff: 0.0, Sum: 88.6]
      [GC Worker End (ms): Min: 38780.7, Avg: 38780.7, Max: 38780.7, Diff: 0.0]
   [Code Root Fixup: 0.1 ms]
   [Code Root Purge: 0.0 ms]
   [Clear CT: 0.0 ms]
   [Other: 0.5 ms]
      [Choose CSet: 0.1 ms]
      [Ref Proc: 0.1 ms]
      [Ref Enq: 0.0 ms]
      [Redirty Cards: 0.1 ms]
      [Humongous Register: 0.0 ms]
      [Humongous Reclaim: 0.0 ms]
      [Free CSet: 0.1 ms]
   [Eden: 1024.0K(1024.0K)->0.0B(10.0M) Survivors: 13.0M->2048.0K Heap: 96.7M(256.0M)->75.5M(256.0M)]
 [Times: user=0.06 sys=0.00, real=0.01 secs] 
2018-08-21T10:56:00.196+0530: 38.815: [GC pause (G1 Evacuation Pause) (mixed), 0.0104461 secs]
   [Parallel Time: 9.7 ms, GC Workers: 4]
      [GC Worker Start (ms): Min: 38815.3, Avg: 38815.3, Max: 38815.3, Diff: 0.0]
      [Ext Root Scanning (ms): Min: 0.4, Avg: 0.4, Max: 0.4, Diff: 0.1, Sum: 1.6]
      [Update RS (ms): Min: 7.4, Avg: 7.5, Max: 7.6, Diff: 0.2, Sum: 30.0]
         [Processed Buffers: Min: 19, Avg: 20.8, Max: 22, Diff: 3, Sum: 83]
      [Scan RS (ms): Min: 0.7, Avg: 0.7, Max: 0.8, Diff: 0.2, Sum: 2.9]
      [Code Root Scanning (ms): Min: 0.0, Avg: 0.0, Max: 0.0, Diff: 0.0, Sum: 0.0]
      [Object Copy (ms): Min: 1.0, Avg: 1.0, Max: 1.0, Diff: 0.0, Sum: 4.0]
      [Termination (ms): Min: 0.0, Avg: 0.0, Max: 0.0, Diff: 0.0, Sum: 0.0]
         [Termination Attempts: Min: 1, Avg: 1.0, Max: 1, Diff: 0, Sum: 4]
      [GC Worker Other (ms): Min: 0.0, Avg: 0.0, Max: 0.0, Diff: 0.0, Sum: 0.0]
      [GC Worker Total (ms): Min: 9.6, Avg: 9.6, Max: 9.6, Diff: 0.0, Sum: 38.5]
      [GC Worker End (ms): Min: 38824.9, Avg: 38824.9, Max: 38824.9, Diff: 0.0]
   [Code Root Fixup: 0.0 ms]
   [Code Root Purge: 0.0 ms]
   [Clear CT: 0.0 ms]
   [Other: 0.7 ms]
      [Choose CSet: 0.0 ms]
      [Ref Proc: 0.5 ms]
      [Ref Enq: 0.0 ms]
      [Redirty Cards: 0.0 ms]
      [Humongous Register: 0.0 ms]
      [Humongous Reclaim: 0.0 ms]
      [Free CSet: 0.0 ms]
   [Eden: 10.0M(10.0M)->0.0B(149.0M) Survivors: 2048.0K->2048.0K Heap: 85.5M(256.0M)->76.5M(256.0M)]
 [Times: user=0.00 sys=0.00, real=0.00 secs] 
2018-08-21T10:56:00.759+0530: 39.381: [GC pause (G1 Evacuation Pause) (young), 0.0182643 secs]
   [Parallel Time: 11.4 ms, GC Workers: 4]
      [GC Worker Start (ms): Min: 39381.2, Avg: 39381.2, Max: 39381.2, Diff: 0.0]
      [Ext Root Scanning (ms): Min: 0.4, Avg: 0.4, Max: 0.4, Diff: 0.1, Sum: 1.5]
      [Update RS (ms): Min: 8.2, Avg: 8.4, Max: 8.5, Diff: 0.3, Sum: 33.5]
         [Processed Buffers: Min: 18, Avg: 19.3, Max: 20, Diff: 2, Sum: 77]
      [Scan RS (ms): Min: 0.0, Avg: 0.0, Max: 0.1, Diff: 0.1, Sum: 0.1]
      [Code Root Scanning (ms): Min: 0.0, Avg: 0.0, Max: 0.0, Diff: 0.0, Sum: 0.0]
      [Object Copy (ms): Min: 2.5, Avg: 2.6, Max: 2.7, Diff: 0.2, Sum: 10.3]
      [Termination (ms): Min: 0.0, Avg: 0.0, Max: 0.0, Diff: 0.0, Sum: 0.0]
         [Termination Attempts: Min: 3, Avg: 3.5, Max: 5, Diff: 2, Sum: 14]
      [GC Worker Other (ms): Min: 0.0, Avg: 0.0, Max: 0.0, Diff: 0.0, Sum: 0.1]
      [GC Worker Total (ms): Min: 11.4, Avg: 11.4, Max: 11.4, Diff: 0.0, Sum: 45.6]
      [GC Worker End (ms): Min: 39392.6, Avg: 39392.6, Max: 39392.6, Diff: 0.0]
   [Code Root Fixup: 0.0 ms]
   [Code Root Purge: 0.0 ms]
   [Clear CT: 0.1 ms]
   [Other: 6.7 ms]
      [Choose CSet: 0.0 ms]
      [Ref Proc: 6.2 ms]
      [Ref Enq: 0.1 ms]
      [Redirty Cards: 0.1 ms]
      [Humongous Register: 0.0 ms]
      [Humongous Reclaim: 0.0 ms]
      [Free CSet: 0.1 ms]
   [Eden: 149.0M(149.0M)->0.0B(123.0M) Survivors: 2048.0K->14.0M Heap: 226.5M(256.0M)->89.5M(256.0M)]
 [Times: user=0.06 sys=0.00, real=0.01 secs] 
2018-08-21T10:56:01.331+0530: 39.957: [GC pause (G1 Evacuation Pause) (young), 0.0127788 secs]
   [Parallel Time: 6.4 ms, GC Workers: 4]
      [GC Worker Start (ms): Min: 39957.0, Avg: 39957.0, Max: 39957.0, Diff: 0.0]
      [Ext Root Scanning (ms): Min: 0.4, Avg: 0.8, Max: 1.8, Diff: 1.3, Sum: 3.1]
      [Update RS (ms): Min: 1.4, Avg: 2.4, Max: 2.8, Diff: 1.4, Sum: 9.6]
         [Processed Buffers: Min: 5, Avg: 5.3, Max: 6, Diff: 1, Sum: 21]
      [Scan RS (ms): Min: 0.0, Avg: 0.0, Max: 0.1, Diff: 0.1, Sum: 0.1]
      [Code Root Scanning (ms): Min: 0.0, Avg: 0.0, Max: 0.0, Diff: 0.0, Sum: 0.0]
      [Object Copy (ms): Min: 3.1, Avg: 3.2, Max: 3.2, Diff: 0.1, Sum: 12.7]
      [Termination (ms): Min: 0.0, Avg: 0.0, Max: 0.0, Diff: 0.0, Sum: 0.0]
         [Termination Attempts: Min: 1, Avg: 1.0, Max: 1, Diff: 0, Sum: 4]
      [GC Worker Other (ms): Min: 0.0, Avg: 0.0, Max: 0.0, Diff: 0.0, Sum: 0.1]
      [GC Worker Total (ms): Min: 6.4, Avg: 6.4, Max: 6.4, Diff: 0.0, Sum: 25.6]
      [GC Worker End (ms): Min: 39963.4, Avg: 39963.4, Max: 39963.4, Diff: 0.0]
   [Code Root Fixup: 0.0 ms]
   [Code Root Purge: 0.0 ms]
   [Clear CT: 0.1 ms]
   [Other: 6.3 ms]
      [Choose CSet: 0.0 ms]
      [Ref Proc: 5.9 ms]
      [Ref Enq: 0.1 ms]
      [Redirty Cards: 0.1 ms]
      [Humongous Register: 0.0 ms]
      [Humongous Reclaim: 0.0 ms]
      [Free CSet: 0.1 ms]
   [Eden: 123.0M(123.0M)->0.0B(125.0M) Survivors: 14.0M->13.0M Heap: 212.5M(256.0M)->88.0M(256.0M)]
 [Times: user=0.02 sys=0.00, real=0.02 secs] 
2018-08-21T10:56:01.706+0530: 40.326: [GC pause (G1 Evacuation Pause) (young), 0.0109579 secs]
   [Parallel Time: 6.4 ms, GC Workers: 4]
      [GC Worker Start (ms): Min: 40325.8, Avg: 40325.9, Max: 40325.9, Diff: 0.0]
      [Ext Root Scanning (ms): Min: 0.3, Avg: 0.4, Max: 0.4, Diff: 0.1, Sum: 1.5]
      [Update RS (ms): Min: 2.7, Avg: 2.7, Max: 2.8, Diff: 0.2, Sum: 11.0]
         [Processed Buffers: Min: 4, Avg: 5.5, Max: 7, Diff: 3, Sum: 22]
      [Scan RS (ms): Min: 0.0, Avg: 0.0, Max: 0.0, Diff: 0.0, Sum: 0.1]
      [Code Root Scanning (ms): Min: 0.0, Avg: 0.0, Max: 0.0, Diff: 0.0, Sum: 0.0]
      [Object Copy (ms): Min: 3.1, Avg: 3.2, Max: 3.2, Diff: 0.1, Sum: 12.7]
      [Termination (ms): Min: 0.0, Avg: 0.0, Max: 0.1, Diff: 0.1, Sum: 0.2]
         [Termination Attempts: Min: 1, Avg: 1.0, Max: 1, Diff: 0, Sum: 4]
      [GC Worker Other (ms): Min: 0.0, Avg: 0.0, Max: 0.0, Diff: 0.0, Sum: 0.0]
      [GC Worker Total (ms): Min: 6.4, Avg: 6.4, Max: 6.4, Diff: 0.0, Sum: 25.4]
      [GC Worker End (ms): Min: 40332.2, Avg: 40332.2, Max: 40332.2, Diff: 0.0]
   [Code Root Fixup: 0.0 ms]
   [Code Root Purge: 0.0 ms]
   [Clear CT: 0.1 ms]
   [Other: 4.5 ms]
      [Choose CSet: 0.0 ms]
      [Ref Proc: 4.2 ms]
      [Ref Enq: 0.0 ms]
      [Redirty Cards: 0.0 ms]
      [Humongous Register: 0.0 ms]
      [Humongous Reclaim: 0.0 ms]
      [Free CSet: 0.1 ms]
   [Eden: 125.0M(125.0M)->0.0B(125.0M) Survivors: 13.0M->13.0M Heap: 213.0M(256.0M)->88.0M(256.0M)]
 [Times: user=0.00 sys=0.00, real=0.00 secs] 
2018-08-21T10:56:02.113+0530: 40.744: [GC pause (G1 Evacuation Pause) (young), 0.0137030 secs]
   [Parallel Time: 8.1 ms, GC Workers: 4]
      [GC Worker Start (ms): Min: 40744.0, Avg: 40744.0, Max: 40744.0, Diff: 0.0]
      [Ext Root Scanning (ms): Min: 0.3, Avg: 0.4, Max: 0.4, Diff: 0.1, Sum: 1.5]
      [Update RS (ms): Min: 2.9, Avg: 3.1, Max: 3.2, Diff: 0.2, Sum: 12.3]
         [Processed Buffers: Min: 5, Avg: 6.5, Max: 8, Diff: 3, Sum: 26]
      [Scan RS (ms): Min: 0.0, Avg: 0.0, Max: 0.1, Diff: 0.1, Sum: 0.1]
      [Code Root Scanning (ms): Min: 0.0, Avg: 0.0, Max: 0.0, Diff: 0.0, Sum: 0.0]
      [Object Copy (ms): Min: 4.5, Avg: 4.6, Max: 4.7, Diff: 0.2, Sum: 18.3]
      [Termination (ms): Min: 0.0, Avg: 0.0, Max: 0.0, Diff: 0.0, Sum: 0.0]
         [Termination Attempts: Min: 1, Avg: 4.8, Max: 9, Diff: 8, Sum: 19]
      [GC Worker Other (ms): Min: 0.0, Avg: 0.0, Max: 0.0, Diff: 0.0, Sum: 0.1]
      [GC Worker Total (ms): Min: 8.1, Avg: 8.1, Max: 8.1, Diff: 0.0, Sum: 32.3]
      [GC Worker End (ms): Min: 40752.1, Avg: 40752.1, Max: 40752.1, Diff: 0.0]
   [Code Root Fixup: 0.0 ms]
   [Code Root Purge: 0.0 ms]
   [Clear CT: 0.1 ms]
   [Other: 5.5 ms]
      [Choose CSet: 0.0 ms]
      [Ref Proc: 5.2 ms]
      [Ref Enq: 0.1 ms]
      [Redirty Cards: 0.1 ms]
      [Humongous Register: 0.0 ms]
      [Humongous Reclaim: 0.0 ms]
      [Free CSet: 0.1 ms]
   [Eden: 125.0M(125.0M)->0.0B(123.0M) Survivors: 13.0M->14.0M Heap: 213.0M(256.0M)->89.1M(256.0M)]
 [Times: user=0.06 sys=0.00, real=0.02 secs] 
2018-08-21T10:56:02.550+0530: 41.175: [GC pause (G1 Evacuation Pause) (young), 0.0097384 secs]
   [Parallel Time: 6.4 ms, GC Workers: 4]
      [GC Worker Start (ms): Min: 41174.8, Avg: 41174.8, Max: 41174.8, Diff: 0.0]
      [Ext Root Scanning (ms): Min: 0.4, Avg: 0.4, Max: 0.4, Diff: 0.1, Sum: 1.6]
      [Update RS (ms): Min: 2.4, Avg: 2.4, Max: 2.4, Diff: 0.0, Sum: 9.7]
         [Processed Buffers: Min: 8, Avg: 8.8, Max: 10, Diff: 2, Sum: 35]
      [Scan RS (ms): Min: 0.0, Avg: 0.0, Max: 0.0, Diff: 0.0, Sum: 0.1]
      [Code Root Scanning (ms): Min: 0.0, Avg: 0.0, Max: 0.0, Diff: 0.0, Sum: 0.0]
      [Object Copy (ms): Min: 3.5, Avg: 3.5, Max: 3.5, Diff: 0.1, Sum: 14.0]
      [Termination (ms): Min: 0.0, Avg: 0.0, Max: 0.0, Diff: 0.0, Sum: 0.0]
         [Termination Attempts: Min: 1, Avg: 1.3, Max: 2, Diff: 1, Sum: 5]
      [GC Worker Other (ms): Min: 0.0, Avg: 0.0, Max: 0.0, Diff: 0.0, Sum: 0.1]
      [GC Worker Total (ms): Min: 6.4, Avg: 6.4, Max: 6.4, Diff: 0.0, Sum: 25.5]
      [GC Worker End (ms): Min: 41181.1, Avg: 41181.1, Max: 41181.1, Diff: 0.0]
   [Code Root Fixup: 0.0 ms]
   [Code Root Purge: 0.0 ms]
   [Clear CT: 0.1 ms]
   [Other: 3.2 ms]
      [Choose CSet: 0.0 ms]
      [Ref Proc: 2.9 ms]
      [Ref Enq: 0.0 ms]
      [Redirty Cards: 0.0 ms]
      [Humongous Register: 0.0 ms]
      [Humongous Reclaim: 0.0 ms]
      [Free CSet: 0.1 ms]
   [Eden: 123.0M(123.0M)->0.0B(129.0M) Survivors: 14.0M->11.0M Heap: 212.6M(256.0M)->86.0M(256.0M)]
 [Times: user=0.02 sys=0.00, real=0.02 secs] 
2018-08-21T10:56:03.566+0530: 42.195: [GC pause (G1 Evacuation Pause) (young), 0.0082837 secs]
   [Parallel Time: 6.3 ms, GC Workers: 4]
      [GC Worker Start (ms): Min: 42195.2, Avg: 42195.2, Max: 42195.3, Diff: 0.0]
      [Ext Root Scanning (ms): Min: 0.4, Avg: 0.5, Max: 0.7, Diff: 0.3, Sum: 2.1]
      [Update RS (ms): Min: 1.8, Avg: 2.1, Max: 2.5, Diff: 0.7, Sum: 8.4]
         [Processed Buffers: Min: 5, Avg: 7.0, Max: 9, Diff: 4, Sum: 28]
      [Scan RS (ms): Min: 0.0, Avg: 0.0, Max: 0.0, Diff: 0.0, Sum: 0.1]
      [Code Root Scanning (ms): Min: 0.0, Avg: 0.1, Max: 0.1, Diff: 0.1, Sum: 0.3]
      [Object Copy (ms): Min: 3.4, Avg: 3.5, Max: 3.7, Diff: 0.3, Sum: 14.2]
      [Termination (ms): Min: 0.0, Avg: 0.0, Max: 0.0, Diff: 0.0, Sum: 0.0]
         [Termination Attempts: Min: 1, Avg: 2.0, Max: 4, Diff: 3, Sum: 8]
      [GC Worker Other (ms): Min: 0.0, Avg: 0.0, Max: 0.0, Diff: 0.0, Sum: 0.1]
      [GC Worker Total (ms): Min: 6.2, Avg: 6.3, Max: 6.3, Diff: 0.0, Sum: 25.1]
      [GC Worker End (ms): Min: 42201.5, Avg: 42201.5, Max: 42201.5, Diff: 0.0]
   [Code Root Fixup: 0.0 ms]
   [Code Root Purge: 0.0 ms]
   [Clear CT: 0.1 ms]
   [Other: 1.9 ms]
      [Choose CSet: 0.0 ms]
      [Ref Proc: 1.6 ms]
      [Ref Enq: 0.0 ms]
      [Redirty Cards: 0.1 ms]
      [Humongous Register: 0.0 ms]
      [Humongous Reclaim: 0.0 ms]
      [Free CSet: 0.1 ms]
   [Eden: 129.0M(129.0M)->0.0B(139.0M) Survivors: 11.0M->6144.0K Heap: 215.0M(256.0M)->81.0M(256.0M)]
 [Times: user=0.06 sys=0.00, real=0.02 secs] 
2018-08-21T10:56:04.618+0530: 43.239: [GC pause (G1 Evacuation Pause) (young), 0.0104825 secs]
   [Parallel Time: 8.2 ms, GC Workers: 4]
      [GC Worker Start (ms): Min: 43239.5, Avg: 43239.5, Max: 43239.5, Diff: 0.0]
      [Ext Root Scanning (ms): Min: 0.5, Avg: 0.8, Max: 1.5, Diff: 1.0, Sum: 3.2]
      [Update RS (ms): Min: 1.6, Avg: 2.3, Max: 2.8, Diff: 1.2, Sum: 9.1]
         [Processed Buffers: Min: 5, Avg: 7.3, Max: 10, Diff: 5, Sum: 29]
      [Scan RS (ms): Min: 0.0, Avg: 0.0, Max: 0.0, Diff: 0.0, Sum: 0.1]
      [Code Root Scanning (ms): Min: 0.0, Avg: 0.1, Max: 0.1, Diff: 0.1, Sum: 0.3]
      [Object Copy (ms): Min: 4.7, Avg: 5.0, Max: 5.2, Diff: 0.5, Sum: 19.9]
      [Termination (ms): Min: 0.0, Avg: 0.0, Max: 0.0, Diff: 0.0, Sum: 0.0]
         [Termination Attempts: Min: 1, Avg: 2.3, Max: 4, Diff: 3, Sum: 9]
      [GC Worker Other (ms): Min: 0.0, Avg: 0.0, Max: 0.0, Diff: 0.0, Sum: 0.1]
      [GC Worker Total (ms): Min: 8.2, Avg: 8.2, Max: 8.2, Diff: 0.0, Sum: 32.7]
      [GC Worker End (ms): Min: 43247.7, Avg: 43247.7, Max: 43247.7, Diff: 0.0]
   [Code Root Fixup: 0.1 ms]
   [Code Root Purge: 0.0 ms]
   [Clear CT: 0.1 ms]
   [Other: 2.1 ms]
      [Choose CSet: 0.0 ms]
      [Ref Proc: 1.7 ms]
      [Ref Enq: 0.0 ms]
      [Redirty Cards: 0.1 ms]
      [Humongous Register: 0.0 ms]
      [Humongous Reclaim: 0.0 ms]
      [Free CSet: 0.1 ms]
   [Eden: 139.0M(139.0M)->0.0B(135.0M) Survivors: 6144.0K->8192.0K Heap: 220.0M(256.0M)->83.5M(256.0M)]
 [Times: user=0.00 sys=0.00, real=0.00 secs] 
2018-08-21T10:56:05.228+0530: 43.851: [GC pause (G1 Evacuation Pause) (young), 0.0116092 secs]
   [Parallel Time: 9.7 ms, GC Workers: 4]
      [GC Worker Start (ms): Min: 43851.2, Avg: 43852.1, Max: 43854.8, Diff: 3.6]
      [Ext Root Scanning (ms): Min: 0.0, Avg: 0.9, Max: 2.0, Diff: 2.0, Sum: 3.8]
      [Update RS (ms): Min: 0.7, Avg: 2.3, Max: 3.2, Diff: 2.5, Sum: 9.1]
         [Processed Buffers: Min: 4, Avg: 7.0, Max: 11, Diff: 7, Sum: 28]
      [Scan RS (ms): Min: 0.0, Avg: 0.0, Max: 0.0, Diff: 0.0, Sum: 0.1]
      [Code Root Scanning (ms): Min: 0.0, Avg: 0.1, Max: 0.2, Diff: 0.2, Sum: 0.3]
      [Object Copy (ms): Min: 5.2, Avg: 5.4, Max: 5.6, Diff: 0.4, Sum: 21.7]
      [Termination (ms): Min: 0.0, Avg: 0.0, Max: 0.1, Diff: 0.1, Sum: 0.2]
         [Termination Attempts: Min: 1, Avg: 2.8, Max: 5, Diff: 4, Sum: 11]
      [GC Worker Other (ms): Min: 0.0, Avg: 0.0, Max: 0.0, Diff: 0.0, Sum: 0.1]
      [GC Worker Total (ms): Min: 6.1, Avg: 8.8, Max: 9.7, Diff: 3.6, Sum: 35.2]
      [GC Worker End (ms): Min: 43860.9, Avg: 43860.9, Max: 43860.9, Diff: 0.0]
   [Code Root Fixup: 0.1 ms]
   [Code Root Purge: 0.0 ms]
   [Clear CT: 0.0 ms]
   [Other: 1.7 ms]
      [Choose CSet: 0.0 ms]
      [Ref Proc: 1.4 ms]
      [Ref Enq: 0.1 ms]
      [Redirty Cards: 0.0 ms]
      [Humongous Register: 0.0 ms]
      [Humongous Reclaim: 0.0 ms]
      [Free CSet: 0.1 ms]
   [Eden: 135.0M(135.0M)->0.0B(133.0M) Survivors: 8192.0K->9216.0K Heap: 218.5M(256.0M)->84.5M(256.0M)]
 [Times: user=0.03 sys=0.00, real=0.02 secs] 
2018-08-21T10:56:06.603+0530: 45.220: [GC pause (G1 Evacuation Pause) (young), 0.0129607 secs]
   [Parallel Time: 10.1 ms, GC Workers: 4]
      [GC Worker Start (ms): Min: 45220.7, Avg: 45220.7, Max: 45220.7, Diff: 0.0]
      [Ext Root Scanning (ms): Min: 0.5, Avg: 0.8, Max: 1.4, Diff: 1.0, Sum: 3.4]
      [Update RS (ms): Min: 1.7, Avg: 2.3, Max: 2.6, Diff: 0.9, Sum: 9.2]
         [Processed Buffers: Min: 6, Avg: 7.3, Max: 10, Diff: 4, Sum: 29]
      [Scan RS (ms): Min: 0.0, Avg: 0.0, Max: 0.0, Diff: 0.0, Sum: 0.1]
      [Code Root Scanning (ms): Min: 0.3, Avg: 0.4, Max: 0.5, Diff: 0.2, Sum: 1.5]
      [Object Copy (ms): Min: 6.4, Avg: 6.4, Max: 6.5, Diff: 0.1, Sum: 25.8]
      [Termination (ms): Min: 0.0, Avg: 0.0, Max: 0.0, Diff: 0.0, Sum: 0.0]
         [Termination Attempts: Min: 1, Avg: 1.0, Max: 1, Diff: 0, Sum: 4]
      [GC Worker Other (ms): Min: 0.0, Avg: 0.0, Max: 0.1, Diff: 0.1, Sum: 0.2]
      [GC Worker Total (ms): Min: 10.0, Avg: 10.0, Max: 10.0, Diff: 0.0, Sum: 40.0]
      [GC Worker End (ms): Min: 45230.7, Avg: 45230.7, Max: 45230.7, Diff: 0.0]
   [Code Root Fixup: 0.4 ms]
   [Code Root Purge: 0.0 ms]
   [Clear CT: 0.0 ms]
   [Other: 2.5 ms]
      [Choose CSet: 0.0 ms]
      [Ref Proc: 2.0 ms]
      [Ref Enq: 0.0 ms]
      [Redirty Cards: 0.0 ms]
      [Humongous Register: 0.0 ms]
      [Humongous Reclaim: 0.0 ms]
      [Free CSet: 0.2 ms]
   [Eden: 133.0M(133.0M)->0.0B(127.0M) Survivors: 9216.0K->12.0M Heap: 217.5M(256.0M)->87.0M(256.0M)]
 [Times: user=0.00 sys=0.00, real=0.00 secs] 
2018-08-21T10:56:07.868+0530: 46.490: [GC pause (G1 Evacuation Pause) (young), 0.0142092 secs]
   [Parallel Time: 11.8 ms, GC Workers: 4]
      [GC Worker Start (ms): Min: 46490.4, Avg: 46490.5, Max: 46490.7, Diff: 0.3]
      [Ext Root Scanning (ms): Min: 0.3, Avg: 0.7, Max: 1.0, Diff: 0.6, Sum: 2.7]
      [Update RS (ms): Min: 2.3, Avg: 2.4, Max: 2.4, Diff: 0.1, Sum: 9.5]
         [Processed Buffers: Min: 7, Avg: 7.3, Max: 8, Diff: 1, Sum: 29]
      [Scan RS (ms): Min: 0.0, Avg: 0.0, Max: 0.0, Diff: 0.0, Sum: 0.1]
      [Code Root Scanning (ms): Min: 0.0, Avg: 0.5, Max: 1.0, Diff: 1.0, Sum: 2.0]
      [Object Copy (ms): Min: 7.5, Avg: 8.1, Max: 8.6, Diff: 1.1, Sum: 32.3]
      [Termination (ms): Min: 0.0, Avg: 0.0, Max: 0.0, Diff: 0.0, Sum: 0.0]
         [Termination Attempts: Min: 1, Avg: 1.0, Max: 1, Diff: 0, Sum: 4]
      [GC Worker Other (ms): Min: 0.0, Avg: 0.0, Max: 0.0, Diff: 0.0, Sum: 0.1]
      [GC Worker Total (ms): Min: 11.4, Avg: 11.7, Max: 11.7, Diff: 0.3, Sum: 46.6]
      [GC Worker End (ms): Min: 46502.1, Avg: 46502.1, Max: 46502.1, Diff: 0.0]
   [Code Root Fixup: 0.4 ms]
   [Code Root Purge: 0.0 ms]
   [Clear CT: 0.1 ms]
   [Other: 2.0 ms]
      [Choose CSet: 0.0 ms]
      [Ref Proc: 1.7 ms]
      [Ref Enq: 0.0 ms]
      [Redirty Cards: 0.0 ms]
      [Humongous Register: 0.0 ms]
      [Humongous Reclaim: 0.0 ms]
      [Free CSet: 0.1 ms]
   [Eden: 127.0M(127.0M)->0.0B(125.0M) Survivors: 12.0M->13.0M Heap: 214.0M(256.0M)->88.5M(256.0M)]
 [Times: user=0.05 sys=0.00, real=0.02 secs] 
2018-08-21T10:56:08.603+0530: 47.225: [GC pause (G1 Evacuation Pause) (young), 0.0140939 secs]
   [Parallel Time: 11.9 ms, GC Workers: 4]
      [GC Worker Start (ms): Min: 47225.3, Avg: 47225.4, Max: 47225.4, Diff: 0.0]
      [Ext Root Scanning (ms): Min: 0.4, Avg: 0.6, Max: 1.1, Diff: 0.7, Sum: 2.5]
      [Update RS (ms): Min: 2.1, Avg: 2.5, Max: 2.8, Diff: 0.7, Sum: 9.8]
         [Processed Buffers: Min: 6, Avg: 7.0, Max: 8, Diff: 2, Sum: 28]
      [Scan RS (ms): Min: 0.0, Avg: 0.0, Max: 0.0, Diff: 0.0, Sum: 0.1]
      [Code Root Scanning (ms): Min: 0.0, Avg: 0.4, Max: 0.9, Diff: 0.9, Sum: 1.7]
      [Object Copy (ms): Min: 7.8, Avg: 8.3, Max: 8.8, Diff: 1.0, Sum: 33.3]
      [Termination (ms): Min: 0.0, Avg: 0.0, Max: 0.0, Diff: 0.0, Sum: 0.0]
         [Termination Attempts: Min: 1, Avg: 1.0, Max: 1, Diff: 0, Sum: 4]
      [GC Worker Other (ms): Min: 0.0, Avg: 0.0, Max: 0.0, Diff: 0.0, Sum: 0.1]
      [GC Worker Total (ms): Min: 11.9, Avg: 11.9, Max: 11.9, Diff: 0.0, Sum: 47.5]
      [GC Worker End (ms): Min: 47237.2, Avg: 47237.2, Max: 47237.2, Diff: 0.0]
   [Code Root Fixup: 0.6 ms]
   [Code Root Purge: 0.0 ms]
   [Clear CT: 0.0 ms]
   [Other: 1.5 ms]
      [Choose CSet: 0.0 ms]
      [Ref Proc: 1.1 ms]
      [Ref Enq: 0.1 ms]
      [Redirty Cards: 0.1 ms]
      [Humongous Register: 0.0 ms]
      [Humongous Reclaim: 0.0 ms]
      [Free CSet: 0.2 ms]
   [Eden: 125.0M(125.0M)->0.0B(127.0M) Survivors: 13.0M->12.0M Heap: 213.5M(256.0M)->87.5M(256.0M)]
 [Times: user=0.06 sys=0.00, real=0.02 secs] 
2018-08-21T10:56:08.996+0530: 47.619: [GC pause (Metadata GC Threshold) (young) (initial-mark), 0.0146421 secs]
   [Parallel Time: 12.6 ms, GC Workers: 4]
      [GC Worker Start (ms): Min: 47619.2, Avg: 47619.2, Max: 47619.2, Diff: 0.0]
      [Ext Root Scanning (ms): Min: 0.7, Avg: 0.9, Max: 1.1, Diff: 0.4, Sum: 3.5]
      [Update RS (ms): Min: 2.4, Avg: 2.5, Max: 2.6, Diff: 0.2, Sum: 10.0]
         [Processed Buffers: Min: 6, Avg: 7.0, Max: 8, Diff: 2, Sum: 28]
      [Scan RS (ms): Min: 0.0, Avg: 0.0, Max: 0.0, Diff: 0.0, Sum: 0.1]
      [Code Root Scanning (ms): Min: 0.0, Avg: 0.4, Max: 0.9, Diff: 0.9, Sum: 1.8]
      [Object Copy (ms): Min: 8.2, Avg: 8.7, Max: 9.2, Diff: 1.0, Sum: 34.7]
      [Termination (ms): Min: 0.0, Avg: 0.0, Max: 0.0, Diff: 0.0, Sum: 0.0]
         [Termination Attempts: Min: 1, Avg: 3.0, Max: 7, Diff: 6, Sum: 12]
      [GC Worker Other (ms): Min: 0.0, Avg: 0.0, Max: 0.0, Diff: 0.0, Sum: 0.1]
      [GC Worker Total (ms): Min: 12.5, Avg: 12.5, Max: 12.5, Diff: 0.0, Sum: 50.1]
      [GC Worker End (ms): Min: 47631.7, Avg: 47631.7, Max: 47631.7, Diff: 0.0]
   [Code Root Fixup: 0.4 ms]
   [Code Root Purge: 0.0 ms]
   [Clear CT: 0.0 ms]
   [Other: 1.6 ms]
      [Choose CSet: 0.0 ms]
      [Ref Proc: 1.3 ms]
      [Ref Enq: 0.0 ms]
      [Redirty Cards: 0.1 ms]
      [Humongous Register: 0.0 ms]
      [Humongous Reclaim: 0.0 ms]
      [Free CSet: 0.1 ms]
   [Eden: 71.0M(127.0M)->0.0B(127.0M) Survivors: 12.0M->11.0M Heap: 158.0M(256.0M)->87.5M(256.0M)]
 [Times: user=0.06 sys=0.00, real=0.01 secs] 
2018-08-21T10:56:09.011+0530: 47.634: [GC concurrent-root-region-scan-start]
2018-08-21T10:56:09.027+0530: 47.647: [GC concurrent-root-region-scan-end, 0.0135084 secs]
2018-08-21T10:56:09.027+0530: 47.647: [GC concurrent-mark-start]
2018-08-21T10:56:09.074+0530: 47.693: [GC concurrent-mark-end, 0.0454281 secs]
2018-08-21T10:56:09.074+0530: 47.693: [GC remark 2018-08-21T10:56:09.074+0530: 47.693: [Finalize Marking, 0.0001745 secs] 2018-08-21T10:56:09.074+0530: 47.693: [GC ref-proc, 0.0004110 secs] 2018-08-21T10:56:09.074+0530: 47.694: [Unloading, 0.0056352 secs], 0.0064960 secs]
 [Times: user=0.00 sys=0.00, real=0.00 secs] 
2018-08-21T10:56:09.074+0530: 47.700: [GC cleanup 96M->90M(256M), 0.0004810 secs]
 [Times: user=0.00 sys=0.00, real=0.00 secs] 
2018-08-21T10:56:09.074+0530: 47.700: [GC concurrent-cleanup-start]
2018-08-21T10:56:09.074+0530: 47.700: [GC concurrent-cleanup-end, 0.0000191 secs]
2018-08-21T10:56:09.668+0530: 48.299: [GC pause (G1 Evacuation Pause) (young) (initial-mark), 0.0140809 secs]
   [Parallel Time: 12.3 ms, GC Workers: 4]
      [GC Worker Start (ms): Min: 48299.1, Avg: 48299.1, Max: 48299.1, Diff: 0.0]
      [Ext Root Scanning (ms): Min: 0.8, Avg: 1.0, Max: 1.2, Diff: 0.4, Sum: 4.0]
      [Update RS (ms): Min: 2.6, Avg: 2.6, Max: 2.7, Diff: 0.2, Sum: 10.6]
         [Processed Buffers: Min: 7, Avg: 9.3, Max: 12, Diff: 5, Sum: 37]
      [Scan RS (ms): Min: 0.0, Avg: 0.0, Max: 0.0, Diff: 0.0, Sum: 0.1]
      [Code Root Scanning (ms): Min: 0.0, Avg: 0.5, Max: 1.0, Diff: 1.0, Sum: 1.9]
      [Object Copy (ms): Min: 7.5, Avg: 8.0, Max: 8.6, Diff: 1.1, Sum: 32.1]
      [Termination (ms): Min: 0.0, Avg: 0.0, Max: 0.0, Diff: 0.0, Sum: 0.0]
         [Termination Attempts: Min: 1, Avg: 3.5, Max: 6, Diff: 5, Sum: 14]
      [GC Worker Other (ms): Min: 0.0, Avg: 0.0, Max: 0.0, Diff: 0.0, Sum: 0.1]
      [GC Worker Total (ms): Min: 12.2, Avg: 12.2, Max: 12.2, Diff: 0.0, Sum: 48.8]
      [GC Worker End (ms): Min: 48311.3, Avg: 48311.3, Max: 48311.3, Diff: 0.0]
   [Code Root Fixup: 0.3 ms]
   [Code Root Purge: 0.0 ms]
   [Clear CT: 0.1 ms]
   [Other: 1.4 ms]
      [Choose CSet: 0.0 ms]
      [Ref Proc: 1.1 ms]
      [Ref Enq: 0.0 ms]
      [Redirty Cards: 0.0 ms]
      [Humongous Register: 0.0 ms]
      [Humongous Reclaim: 0.0 ms]
      [Free CSet: 0.1 ms]
   [Eden: 127.0M(127.0M)->0.0B(128.0M) Survivors: 11.0M->14.0M Heap: 209.0M(256.0M)->85.0M(256.0M)]
 [Times: user=0.06 sys=0.00, real=0.02 secs] 
2018-08-21T10:56:09.683+0530: 48.313: [GC concurrent-root-region-scan-start]
2018-08-21T10:56:09.709+0530: 48.329: [GC concurrent-root-region-scan-end, 0.0153181 secs]
2018-08-21T10:56:09.709+0530: 48.329: [GC concurrent-mark-start]
2018-08-21T10:56:09.749+0530: 48.375: [GC concurrent-mark-end, 0.0468496 secs]
2018-08-21T10:56:09.749+0530: 48.376: [GC remark 2018-08-21T10:56:09.749+0530: 48.376: [Finalize Marking, 0.0001614 secs] 2018-08-21T10:56:09.749+0530: 48.376: [GC ref-proc, 0.0003569 secs] 2018-08-21T10:56:09.749+0530: 48.376: [Unloading, 0.0061480 secs], 0.0071085 secs]
 [Times: user=0.02 sys=0.00, real=0.02 secs] 
2018-08-21T10:56:09.765+0530: 48.383: [GC cleanup 97M->97M(256M), 0.0004278 secs]
 [Times: user=0.00 sys=0.00, real=0.00 secs] 
2018-08-21T10:56:10.280+0530: 48.905: [GC pause (G1 Evacuation Pause) (young), 0.0129724 secs]
   [Parallel Time: 10.7 ms, GC Workers: 4]
      [GC Worker Start (ms): Min: 48905.4, Avg: 48905.4, Max: 48905.5, Diff: 0.0]
      [Ext Root Scanning (ms): Min: 0.5, Avg: 0.8, Max: 1.5, Diff: 1.1, Sum: 3.2]
      [Update RS (ms): Min: 0.7, Avg: 1.0, Max: 1.2, Diff: 0.5, Sum: 4.2]
         [Processed Buffers: Min: 3, Avg: 4.0, Max: 6, Diff: 3, Sum: 16]
      [Scan RS (ms): Min: 0.0, Avg: 0.0, Max: 0.0, Diff: 0.0, Sum: 0.1]
      [Code Root Scanning (ms): Min: 0.0, Avg: 0.4, Max: 0.9, Diff: 0.9, Sum: 1.7]
      [Object Copy (ms): Min: 7.9, Avg: 8.4, Max: 9.0, Diff: 1.0, Sum: 33.4]
      [Termination (ms): Min: 0.0, Avg: 0.0, Max: 0.0, Diff: 0.0, Sum: 0.0]
         [Termination Attempts: Min: 1, Avg: 1.0, Max: 1, Diff: 0, Sum: 4]
      [GC Worker Other (ms): Min: 0.0, Avg: 0.0, Max: 0.0, Diff: 0.0, Sum: 0.1]
      [GC Worker Total (ms): Min: 10.6, Avg: 10.7, Max: 10.7, Diff: 0.0, Sum: 42.7]
      [GC Worker End (ms): Min: 48916.1, Avg: 48916.1, Max: 48916.1, Diff: 0.0]
   [Code Root Fixup: 0.4 ms]
   [Code Root Purge: 0.0 ms]
   [Clear CT: 0.1 ms]
   [Other: 1.8 ms]
      [Choose CSet: 0.0 ms]
      [Ref Proc: 1.5 ms]
      [Ref Enq: 0.1 ms]
      [Redirty Cards: 0.1 ms]
      [Humongous Register: 0.0 ms]
      [Humongous Reclaim: 0.0 ms]
      [Free CSet: 0.1 ms]
   [Eden: 128.0M(128.0M)->0.0B(1024.0K) Survivors: 14.0M->13.0M Heap: 213.0M(256.0M)->86.8M(256.0M)]
 [Times: user=0.06 sys=0.00, real=0.02 secs] 
2018-08-21T10:56:10.296+0530: 48.924: [GC pause (G1 Evacuation Pause) (mixed), 0.0139474 secs]
   [Parallel Time: 12.5 ms, GC Workers: 4]
      [GC Worker Start (ms): Min: 48924.5, Avg: 48924.5, Max: 48924.5, Diff: 0.0]
      [Ext Root Scanning (ms): Min: 0.4, Avg: 0.7, Max: 1.3, Diff: 0.8, Sum: 2.8]
      [Update RS (ms): Min: 2.6, Avg: 2.9, Max: 3.0, Diff: 0.4, Sum: 11.4]
         [Processed Buffers: Min: 5, Avg: 7.5, Max: 11, Diff: 6, Sum: 30]
      [Scan RS (ms): Min: 0.5, Avg: 1.2, Max: 1.5, Diff: 1.0, Sum: 4.8]
      [Code Root Scanning (ms): Min: 0.0, Avg: 0.4, Max: 1.2, Diff: 1.2, Sum: 1.6]
      [Object Copy (ms): Min: 7.0, Avg: 7.3, Max: 7.4, Diff: 0.4, Sum: 29.1]
      [Termination (ms): Min: 0.0, Avg: 0.0, Max: 0.0, Diff: 0.0, Sum: 0.0]
         [Termination Attempts: Min: 1, Avg: 1.0, Max: 1, Diff: 0, Sum: 4]
      [GC Worker Other (ms): Min: 0.0, Avg: 0.0, Max: 0.0, Diff: 0.0, Sum: 0.1]
      [GC Worker Total (ms): Min: 12.4, Avg: 12.5, Max: 12.5, Diff: 0.0, Sum: 49.8]
      [GC Worker End (ms): Min: 48937.0, Avg: 48937.0, Max: 48937.0, Diff: 0.0]
   [Code Root Fixup: 0.3 ms]
   [Code Root Purge: 0.0 ms]
   [Clear CT: 0.1 ms]
   [Other: 1.1 ms]
      [Choose CSet: 0.0 ms]
      [Ref Proc: 0.8 ms]
      [Ref Enq: 0.0 ms]
      [Redirty Cards: 0.0 ms]
      [Humongous Register: 0.0 ms]
      [Humongous Reclaim: 0.0 ms]
      [Free CSet: 0.1 ms]
   [Eden: 1024.0K(1024.0K)->0.0B(10.0M) Survivors: 13.0M->2048.0K Heap: 87.8M(256.0M)->61.9M(256.0M)]
 [Times: user=0.06 sys=0.00, real=0.02 secs] 
2018-08-21T10:56:10.343+0530: 48.976: [GC pause (G1 Evacuation Pause) (mixed), 0.0109196 secs]
   [Parallel Time: 10.3 ms, GC Workers: 4]
      [GC Worker Start (ms): Min: 48976.0, Avg: 48976.0, Max: 48976.0, Diff: 0.0]
      [Ext Root Scanning (ms): Min: 0.6, Avg: 0.7, Max: 0.8, Diff: 0.1, Sum: 2.8]
      [Update RS (ms): Min: 6.1, Avg: 6.1, Max: 6.1, Diff: 0.0, Sum: 24.4]
         [Processed Buffers: Min: 15, Avg: 16.5, Max: 19, Diff: 4, Sum: 66]
      [Scan RS (ms): Min: 1.2, Avg: 1.2, Max: 1.2, Diff: 0.1, Sum: 4.9]
      [Code Root Scanning (ms): Min: 0.0, Avg: 0.0, Max: 0.0, Diff: 0.0, Sum: 0.0]
      [Object Copy (ms): Min: 2.1, Avg: 2.2, Max: 2.2, Diff: 0.1, Sum: 8.7]
      [Termination (ms): Min: 0.0, Avg: 0.0, Max: 0.0, Diff: 0.0, Sum: 0.0]
         [Termination Attempts: Min: 1, Avg: 2.5, Max: 4, Diff: 3, Sum: 10]
      [GC Worker Other (ms): Min: 0.0, Avg: 0.0, Max: 0.0, Diff: 0.0, Sum: 0.1]
      [GC Worker Total (ms): Min: 10.2, Avg: 10.2, Max: 10.2, Diff: 0.0, Sum: 40.9]
      [GC Worker End (ms): Min: 48986.2, Avg: 48986.2, Max: 48986.2, Diff: 0.0]
   [Code Root Fixup: 0.0 ms]
   [Code Root Purge: 0.0 ms]
   [Clear CT: 0.0 ms]
   [Other: 0.6 ms]
      [Choose CSet: 0.1 ms]
      [Ref Proc: 0.2 ms]
      [Ref Enq: 0.0 ms]
      [Redirty Cards: 0.0 ms]
      [Humongous Register: 0.0 ms]
      [Humongous Reclaim: 0.0 ms]
      [Free CSet: 0.2 ms]
   [Eden: 10.0M(10.0M)->0.0B(151.0M) Survivors: 2048.0K->2048.0K Heap: 71.9M(256.0M)->46.5M(256.0M)]
 [Times: user=0.06 sys=0.00, real=0.02 secs] 
2018-08-21T10:56:11.019+0530: 49.646: [GC pause (G1 Evacuation Pause) (young), 0.0054127 secs]
   [Parallel Time: 4.6 ms, GC Workers: 4]
      [GC Worker Start (ms): Min: 49645.7, Avg: 49645.7, Max: 49645.7, Diff: 0.0]
      [Ext Root Scanning (ms): Min: 0.5, Avg: 0.7, Max: 0.8, Diff: 0.3, Sum: 2.7]
      [Update RS (ms): Min: 2.5, Avg: 2.6, Max: 2.8, Diff: 0.2, Sum: 10.5]
         [Processed Buffers: Min: 7, Avg: 8.5, Max: 11, Diff: 4, Sum: 34]
      [Scan RS (ms): Min: 0.0, Avg: 0.0, Max: 0.0, Diff: 0.0, Sum: 0.1]
      [Code Root Scanning (ms): Min: 0.0, Avg: 0.0, Max: 0.0, Diff: 0.0, Sum: 0.0]
      [Object Copy (ms): Min: 1.2, Avg: 1.2, Max: 1.3, Diff: 0.1, Sum: 4.9]
      [Termination (ms): Min: 0.0, Avg: 0.0, Max: 0.0, Diff: 0.0, Sum: 0.0]
         [Termination Attempts: Min: 1, Avg: 1.0, Max: 1, Diff: 0, Sum: 4]
      [GC Worker Other (ms): Min: 0.0, Avg: 0.0, Max: 0.0, Diff: 0.0, Sum: 0.1]
      [GC Worker Total (ms): Min: 4.5, Avg: 4.5, Max: 4.6, Diff: 0.0, Sum: 18.2]
      [GC Worker End (ms): Min: 49650.2, Avg: 49650.2, Max: 49650.2, Diff: 0.0]
   [Code Root Fixup: 0.0 ms]
   [Code Root Purge: 0.0 ms]
   [Clear CT: 0.0 ms]
   [Other: 0.7 ms]
      [Choose CSet: 0.0 ms]
      [Ref Proc: 0.5 ms]
      [Ref Enq: 0.0 ms]
      [Redirty Cards: 0.0 ms]
      [Humongous Register: 0.0 ms]
      [Humongous Reclaim: 0.0 ms]
      [Free CSet: 0.1 ms]
   [Eden: 151.0M(151.0M)->0.0B(149.0M) Survivors: 2048.0K->4096.0K Heap: 197.5M(256.0M)->48.0M(256.0M)]
 [Times: user=0.00 sys=0.00, real=0.00 secs] 
2018-08-21T10:56:11.769+0530: 50.400: [GC pause (G1 Evacuation Pause) (young), 0.0057859 secs]
   [Parallel Time: 3.9 ms, GC Workers: 4]
      [GC Worker Start (ms): Min: 50399.7, Avg: 50399.7, Max: 50399.8, Diff: 0.0]
      [Ext Root Scanning (ms): Min: 0.6, Avg: 0.7, Max: 0.9, Diff: 0.3, Sum: 2.9]
      [Update RS (ms): Min: 1.0, Avg: 1.2, Max: 1.5, Diff: 0.5, Sum: 5.0]
         [Processed Buffers: Min: 3, Avg: 4.3, Max: 6, Diff: 3, Sum: 17]
      [Scan RS (ms): Min: 0.0, Avg: 0.0, Max: 0.1, Diff: 0.1, Sum: 0.1]
      [Code Root Scanning (ms): Min: 0.0, Avg: 0.0, Max: 0.0, Diff: 0.0, Sum: 0.0]
      [Object Copy (ms): Min: 1.5, Avg: 1.9, Max: 2.1, Diff: 0.6, Sum: 7.4]
      [Termination (ms): Min: 0.0, Avg: 0.0, Max: 0.0, Diff: 0.0, Sum: 0.0]
         [Termination Attempts: Min: 1, Avg: 1.0, Max: 1, Diff: 0, Sum: 4]
      [GC Worker Other (ms): Min: 0.0, Avg: 0.0, Max: 0.0, Diff: 0.0, Sum: 0.1]
      [GC Worker Total (ms): Min: 3.9, Avg: 3.9, Max: 3.9, Diff: 0.0, Sum: 15.5]
      [GC Worker End (ms): Min: 50403.6, Avg: 50403.6, Max: 50403.6, Diff: 0.0]
   [Code Root Fixup: 0.0 ms]
   [Code Root Purge: 0.0 ms]
   [Clear CT: 0.1 ms]
   [Other: 1.8 ms]
      [Choose CSet: 0.0 ms]
      [Ref Proc: 1.5 ms]
      [Ref Enq: 0.1 ms]
      [Redirty Cards: 0.0 ms]
      [Humongous Register: 0.0 ms]
      [Humongous Reclaim: 0.0 ms]
      [Free CSet: 0.1 ms]
   [Eden: 149.0M(149.0M)->0.0B(146.0M) Survivors: 4096.0K->7168.0K Heap: 197.0M(256.0M)->51.5M(256.0M)]
 [Times: user=0.06 sys=0.00, real=0.01 secs] 
2018-08-21T10:56:12.769+0530: 51.402: [GC pause (G1 Evacuation Pause) (young), 0.0179694 secs]
   [Parallel Time: 5.4 ms, GC Workers: 4]
      [GC Worker Start (ms): Min: 51401.9, Avg: 51401.9, Max: 51401.9, Diff: 0.0]
      [Ext Root Scanning (ms): Min: 0.6, Avg: 0.7, Max: 0.9, Diff: 0.3, Sum: 2.9]
      [Update RS (ms): Min: 1.1, Avg: 1.2, Max: 1.3, Diff: 0.2, Sum: 4.8]
         [Processed Buffers: Min: 3, Avg: 4.3, Max: 6, Diff: 3, Sum: 17]
      [Scan RS (ms): Min: 0.0, Avg: 0.0, Max: 0.0, Diff: 0.0, Sum: 0.1]
      [Code Root Scanning (ms): Min: 0.0, Avg: 0.0, Max: 0.1, Diff: 0.1, Sum: 0.2]
      [Object Copy (ms): Min: 3.2, Avg: 3.4, Max: 3.5, Diff: 0.3, Sum: 13.4]
      [Termination (ms): Min: 0.0, Avg: 0.0, Max: 0.0, Diff: 0.0, Sum: 0.0]
         [Termination Attempts: Min: 1, Avg: 1.3, Max: 2, Diff: 1, Sum: 5]
      [GC Worker Other (ms): Min: 0.0, Avg: 0.0, Max: 0.0, Diff: 0.0, Sum: 0.1]
      [GC Worker Total (ms): Min: 5.4, Avg: 5.4, Max: 5.4, Diff: 0.0, Sum: 21.5]
      [GC Worker End (ms): Min: 51407.2, Avg: 51407.2, Max: 51407.2, Diff: 0.0]
   [Code Root Fixup: 0.1 ms]
   [Code Root Purge: 0.0 ms]
   [Clear CT: 0.1 ms]
   [Other: 12.5 ms]
      [Choose CSet: 0.0 ms]
      [Ref Proc: 12.0 ms]
      [Ref Enq: 0.1 ms]
      [Redirty Cards: 0.0 ms]
      [Humongous Register: 0.0 ms]
      [Humongous Reclaim: 0.0 ms]
      [Free CSet: 0.2 ms]
   [Eden: 146.0M(146.0M)->0.0B(133.0M) Survivors: 7168.0K->20.0M Heap: 197.5M(256.0M)->64.5M(256.0M)]
 [Times: user=0.11 sys=0.00, real=0.03 secs] 
2018-08-21T10:56:13.597+0530: 52.219: [GC pause (G1 Evacuation Pause) (young), 0.0100570 secs]
   [Parallel Time: 9.3 ms, GC Workers: 4]
      [GC Worker Start (ms): Min: 52219.5, Avg: 52219.5, Max: 52219.5, Diff: 0.0]
      [Ext Root Scanning (ms): Min: 0.6, Avg: 0.9, Max: 1.1, Diff: 0.5, Sum: 3.5]
      [Update RS (ms): Min: 1.3, Avg: 1.6, Max: 1.7, Diff: 0.5, Sum: 6.2]
         [Processed Buffers: Min: 4, Avg: 5.3, Max: 7, Diff: 3, Sum: 21]
      [Scan RS (ms): Min: 0.0, Avg: 0.0, Max: 0.1, Diff: 0.1, Sum: 0.1]
      [Code Root Scanning (ms): Min: 0.0, Avg: 0.1, Max: 0.3, Diff: 0.3, Sum: 0.3]
      [Object Copy (ms): Min: 6.4, Avg: 6.7, Max: 7.0, Diff: 0.6, Sum: 26.7]
      [Termination (ms): Min: 0.0, Avg: 0.0, Max: 0.0, Diff: 0.0, Sum: 0.0]
         [Termination Attempts: Min: 1, Avg: 1.8, Max: 4, Diff: 3, Sum: 7]
      [GC Worker Other (ms): Min: 0.0, Avg: 0.0, Max: 0.0, Diff: 0.0, Sum: 0.1]
      [GC Worker Total (ms): Min: 9.2, Avg: 9.2, Max: 9.2, Diff: 0.0, Sum: 36.9]
      [GC Worker End (ms): Min: 52228.7, Avg: 52228.7, Max: 52228.7, Diff: 0.0]
   [Code Root Fixup: 0.1 ms]
   [Code Root Purge: 0.0 ms]
   [Clear CT: 0.0 ms]
   [Other: 0.6 ms]
      [Choose CSet: 0.0 ms]
      [Ref Proc: 0.4 ms]
      [Ref Enq: 0.0 ms]
      [Redirty Cards: 0.0 ms]
      [Humongous Register: 0.0 ms]
      [Humongous Reclaim: 0.0 ms]
      [Free CSet: 0.1 ms]
   [Eden: 133.0M(133.0M)->0.0B(146.0M) Survivors: 20.0M->7168.0K Heap: 197.5M(256.0M)->51.5M(256.0M)]
 [Times: user=0.00 sys=0.00, real=0.00 secs] 
2018-08-21T10:56:14.394+0530: 53.018: [GC pause (G1 Evacuation Pause) (young), 0.0140454 secs]
   [Parallel Time: 12.4 ms, GC Workers: 4]
      [GC Worker Start (ms): Min: 53017.8, Avg: 53017.8, Max: 53017.8, Diff: 0.0]
      [Ext Root Scanning (ms): Min: 0.6, Avg: 0.9, Max: 1.2, Diff: 0.6, Sum: 3.8]
      [Update RS (ms): Min: 1.6, Avg: 1.8, Max: 2.1, Diff: 0.4, Sum: 7.0]
         [Processed Buffers: Min: 4, Avg: 5.8, Max: 8, Diff: 4, Sum: 23]
      [Scan RS (ms): Min: 0.0, Avg: 0.0, Max: 0.0, Diff: 0.0, Sum: 0.1]
      [Code Root Scanning (ms): Min: 0.0, Avg: 1.2, Max: 4.7, Diff: 4.7, Sum: 4.9]
      [Object Copy (ms): Min: 4.9, Avg: 8.4, Max: 9.9, Diff: 5.0, Sum: 33.6]
      [Termination (ms): Min: 0.0, Avg: 0.0, Max: 0.0, Diff: 0.0, Sum: 0.0]
         [Termination Attempts: Min: 1, Avg: 1.0, Max: 1, Diff: 0, Sum: 4]
      [GC Worker Other (ms): Min: 0.0, Avg: 0.0, Max: 0.0, Diff: 0.0, Sum: 0.1]
      [GC Worker Total (ms): Min: 12.4, Avg: 12.4, Max: 12.4, Diff: 0.0, Sum: 49.6]
      [GC Worker End (ms): Min: 53030.2, Avg: 53030.2, Max: 53030.2, Diff: 0.0]
   [Code Root Fixup: 0.1 ms]
   [Code Root Purge: 0.0 ms]
   [Clear CT: 0.0 ms]
   [Other: 1.4 ms]
      [Choose CSet: 0.0 ms]
      [Ref Proc: 1.1 ms]
      [Ref Enq: 0.1 ms]
      [Redirty Cards: 0.1 ms]
      [Humongous Register: 0.0 ms]
      [Humongous Reclaim: 0.0 ms]
      [Free CSet: 0.1 ms]
   [Eden: 146.0M(146.0M)->0.0B(143.0M) Survivors: 7168.0K->10.0M Heap: 197.5M(256.0M)->54.5M(256.0M)]
 [Times: user=0.06 sys=0.00, real=0.01 secs] 
2018-08-21T10:56:15.362+0530: 53.992: [GC pause (G1 Evacuation Pause) (young), 0.0145479 secs]
   [Parallel Time: 12.4 ms, GC Workers: 4]
      [GC Worker Start (ms): Min: 53992.6, Avg: 53992.6, Max: 53992.6, Diff: 0.0]
      [Ext Root Scanning (ms): Min: 0.6, Avg: 0.9, Max: 1.4, Diff: 0.8, Sum: 3.6]
      [Update RS (ms): Min: 1.7, Avg: 1.8, Max: 2.1, Diff: 0.4, Sum: 7.3]
         [Processed Buffers: Min: 4, Avg: 5.8, Max: 8, Diff: 4, Sum: 23]
      [Scan RS (ms): Min: 0.0, Avg: 0.0, Max: 0.1, Diff: 0.1, Sum: 0.2]
      [Code Root Scanning (ms): Min: 0.0, Avg: 0.1, Max: 0.2, Diff: 0.2, Sum: 0.4]
      [Object Copy (ms): Min: 9.0, Avg: 9.4, Max: 9.7, Diff: 0.7, Sum: 37.8]
      [Termination (ms): Min: 0.0, Avg: 0.0, Max: 0.0, Diff: 0.0, Sum: 0.0]
         [Termination Attempts: Min: 1, Avg: 5.0, Max: 10, Diff: 9, Sum: 20]
      [GC Worker Other (ms): Min: 0.0, Avg: 0.0, Max: 0.0, Diff: 0.0, Sum: 0.1]
      [GC Worker Total (ms): Min: 12.3, Avg: 12.3, Max: 12.4, Diff: 0.0, Sum: 49.4]
      [GC Worker End (ms): Min: 54004.9, Avg: 54004.9, Max: 54004.9, Diff: 0.0]
   [Code Root Fixup: 0.1 ms]
   [Code Root Purge: 0.0 ms]
   [Clear CT: 0.1 ms]
   [Other: 2.0 ms]
      [Choose CSet: 0.0 ms]
      [Ref Proc: 1.7 ms]
      [Ref Enq: 0.1 ms]
      [Redirty Cards: 0.0 ms]
      [Humongous Register: 0.0 ms]
      [Humongous Reclaim: 0.0 ms]
      [Free CSet: 0.1 ms]
   [Eden: 143.0M(143.0M)->0.0B(140.0M) Survivors: 10.0M->13.0M Heap: 197.5M(256.0M)->57.0M(256.0M)]
 [Times: user=0.06 sys=0.00, real=0.02 secs] 
2018-08-21T10:56:16.019+0530: 54.637: [GC pause (G1 Evacuation Pause) (young), 0.0157053 secs]
   [Parallel Time: 13.4 ms, GC Workers: 4]
      [GC Worker Start (ms): Min: 54637.5, Avg: 54637.5, Max: 54637.5, Diff: 0.0]
      [Ext Root Scanning (ms): Min: 0.6, Avg: 0.9, Max: 1.4, Diff: 0.9, Sum: 3.5]
      [Update RS (ms): Min: 1.8, Avg: 1.9, Max: 2.0, Diff: 0.1, Sum: 7.6]
         [Processed Buffers: Min: 5, Avg: 6.0, Max: 9, Diff: 4, Sum: 24]
      [Scan RS (ms): Min: 0.0, Avg: 0.0, Max: 0.0, Diff: 0.0, Sum: 0.1]
      [Code Root Scanning (ms): Min: 0.0, Avg: 0.1, Max: 0.2, Diff: 0.2, Sum: 0.4]
      [Object Copy (ms): Min: 9.9, Avg: 10.4, Max: 10.8, Diff: 0.9, Sum: 41.7]
      [Termination (ms): Min: 0.0, Avg: 0.0, Max: 0.0, Diff: 0.0, Sum: 0.0]
         [Termination Attempts: Min: 1, Avg: 3.0, Max: 5, Diff: 4, Sum: 12]
      [GC Worker Other (ms): Min: 0.0, Avg: 0.0, Max: 0.0, Diff: 0.0, Sum: 0.1]
      [GC Worker Total (ms): Min: 13.4, Avg: 13.4, Max: 13.4, Diff: 0.0, Sum: 53.5]
      [GC Worker End (ms): Min: 54650.9, Avg: 54650.9, Max: 54650.9, Diff: 0.0]
   [Code Root Fixup: 0.1 ms]
   [Code Root Purge: 0.0 ms]
   [Clear CT: 0.1 ms]
   [Other: 2.1 ms]
      [Choose CSet: 0.0 ms]
      [Ref Proc: 1.7 ms]
      [Ref Enq: 0.0 ms]
      [Redirty Cards: 0.0 ms]
      [Humongous Register: 0.0 ms]
      [Humongous Reclaim: 0.0 ms]
      [Free CSet: 0.1 ms]
   [Eden: 140.0M(140.0M)->0.0B(139.0M) Survivors: 13.0M->14.0M Heap: 197.0M(256.0M)->58.0M(256.0M)]
 [Times: user=0.03 sys=0.00, real=0.01 secs] 
2018-08-21T10:56:16.769+0530: 55.397: [GC pause (G1 Evacuation Pause) (young), 0.0158234 secs]
   [Parallel Time: 14.2 ms, GC Workers: 4]
      [GC Worker Start (ms): Min: 55397.4, Avg: 55397.4, Max: 55397.4, Diff: 0.0]
      [Ext Root Scanning (ms): Min: 0.6, Avg: 1.0, Max: 1.6, Diff: 1.1, Sum: 3.8]
      [Update RS (ms): Min: 1.8, Avg: 1.9, Max: 2.1, Diff: 0.3, Sum: 7.8]
         [Processed Buffers: Min: 4, Avg: 6.0, Max: 8, Diff: 4, Sum: 24]
      [Scan RS (ms): Min: 0.0, Avg: 0.0, Max: 0.0, Diff: 0.0, Sum: 0.1]
      [Code Root Scanning (ms): Min: 0.0, Avg: 0.1, Max: 0.2, Diff: 0.2, Sum: 0.5]
      [Object Copy (ms): Min: 10.4, Avg: 11.1, Max: 11.5, Diff: 1.1, Sum: 44.3]
      [Termination (ms): Min: 0.0, Avg: 0.0, Max: 0.0, Diff: 0.0, Sum: 0.1]
         [Termination Attempts: Min: 1, Avg: 5.0, Max: 8, Diff: 7, Sum: 20]
      [GC Worker Other (ms): Min: 0.0, Avg: 0.0, Max: 0.0, Diff: 0.0, Sum: 0.0]
      [GC Worker Total (ms): Min: 14.1, Avg: 14.1, Max: 14.1, Diff: 0.0, Sum: 56.6]
      [GC Worker End (ms): Min: 55411.6, Avg: 55411.6, Max: 55411.6, Diff: 0.0]
   [Code Root Fixup: 0.1 ms]
   [Code Root Purge: 0.0 ms]
   [Clear CT: 0.1 ms]
   [Other: 1.5 ms]
      [Choose CSet: 0.0 ms]
      [Ref Proc: 1.1 ms]
      [Ref Enq: 0.1 ms]
      [Redirty Cards: 0.0 ms]
      [Humongous Register: 0.0 ms]
      [Humongous Reclaim: 0.0 ms]
      [Free CSet: 0.1 ms]
   [Eden: 139.0M(139.0M)->0.0B(138.0M) Survivors: 14.0M->15.0M Heap: 197.0M(256.0M)->59.0M(256.0M)]
 [Times: user=0.06 sys=0.00, real=0.01 secs] 
2018-08-21T10:56:16.816+0530: 55.447: [GC pause (Metadata GC Threshold) (young) (initial-mark), 0.0166473 secs]
   [Parallel Time: 14.7 ms, GC Workers: 4]
      [GC Worker Start (ms): Min: 55447.5, Avg: 55447.9, Max: 55448.8, Diff: 1.3]
      [Ext Root Scanning (ms): Min: 0.3, Avg: 1.2, Max: 2.3, Diff: 1.9, Sum: 5.0]
      [Update RS (ms): Min: 1.8, Avg: 1.9, Max: 2.0, Diff: 0.2, Sum: 7.8]
         [Processed Buffers: Min: 5, Avg: 6.3, Max: 8, Diff: 3, Sum: 25]
      [Scan RS (ms): Min: 0.0, Avg: 0.0, Max: 0.0, Diff: 0.0, Sum: 0.0]
      [Code Root Scanning (ms): Min: 0.0, Avg: 0.1, Max: 0.2, Diff: 0.2, Sum: 0.5]
      [Object Copy (ms): Min: 10.4, Avg: 11.0, Max: 11.3, Diff: 0.9, Sum: 44.0]
      [Termination (ms): Min: 0.0, Avg: 0.0, Max: 0.0, Diff: 0.0, Sum: 0.0]
         [Termination Attempts: Min: 1, Avg: 1.0, Max: 1, Diff: 0, Sum: 4]
      [GC Worker Other (ms): Min: 0.0, Avg: 0.0, Max: 0.0, Diff: 0.0, Sum: 0.1]
      [GC Worker Total (ms): Min: 13.4, Avg: 14.3, Max: 14.7, Diff: 1.3, Sum: 57.3]
      [GC Worker End (ms): Min: 55462.2, Avg: 55462.2, Max: 55462.2, Diff: 0.0]
   [Code Root Fixup: 0.1 ms]
   [Code Root Purge: 0.0 ms]
   [Clear CT: 0.0 ms]
   [Other: 1.8 ms]
      [Choose CSet: 0.0 ms]
      [Ref Proc: 1.4 ms]
      [Ref Enq: 0.0 ms]
      [Redirty Cards: 0.1 ms]
      [Humongous Register: 0.0 ms]
      [Humongous Reclaim: 0.0 ms]
      [Free CSet: 0.1 ms]
   [Eden: 6144.0K(138.0M)->0.0B(142.0M) Survivors: 15.0M->11.0M Heap: 64.5M(256.0M)->56.6M(256.0M)]
 [Times: user=0.06 sys=0.00, real=0.02 secs] 
2018-08-21T10:56:16.831+0530: 55.464: [GC concurrent-root-region-scan-start]
2018-08-21T10:56:16.863+0530: 55.482: [GC concurrent-root-region-scan-end, 0.0178640 secs]
2018-08-21T10:56:16.863+0530: 55.482: [GC concurrent-mark-start]
2018-08-21T10:56:16.941+0530: 55.569: [GC concurrent-mark-end, 0.0872013 secs]
2018-08-21T10:56:16.941+0530: 55.570: [GC remark 2018-08-21T10:56:16.941+0530: 55.570: [Finalize Marking, 0.0000886 secs] 2018-08-21T10:56:16.941+0530: 55.570: [GC ref-proc, 0.0006182 secs] 2018-08-21T10:56:16.941+0530: 55.570: [Unloading, 0.0101335 secs], 0.0112467 secs]
 [Times: user=0.06 sys=0.00, real=0.02 secs] 
2018-08-21T10:56:16.956+0530: 55.581: [GC cleanup 70M->68M(256M), 0.0004647 secs]
 [Times: user=0.00 sys=0.00, real=0.00 secs] 
2018-08-21T10:56:16.956+0530: 55.582: [GC concurrent-cleanup-start]
2018-08-21T10:56:16.956+0530: 55.582: [GC concurrent-cleanup-end, 0.0000182 secs]
2018-08-21T10:56:17.878+0530: 56.500: [GC pause (G1 Evacuation Pause) (young), 0.0222204 secs]
   [Parallel Time: 19.9 ms, GC Workers: 4]
      [GC Worker Start (ms): Min: 56499.6, Avg: 56502.5, Max: 56511.4, Diff: 11.7]
      [Ext Root Scanning (ms): Min: 0.0, Avg: 1.0, Max: 1.7, Diff: 1.7, Sum: 4.0]
      [Update RS (ms): Min: 0.0, Avg: 3.0, Max: 4.2, Diff: 4.2, Sum: 12.0]
         [Processed Buffers: Min: 0, Avg: 8.0, Max: 14, Diff: 14, Sum: 32]
      [Scan RS (ms): Min: 0.0, Avg: 0.0, Max: 0.1, Diff: 0.1, Sum: 0.1]
      [Code Root Scanning (ms): Min: 0.0, Avg: 0.1, Max: 0.3, Diff: 0.3, Sum: 0.5]
      [Object Copy (ms): Min: 8.0, Avg: 12.7, Max: 14.7, Diff: 6.6, Sum: 50.9]
      [Termination (ms): Min: 0.0, Avg: 0.0, Max: 0.0, Diff: 0.0, Sum: 0.0]
         [Termination Attempts: Min: 1, Avg: 10.0, Max: 19, Diff: 18, Sum: 40]
      [GC Worker Other (ms): Min: 0.0, Avg: 0.0, Max: 0.0, Diff: 0.0, Sum: 0.1]
      [GC Worker Total (ms): Min: 8.1, Avg: 16.9, Max: 19.8, Diff: 11.7, Sum: 67.6]
      [GC Worker End (ms): Min: 56519.4, Avg: 56519.4, Max: 56519.4, Diff: 0.0]
   [Code Root Fixup: 0.1 ms]
   [Code Root Purge: 0.0 ms]
   [Clear CT: 0.1 ms]
   [Other: 2.1 ms]
      [Choose CSet: 0.0 ms]
      [Ref Proc: 1.7 ms]
      [Ref Enq: 0.0 ms]
      [Redirty Cards: 0.0 ms]
      [Humongous Register: 0.0 ms]
      [Humongous Reclaim: 0.0 ms]
      [Free CSet: 0.1 ms]
   [Eden: 142.0M(142.0M)->0.0B(1024.0K) Survivors: 11.0M->13.0M Heap: 196.6M(256.0M)->56.6M(256.0M)]
 [Times: user=0.06 sys=0.00, real=0.02 secs] 
2018-08-21T10:56:17.894+0530: 56.527: [GC pause (G1 Evacuation Pause) (mixed), 0.0229744 secs]
   [Parallel Time: 21.9 ms, GC Workers: 4]
      [GC Worker Start (ms): Min: 56526.7, Avg: 56526.8, Max: 56527.0, Diff: 0.3]
      [Ext Root Scanning (ms): Min: 0.8, Avg: 5.1, Max: 14.7, Diff: 13.9, Sum: 20.2]
      [Update RS (ms): Min: 0.0, Avg: 1.2, Max: 1.9, Diff: 1.9, Sum: 4.7]
         [Processed Buffers: Min: 0, Avg: 4.0, Max: 9, Diff: 9, Sum: 16]
      [Scan RS (ms): Min: 0.0, Avg: 1.3, Max: 1.8, Diff: 1.8, Sum: 5.0]
      [Code Root Scanning (ms): Min: 0.0, Avg: 0.2, Max: 0.4, Diff: 0.4, Sum: 0.8]
      [Object Copy (ms): Min: 7.1, Avg: 14.0, Max: 16.9, Diff: 9.8, Sum: 56.2]
      [Termination (ms): Min: 0.0, Avg: 0.0, Max: 0.0, Diff: 0.0, Sum: 0.0]
         [Termination Attempts: Min: 1, Avg: 3.3, Max: 6, Diff: 5, Sum: 13]
      [GC Worker Other (ms): Min: 0.0, Avg: 0.0, Max: 0.0, Diff: 0.0, Sum: 0.1]
      [GC Worker Total (ms): Min: 21.6, Avg: 21.8, Max: 21.8, Diff: 0.3, Sum: 87.1]
      [GC Worker End (ms): Min: 56548.5, Avg: 56548.5, Max: 56548.5, Diff: 0.0]
   [Code Root Fixup: 0.2 ms]
   [Code Root Purge: 0.0 ms]
   [Clear CT: 0.0 ms]
   [Other: 0.9 ms]
      [Choose CSet: 0.0 ms]
      [Ref Proc: 0.6 ms]
      [Ref Enq: 0.0 ms]
      [Redirty Cards: 0.1 ms]
      [Humongous Register: 0.0 ms]
      [Humongous Reclaim: 0.0 ms]
      [Free CSet: 0.1 ms]
   [Eden: 1024.0K(1024.0K)->0.0B(151.0M) Survivors: 13.0M->2048.0K Heap: 57.6M(256.0M)->51.4M(256.0M)]
 [Times: user=0.13 sys=0.00, real=0.03 secs] 
2018-08-21T10:56:18.566+0530: 57.188: [GC pause (G1 Evacuation Pause) (young), 0.0144284 secs]
   [Parallel Time: 13.5 ms, GC Workers: 4]
      [GC Worker Start (ms): Min: 57188.5, Avg: 57188.6, Max: 57188.6, Diff: 0.0]
      [Ext Root Scanning (ms): Min: 0.8, Avg: 0.9, Max: 1.1, Diff: 0.3, Sum: 3.6]
      [Update RS (ms): Min: 11.0, Avg: 11.2, Max: 11.5, Diff: 0.4, Sum: 44.9]
         [Processed Buffers: Min: 22, Avg: 23.3, Max: 26, Diff: 4, Sum: 93]
      [Scan RS (ms): Min: 0.0, Avg: 0.0, Max: 0.1, Diff: 0.1, Sum: 0.1]
      [Code Root Scanning (ms): Min: 0.0, Avg: 0.0, Max: 0.0, Diff: 0.0, Sum: 0.0]
      [Object Copy (ms): Min: 1.1, Avg: 1.3, Max: 1.5, Diff: 0.4, Sum: 5.0]
      [Termination (ms): Min: 0.0, Avg: 0.0, Max: 0.0, Diff: 0.0, Sum: 0.0]
         [Termination Attempts: Min: 1, Avg: 1.0, Max: 1, Diff: 0, Sum: 4]
      [GC Worker Other (ms): Min: 0.0, Avg: 0.0, Max: 0.0, Diff: 0.0, Sum: 0.1]
      [GC Worker Total (ms): Min: 13.4, Avg: 13.4, Max: 13.4, Diff: 0.0, Sum: 53.7]
      [GC Worker End (ms): Min: 57202.0, Avg: 57202.0, Max: 57202.0, Diff: 0.0]
   [Code Root Fixup: 0.0 ms]
   [Code Root Purge: 0.0 ms]
   [Clear CT: 0.0 ms]
   [Other: 0.9 ms]
      [Choose CSet: 0.0 ms]
      [Ref Proc: 0.7 ms]
      [Ref Enq: 0.0 ms]
      [Redirty Cards: 0.0 ms]
      [Humongous Register: 0.0 ms]
      [Humongous Reclaim: 0.0 ms]
      [Free CSet: 0.1 ms]
   [Eden: 151.0M(151.0M)->0.0B(148.0M) Survivors: 2048.0K->5120.0K Heap: 202.4M(256.0M)->53.9M(256.0M)]
 [Times: user=0.06 sys=0.00, real=0.02 secs] 
2018-08-21T10:56:19.284+0530: 57.908: [GC pause (G1 Evacuation Pause) (young), 0.0072457 secs]
   [Parallel Time: 5.8 ms, GC Workers: 4]
      [GC Worker Start (ms): Min: 57908.1, Avg: 57909.3, Max: 57912.8, Diff: 4.8]
      [Ext Root Scanning (ms): Min: 0.0, Avg: 0.9, Max: 1.4, Diff: 1.4, Sum: 3.7]
      [Update RS (ms): Min: 0.0, Avg: 1.1, Max: 1.8, Diff: 1.8, Sum: 4.5]
         [Processed Buffers: Min: 0, Avg: 4.0, Max: 8, Diff: 8, Sum: 16]
      [Scan RS (ms): Min: 0.0, Avg: 0.0, Max: 0.1, Diff: 0.1, Sum: 0.1]
      [Code Root Scanning (ms): Min: 0.0, Avg: 0.0, Max: 0.0, Diff: 0.0, Sum: 0.0]
      [Object Copy (ms): Min: 1.0, Avg: 2.5, Max: 3.4, Diff: 2.5, Sum: 10.0]
      [Termination (ms): Min: 0.0, Avg: 0.0, Max: 0.0, Diff: 0.0, Sum: 0.0]
         [Termination Attempts: Min: 1, Avg: 1.8, Max: 3, Diff: 2, Sum: 7]
      [GC Worker Other (ms): Min: 0.0, Avg: 0.0, Max: 0.0, Diff: 0.0, Sum: 0.1]
      [GC Worker Total (ms): Min: 1.0, Avg: 4.6, Max: 5.8, Diff: 4.8, Sum: 18.3]
      [GC Worker End (ms): Min: 57913.8, Avg: 57913.8, Max: 57913.8, Diff: 0.0]
   [Code Root Fixup: 0.0 ms]
   [Code Root Purge: 0.0 ms]
   [Clear CT: 0.0 ms]
   [Other: 1.4 ms]
      [Choose CSet: 0.0 ms]
      [Ref Proc: 1.1 ms]
      [Ref Enq: 0.0 ms]
      [Redirty Cards: 0.0 ms]
      [Humongous Register: 0.0 ms]
      [Humongous Reclaim: 0.0 ms]
      [Free CSet: 0.1 ms]
   [Eden: 148.0M(148.0M)->0.0B(146.0M) Survivors: 5120.0K->7168.0K Heap: 201.9M(256.0M)->56.4M(256.0M)]
 [Times: user=0.00 sys=0.00, real=0.00 secs] 
2018-08-21T10:56:20.003+0530: 58.636: [GC pause (G1 Evacuation Pause) (young), 0.0085235 secs]
   [Parallel Time: 5.3 ms, GC Workers: 4]
      [GC Worker Start (ms): Min: 58635.6, Avg: 58635.8, Max: 58636.4, Diff: 0.7]
      [Ext Root Scanning (ms): Min: 0.5, Avg: 1.1, Max: 1.4, Diff: 0.9, Sum: 4.3]
      [Update RS (ms): Min: 1.0, Avg: 1.2, Max: 1.5, Diff: 0.5, Sum: 4.7]
         [Processed Buffers: Min: 3, Avg: 4.8, Max: 9, Diff: 6, Sum: 19]
      [Scan RS (ms): Min: 0.0, Avg: 0.0, Max: 0.0, Diff: 0.0, Sum: 0.1]
      [Code Root Scanning (ms): Min: 0.0, Avg: 0.0, Max: 0.1, Diff: 0.1, Sum: 0.1]
      [Object Copy (ms): Min: 2.6, Avg: 2.8, Max: 3.0, Diff: 0.4, Sum: 11.4]
      [Termination (ms): Min: 0.0, Avg: 0.0, Max: 0.0, Diff: 0.0, Sum: 0.0]
         [Termination Attempts: Min: 1, Avg: 1.3, Max: 2, Diff: 1, Sum: 5]
      [GC Worker Other (ms): Min: 0.0, Avg: 0.0, Max: 0.0, Diff: 0.0, Sum: 0.1]
      [GC Worker Total (ms): Min: 4.6, Avg: 5.1, Max: 5.3, Diff: 0.7, Sum: 20.5]
      [GC Worker End (ms): Min: 58641.0, Avg: 58641.0, Max: 58641.0, Diff: 0.0]
   [Code Root Fixup: 0.0 ms]
   [Code Root Purge: 0.0 ms]
   [Clear CT: 0.1 ms]
   [Other: 3.1 ms]
      [Choose CSet: 0.0 ms]
      [Ref Proc: 2.8 ms]
      [Ref Enq: 0.0 ms]
      [Redirty Cards: 0.0 ms]
      [Humongous Register: 0.0 ms]
      [Humongous Reclaim: 0.0 ms]
      [Free CSet: 0.1 ms]
   [Eden: 146.0M(146.0M)->0.0B(146.0M) Survivors: 7168.0K->7168.0K Heap: 202.4M(256.0M)->56.4M(256.0M)]
 [Times: user=0.06 sys=0.00, real=0.02 secs] 
Heap
 garbage-first heap   total 262144K, used 108938K [0x0000000083000000, 0x0000000083100800, 0x0000000100000000)
  region size 1024K, 58 young (59392K), 7 survivors (7168K)
 Metaspace       used 58283K, capacity 58794K, committed 59160K, reserved 1101824K
  class space    used 7504K, capacity 7641K, committed 7756K, reserved 1048576K
